C51 COMPILER V9.01   SCUFUNC                                                               11/23/2016 11:58:14 PAGE 1   


C51 COMPILER V9.01, COMPILATION OF MODULE SCUFUNC
OBJECT MODULE PLACED IN .\ObjFile\ScuFunc.obj
COMPILER INVOKED BY: C:\Keil\C51\BIN\C51.EXE SrcFile\Func\ScuFunc.c LARGE BROWSE INCDIR(.\SrcFile\StartUp\CPU;.\SrcFile\
                    -Frame\Inc;.\SrcFile\Func\Inc;.\SrcFile\Lib;.\SrcFile\App\Inc) DEFINE(_DEV_BOARD_,_FPGA_DEMO_EN_) DEBUG OBJECTEXTEND PRIN
                    -T(.\LstFile\ScuFunc.lst) OBJECT(.\ObjFile\ScuFunc.obj)

line level    source

   1          /********************************************************************
   2                                    Nationz Co.,Ltd
   3                  Copyright (c) 2009£­2015 All Rights Reserved
   4           ********************************************************************
   5          File: ScuFunc.c
   6          History£º
   7          Version                      Author                     Date
   8          V0.1                         nationz              2013-03-27
   9          
  10          Description:
  11               ScuFunc Source Code File;
  12          Function list:
  13               NULL        
  14          Special statement:
  15               NULL
  16           *******************************************************************/
  17          #define _SCUFUNC_C_
  18          #include "SCUFUNC.H"
  19          


MODULE INFORMATION:   STATIC OVERLAYABLE
   CODE SIZE        =   ----    ----
   CONSTANT SIZE    =   ----    ----
   XDATA SIZE       =   ----    ----
   PDATA SIZE       =   ----    ----
   DATA SIZE        =   ----    ----
   IDATA SIZE       =   ----    ----
   BIT SIZE         =   ----    ----
END OF MODULE INFORMATION.


C51 COMPILATION COMPLETE.  0 WARNING(S),  0 ERROR(S)
