C51 COMPILER V9.00   TIMERFRAME                                                            03/23/2015 18:54:11 PAGE 1   


C51 COMPILER V9.00, COMPILATION OF MODULE TIMERFRAME
OBJECT MODULE PLACED IN .\ObjFile\TimerFrame.obj
COMPILER INVOKED BY: H:\Keil\C51\BIN\C51.EXE SrcFile\Frame\TimerFrame.c LARGE BROWSE INCDIR(.\SrcFile\StartUp\CPU;.\SrcF
                    -ile\Frame\Inc;.\SrcFile\Func\Inc;.\SrcFile\Lib;.\SrcFile\App\Inc) DEFINE(_DEV_BOARD_) DEBUG OBJECTEXTEND PRINT(.\LstFile
                    -\TimerFrame.lst) OBJECT(.\ObjFile\TimerFrame.obj)

line level    source

   1          #define _TIMERFRAME_C_
   2          #include "TIMERFRAME.H"
   3          #include "SCUFUNC.H"
   4          #include "DEBUG.H"
   5          
   6          
   7          
   8          void vTimerVerify(void)
   9          {
  10   1          vScu_Timer1ClkEn();
  11   1              DebugPrintf("Call Function:vTimerVerify() in File:(%s),Line:%d,\r\n", __FILE__,(UINT16)__LINE__);
  12   1              switch(CMD_INS)
  13   1              {               
  14   2                        case 0x02:    //07 02 00 00 00 
  15   2                            
  16   2                                vTimer1Start(CMD_P1,0x01,(UINT16)CMD_P2,CMD_P3);         
  17   2                    IOMP0DOUT^=(0x08);
  18   2                                  
  19   2                    break;
  20   2                        case 0x03:    //07 03 xx xx xx 
  21   2                            
  22   2                                vTimer2Start(CMD_P1,0x01,(UINT16)CMD_P2,CMD_P3<<4);             
  23   2                    IOMP0DOUT^=(0x10);
  24   2                                  
  25   2                    break;
  26   2                        case 0x04:    //07 04 xx xx xx 
  27   2                            
  28   2                                vTimer1Start(TIMER1,TIMER_MODE0,(UINT16)CMD_P2,CMD_P3); 
  29   2                            IOMP0DOUT^=(0x08);
  30   2                                
  31   2                                  
  32   2                    break;
  33   2                        case 0x05:    //07 05 xx xx xx    
  34   2                                
  35   2                                vTimer2Start(TIMER3,TIMER_MODE0,(UINT16)CMD_P2,CMD_P3<<4);             
  36   2                    IOMP0DOUT^=(0x10);
  37   2                                  
  38   2                    break;
  39   2                        case 0x06:    //07 06 xx xx xx    
  40   2                                
  41   2                                vTimer1Start(1,TIMER_MODE2,0x8000,CMD_P3); 
  42   2                                IOMP0DOUT^=(0x08);
  43   2      
  44   2                                
  45   2                                  
  46   2                    break;
  47   2                        case 0x07:    //07 07 xx xx xx    
  48   2                                
  49   2                                vTimer2Start(TIMER3,TIMER_MODE2,0x8000,CMD_P3<<4); 
  50   2                                IOMP0DOUT^=(0x10);
  51   2                               // while(1);
  52   2                                
  53   2                                  
C51 COMPILER V9.00   TIMERFRAME                                                            03/23/2015 18:54:11 PAGE 2   

  54   2                    break;
  55   2      
  56   2                       default:
  57   2                            //vTimer1Start(1,TIMER_MODE2,0xFFFF,CMD_P3); 
  58   2                                //IOMP0DOUT^=(0x08);
  59   2                            
  60   2                                //vTimer2Start(TIMER3,TIMER_MODE2,0x8000,CMD_P3<<4); 
  61   2                                //IOMP0DOUT^=(0x10);
  62   2                            break;
  63   2              }
  64   1              //DebugPrintf("************Excute CMD_INS:%02bx Over************\r\n",CMD_INS);
  65   1      }


MODULE INFORMATION:   STATIC OVERLAYABLE
   CODE SIZE        =    194    ----
   CONSTANT SIZE    =     80    ----
   XDATA SIZE       =      2    ----
   PDATA SIZE       =   ----    ----
   DATA SIZE        =   ----    ----
   IDATA SIZE       =   ----    ----
   BIT SIZE         =   ----    ----
END OF MODULE INFORMATION.


C51 COMPILATION COMPLETE.  0 WARNING(S),  0 ERROR(S)
