BL51 BANKED LINKER/LOCATER V6.22                                                        02/03/2015  17:48:48  PAGE 1


BL51 BANKED LINKER/LOCATER V6.22, INVOKED BY:
D:\KEIL C51\C51\BIN\BL51.EXE .\ObjFile\Z8_STARTUP.obj, .\ObjFile\Main.obj, .\ObjFile\HardApiAsm.obj, .\ObjFile\IomFunc.o
>> bj, .\ObjFile\TbcFunc.obj, .\ObjFile\OtpFunc.obj, .\ObjFile\LcdFunc.obj, .\ObjFile\WdtFunc.obj, .\ObjFile\RngFunc.obj
>> , .\ObjFile\AdcFunc.obj, .\ObjFile\Sm3Func.obj, .\ObjFile\SecFunc.obj, .\ObjFile\ScuFunc.obj, .\ObjFile\UartFunc.obj,
>>  .\ObjFile\TimerFunc.obj, .\ObjFile\IsrFrame.obj, .\ObjFile\ScuFrame.obj, .\ObjFile\OtpFrame.obj, .\ObjFile\TbcFrame.
>> obj, .\ObjFile\LcdFrame.obj, .\ObjFile\WdtFrame.obj, .\ObjFile\RngFrame.obj, .\ObjFile\AdcFrame.obj, .\ObjFile\IomFra
>> me.obj, .\ObjFile\UartFrame.obj, .\ObjFile\TimerFrame.obj, .\ObjFile\Sm3Frame.obj, .\ObjFile\TokenApp.obj, .\ObjFile\
>> EwatchApp.obj, .\ObjFile\PUTCHAR.obj, .\ObjFile\CmdProc.obj, .\ObjFile\Debug.obj, .\ObjFile\Crc.obj TO .\ObjFile\Z8D1
>> 6R-2 PRINT (.\LstFile\Z8D16R-2.m51) RAMSIZE (256) DISABLEWARNING (16) CODE (0X0000-0XBFFF) XDATA (0X0000-0X0BFF)


MEMORY MODEL: LARGE WITH FLOATING POINT ARITHMETIC


INPUT MODULES INCLUDED:
  .\ObjFile\Z8_STARTUP.obj (?C_STARTUP)
  .\ObjFile\Main.obj (MAIN)
  .\ObjFile\HardApiAsm.obj (HARDAPIASM)
  .\ObjFile\IomFunc.obj (IOMFUNC)
  .\ObjFile\TbcFunc.obj (TBCFUNC)
  .\ObjFile\OtpFunc.obj (OTPFUNC)
  .\ObjFile\LcdFunc.obj (LCDFUNC)
  .\ObjFile\WdtFunc.obj (WDTFUNC)
  .\ObjFile\RngFunc.obj (RNGFUNC)
  .\ObjFile\AdcFunc.obj (ADCFUNC)
  .\ObjFile\Sm3Func.obj (SM3FUNC)
  .\ObjFile\SecFunc.obj (SECFUNC)
  .\ObjFile\ScuFunc.obj (SCUFUNC)
  .\ObjFile\UartFunc.obj (UARTFUNC)
  .\ObjFile\TimerFunc.obj (TIMERFUNC)
  .\ObjFile\IsrFrame.obj (ISRFRAME)
  .\ObjFile\ScuFrame.obj (SCUFRAME)
  .\ObjFile\OtpFrame.obj (OTPFRAME)
  .\ObjFile\TbcFrame.obj (TBCFRAME)
  .\ObjFile\LcdFrame.obj (LCDFRAME)
  .\ObjFile\WdtFrame.obj (WDTFRAME)
  .\ObjFile\RngFrame.obj (RNGFRAME)
  .\ObjFile\AdcFrame.obj (ADCFRAME)
  .\ObjFile\IomFrame.obj (IOMFRAME)
  .\ObjFile\UartFrame.obj (UARTFRAME)
  .\ObjFile\TimerFrame.obj (TIMERFRAME)
  .\ObjFile\Sm3Frame.obj (SM3FRAME)
  .\ObjFile\TokenApp.obj (TOKENAPP)
  .\ObjFile\EwatchApp.obj (EWATCHAPP)
  .\ObjFile\PUTCHAR.obj (PUTCHAR)
  .\ObjFile\CmdProc.obj (CMDPROC)
  .\ObjFile\Debug.obj (DEBUG)
  .\ObjFile\Crc.obj (CRC)
  D:\KEIL C51\C51\LIB\C51FPL.LIB (?C?FPADD)
  D:\KEIL C51\C51\LIB\C51FPL.LIB (?C?FPMUL)
  D:\KEIL C51\C51\LIB\C51FPL.LIB (?C?FPDIV)
  D:\KEIL C51\C51\LIB\C51FPL.LIB (?C?FCAST)
  D:\KEIL C51\C51\LIB\C51FPL.LIB (PRINTF)
  D:\KEIL C51\C51\LIB\C51FPL.LIB (?C?FPGETOPN)
  D:\KEIL C51\C51\LIB\C51FPL.LIB (?C?FPROUND)
  D:\KEIL C51\C51\LIB\C51FPL.LIB (?C?FPCONVERT)
  D:\KEIL C51\C51\LIB\C51FPL.LIB (?C?FTNPWR)
  D:\KEIL C51\C51\LIB\C51L.LIB (?C_INIT)
BL51 BANKED LINKER/LOCATER V6.22                                                      02/03/2015  17:48:48  PAGE 2


  D:\KEIL C51\C51\LIB\C51L.LIB (?C?COPY)
  D:\KEIL C51\C51\LIB\C51L.LIB (?C?CLDPTR)
  D:\KEIL C51\C51\LIB\C51L.LIB (?C?CLDOPTR)
  D:\KEIL C51\C51\LIB\C51L.LIB (?C?CSTPTR)
  D:\KEIL C51\C51\LIB\C51L.LIB (?C?IILDX)
  D:\KEIL C51\C51\LIB\C51L.LIB (?C?ILDIX)
  D:\KEIL C51\C51\LIB\C51L.LIB (?C?ULDIV)
  D:\KEIL C51\C51\LIB\C51L.LIB (?C?LNEG)
  D:\KEIL C51\C51\LIB\C51L.LIB (?C?LSHL)
  D:\KEIL C51\C51\LIB\C51L.LIB (?C?LLDIDATA0)
  D:\KEIL C51\C51\LIB\C51L.LIB (?C?LSTIDATA)
  D:\KEIL C51\C51\LIB\C51L.LIB (?C?LSTXDATA)
  D:\KEIL C51\C51\LIB\C51L.LIB (?C?PLDIXDATA)
  D:\KEIL C51\C51\LIB\C51L.LIB (?C?PSTXDATA)
  D:\KEIL C51\C51\LIB\C51L.LIB (?C?CCASE)
  D:\KEIL C51\C51\LIB\C51L.LIB (?C?ICALL)
  D:\KEIL C51\C51\LIB\C51L.LIB (STRNCMP)
  D:\KEIL C51\C51\LIB\C51L.LIB (?C?MEMCMP)
  D:\KEIL C51\C51\LIB\C51L.LIB (?C?MEMSET)


LINK MAP OF MODULE:  .\ObjFile\Z8D16R-2 (?C_STARTUP)


            TYPE    BASE      LENGTH    RELOCATION   SEGMENT NAME
            -----------------------------------------------------

            * * * * * * *   D A T A   M E M O R Y   * * * * * * *
            REG     0000H     0008H     ABSOLUTE     "REG BANK 0"
            DATA    0008H     000AH     UNIT         _DATA_GROUP_
            IDATA   0012H     0001H     UNIT         ?ID?MAIN
                    0013H     000DH                  *** GAP ***
            DATA    0020H     000AH     ABSOLUTE     
            BIT     002AH.0   0002H.2   UNIT         _BIT_GROUP_
                    002CH.2   0003H.6                *** GAP ***
            IDATA   0030H     0001H     ABSOLUTE     
            IDATA   0031H     0001H     ABSOLUTE     
            IDATA   0032H     0004H     ABSOLUTE     
            IDATA   0036H     0004H     ABSOLUTE     
            IDATA   003AH     0004H     ABSOLUTE     
            IDATA   003EH     0001H     ABSOLUTE     
            IDATA   003FH     0001H     ABSOLUTE     
            IDATA   0040H     0020H     ABSOLUTE     
            IDATA   0060H     0008H     ABSOLUTE     
            IDATA   0068H     0010H     ABSOLUTE     
            IDATA   0078H     0001H     UNIT         ?STACK

            * * * * * * *  X D A T A   M E M O R Y  * * * * * * *
            XDATA   0000H     0074H     UNIT         _XDATA_GROUP_
            XDATA   0074H     0042H     UNIT         ?XD?UARTFRAME
            XDATA   00B6H     0026H     UNIT         ?XD?TOKENAPP
            XDATA   00DCH     0013H     UNIT         ?XD?EWATCHAPP
            XDATA   00EFH     0006H     UNIT         ?XD?VSEC_TMPDETECT?SECFUNC
            XDATA   00F5H     0006H     UNIT         ?XD?IOMFRAME
            XDATA   00FBH     0005H     UNIT         ?XD?_VOTPREAD_CHIPSN?OTPFUNC
            XDATA   0100H     0004H     UNIT         ?XD?_FCALFREQDRIFT?TBCFUNC
            XDATA   0104H     0004H     UNIT         ?XD?SCUFRAME
BL51 BANKED LINKER/LOCATER V6.22                                                      02/03/2015  17:48:48  PAGE 3


            XDATA   0108H     0004H     UNIT         ?XD?TBCFRAME
            XDATA   010CH     0004H     UNIT         ?XD?VOTP_EWATCH?EWATCHAPP
            XDATA   0110H     0003H     UNIT         ?XD?VLCD_SET_ALL?LCDFUNC
            XDATA   0113H     0003H     UNIT         ?XD?_VUARTSENDDATA?UARTFUNC
            XDATA   0116H     0002H     UNIT         ?XD?TIMERFRAME
            XDATA   0118H     0001H     UNIT         ?XD?ISRFRAME
            XDATA   0119H     0001H     UNIT         ?XD?LCDFRAME
            XDATA   011AH     0001H     UNIT         ?XD?WDTFRAME
            XDATA   011BH     0001H     UNIT         ?XD?RNGFRAME
            XDATA   011CH     0001H     UNIT         ?XD?VKEYBOARDTEST?IOMFRAME
                    011DH     0663H                  *** GAP ***
            XDATA   0780H     0400H     ABSOLUTE     
            XDATA   0B80H     0020H     ABSOLUTE     
            XDATA   0BA0H     0040H     ABSOLUTE     

            * * * * * * *   C O D E   M E M O R Y   * * * * * * *
            CODE    0000H     0003H     ABSOLUTE     
            CODE    0003H     0003H     ABSOLUTE     
            CODE    0006H     0003H     UNIT         ?PR?_PUTCHAR?PUTCHAR
                    0009H     0002H                  *** GAP ***
            CODE    000BH     0003H     ABSOLUTE     
                    000EH     0005H                  *** GAP ***
            CODE    0013H     0003H     ABSOLUTE     
                    0016H     0005H                  *** GAP ***
            CODE    001BH     0003H     ABSOLUTE     
                    001EH     0005H                  *** GAP ***
            CODE    0023H     0003H     ABSOLUTE     
            CODE    0026H     0E51H     UNIT         ?PR?VTBCVERIFY?TBCFRAME
            CODE    0E77H     0D9FH     UNIT         ?PR?VTIMERVERIFY?TIMERFRAME
            CODE    1C16H     0D4EH     UNIT         ?PR?VBITRAMAREATEST?SCUFRAME
            CODE    2964H     09D3H     UNIT         ?PR?VSCUVERIFY?SCUFRAME
            CODE    3337H     0988H     UNIT         ?C?LIB_CODE
            CODE    3CBFH     0598H     UNIT         ?PR?VIOMVERIFY?IOMFRAME
            CODE    4257H     04FAH     UNIT         ?PR?VTOKEN_RUNMODE?TOKENAPP
            CODE    4751H     0483H     UNIT         ?PR?PRINTF?PRINTF
            CODE    4BD4H     039EH     UNIT         ?PR?VTOKEN_INPUTPIN?TOKENAPP
            CODE    4F72H     0399H     UNIT         ?PR?VTOKEN_UNLOCKPIN?TOKENAPP
            CODE    530BH     0385H     UNIT         ?PR?VTOKEN_SETPIN?TOKENAPP
            CODE    5690H     0364H     UNIT         ?CO?SCUFRAME
            CODE    59F4H     0312H     UNIT         ?PR?VTOKEN_ACTIVE?TOKENAPP
            CODE    5D06H     02EAH     UNIT         ?PR?VOTP_EWATCH?EWATCHAPP
            CODE    5FF0H     02C6H     UNIT         ?PR?VOTPVERIFY?OTPFRAME
            CODE    62B6H     0244H     UNIT         ?PR?VADCVERIFY?ADCFRAME
            CODE    64FAH     020BH     UNIT         ?PR?VTIMER_DISP?EWATCHAPP
            CODE    6705H     01F9H     UNIT         ?CO?TBCFRAME
            CODE    68FEH     01BEH     UNIT         ?CO?IOMFRAME
            CODE    6ABCH     019BH     UNIT         ?PR?VTOKEN_SEEDIMPORT?TOKENAPP
            CODE    6C57H     0154H     UNIT         ?CO?TIMERFRAME
            CODE    6DABH     014CH     UNIT         ?PR?UCGETKEYVALUE?IOMFRAME
            CODE    6EF7H     0144H     UNIT         ?PR?VSM3HASH?SM3FUNC
            CODE    703BH     0144H     UNIT         ?PR?_DYNPASSWORD_SM3?TOKENAPP
            CODE    717FH     0132H     UNIT         ?PR?VWDTVERIFY?WDTFRAME
            CODE    72B1H     0114H     UNIT         ?CO?ADCFRAME
            CODE    73C5H     00F0H     UNIT         ?PR?_MESSAGEEXPAND?TOKENAPP
            CODE    74B5H     00EDH     UNIT         ?CO?OTPFRAME
            CODE    75A2H     00E2H     UNIT         ?PR?VCMDHANDLE?CMDPROC
            CODE    7684H     00D4H     UNIT         ?PR?VLCDVERIFY?LCDFRAME
BL51 BANKED LINKER/LOCATER V6.22                                                      02/03/2015  17:48:48  PAGE 4


            CODE    7758H     00C6H     UNIT         ?CO?WDTFRAME
            CODE    781EH     00C3H     UNIT         ?PR?VTOKENAPP?TOKENAPP
            CODE    78E1H     00B6H     UNIT         ?PR?_VDELAY?DEBUG
            CODE    7997H     00B1H     UNIT         ?C_C51STARTUP
            CODE    7A48H     00ABH     UNIT         ?PR?VRNGVERIFY?RNGFRAME
            CODE    7AF3H     00AAH     UNIT         ?CO?LCDFRAME
            CODE    7B9DH     00A8H     UNIT         ?PR?VEX1_ISR?ISRFRAME
            CODE    7C45H     0096H     UNIT         ?PR?VPOWERONCHECK?MAIN
            CODE    7CDBH     0096H     UNIT         ?PR?_VLCD_STRING_DISPLAY?LCDFUNC
            CODE    7D71H     0093H     UNIT         ?PR?VSI_ISR?ISRFRAME
            CODE    7E04H     008FH     UNIT         ?PR?_VIOM_GPIOCONFIG?IOMFUNC
            CODE    7E93H     0088H     UNIT         ?PR?_U16CRCCOMPUTE?CRC
            CODE    7F1BH     0087H     UNIT         ?PR?_STRNCMP?STRNCMP
            CODE    7FA2H     007EH     UNIT         ?PR?VSEC_TMPDETECT?SECFUNC
            CODE    8020H     007BH     UNIT         ?CO?MAIN
            CODE    809BH     0077H     UNIT         ?PR?_VLCD_FLAG_DISPLAY?LCDFUNC
            CODE    8112H     0077H     UNIT         ?PR?_VLCD_FLAG_DISPLAY_FORISR?LCDFUNC
            CODE    8189H     0077H     UNIT         ?PR?VTF1_ISR?ISRFRAME
            CODE    8200H     0075H     UNIT         ?PR?VTF0_ISR?ISRFRAME
            CODE    8275H     0073H     UNIT         ?PR?VEX0_ISR?ISRFRAME
            CODE    82E8H     0071H     UNIT         ?CO?LCDFUNC
            CODE    8359H     006EH     UNIT         ?PR?_VTIMER2START?TIMERFUNC
            CODE    83C7H     006DH     UNIT         ?PR?VFLAG1S_DISPCLR?TOKENAPP
            CODE    8434H     006CH     UNIT         ?PR?_VTIMER1START?TIMERFUNC
            CODE    84A0H     006AH     UNIT         ?CO?TOKENAPP
            CODE    850AH     0069H     UNIT         ?CO?CMDPROC
            CODE    8573H     0068H     UNIT         ?PR?MAIN?MAIN
            CODE    85DBH     0065H     UNIT         ?PR?_VIOM_SETGPIOVAL?IOMFUNC
            CODE    8640H     005EH     UNIT         ?PR?VSYSINIT?MAIN
            CODE    869EH     005EH     UNIT         ?PR?_UCSYSCLKCHANGE?DEBUG
            CODE    86FCH     005DH     UNIT         ?PR?_VUARTSENDDATA?UARTFUNC
            CODE    8759H     005BH     UNIT         ?PR?ULGETTBCCOUNTVLAUE?TBCFUNC
            CODE    87B4H     005AH     UNIT         ?PR?_VLCD_BCD_DISPLAY?LCDFUNC
            CODE    880EH     0055H     UNIT         ?PR?_VOTPREAD?OTPFUNC
            CODE    8863H     0055H     UNIT         ?PR?_VTIMERCLKSEL?TIMERFUNC
            CODE    88B8H     0054H     UNIT         ?PR?_FCALFREQDRIFT?TBCFUNC
            CODE    890CH     0048H     UNIT         ?PR?_VOTPREAD_CHIPSN?OTPFUNC
            CODE    8954H     003DH     UNIT         ?C_INITSEG
            CODE    8991H     0038H     UNIT         ?PR?_VRNGDATA?RNGFUNC
            CODE    89C9H     0035H     UNIT         ?PR?_VTIMER_COUNTER_DISP?LCDFRAME
            CODE    89FEH     0035H     UNIT         ?PR?_VFLOAT_DISP?LCDFRAME
            CODE    8A33H     0034H     UNIT         ?PR?_UIOM_GETGPIOVAL?IOMFUNC
            CODE    8A67H     0030H     UNIT         ?PR?_VTBC_ADJ?TBCFUNC
            CODE    8A97H     0030H     UNIT         ?PR?_VLCD_BCD_CLEAR?LCDFUNC
            CODE    8AC7H     0030H     UNIT         ?PR?UIADC_GETDATA?ADCFUNC
            CODE    8AF7H     0030H     UNIT         ?PR?VTOKEN_INVALID?TOKENAPP
            CODE    8B27H     002EH     UNIT         ?PR?VLCD_SET_ALL?LCDFUNC
            CODE    8B55H     002DH     UNIT         ?PR?VLCD_CLEAR_ALL?LCDFUNC
            CODE    8B82H     002DH     UNIT         ?PR?VLCD_STRING_CLEAR?LCDFUNC
            CODE    8BAFH     002DH     UNIT         ?PR?_VUARTRECVDATA?UARTFUNC
            CODE    8BDCH     002BH     UNIT         ?CO?ISRFRAME
            CODE    8C07H     0029H     UNIT         ?CO?RNGFRAME
            CODE    8C30H     0027H     UNIT         ?PR?_VLCD_BCD_SHIFT?LCDFUNC
            CODE    8C57H     0025H     UNIT         ?PR?VUTC_TO_GTM8?EWATCHAPP
            CODE    8C7CH     0021H     UNIT         ?PR?_HARDAPIASM
            CODE    8C9DH     0021H     UNIT         ?PR?_VLCD_POINT_DISPLAY?LCDFUNC
            CODE    8CBEH     0021H     UNIT         ?PR?_VRNGSTARTINIT?RNGFUNC
BL51 BANKED LINKER/LOCATER V6.22                                                      02/03/2015  17:48:48  PAGE 5


            CODE    8CDFH     0020H     UNIT         ?PR?_VSEC_LIGHTDETECTEN?SECFUNC
            CODE    8CFFH     001FH     UNIT         ?PR?VSEC_FREQEXCEPDETECTEN?SECFUNC
            CODE    8D1EH     001EH     UNIT         ?PR?VKEYBOARDTEST?IOMFRAME
            CODE    8D3CH     001CH     UNIT         ?PR?_VLCDINIT?LCDFUNC
            CODE    8D58H     001AH     UNIT         ?PR?VKEBOARDINIT?IOMFRAME
            CODE    8D72H     0019H     UNIT         ?PR?_VDELAY200US?ADCFUNC
            CODE    8D8BH     0019H     UNIT         ?PR?_VADCINIT?ADCFUNC
            CODE    8DA4H     0019H     UNIT         ?PR?VCMDERR?CMDPROC
            CODE    8DBDH     0014H     UNIT         ?PR?UCUARTGETBYTE?UARTFUNC
            CODE    8DD1H     0014H     UNIT         ?PR?_VUARTPUTBYTE?UARTFUNC
            CODE    8DE5H     0014H     UNIT         ?PR?_UCENDIANCHANGE?CRC
            CODE    8DF9H     0013H     UNIT         ?PR?UCGETRNGBYTE?RNGFUNC
            CODE    8E0CH     0010H     UNIT         ?PR?VUARTINIT?UARTFUNC
            CODE    8E1CH     000FH     UNIT         ?PR?VLCD_FLAG_CLEAR?LCDFUNC
            CODE    8E2BH     000FH     UNIT         ?PR?VCLRWDTCOUNTER?WDTFUNC
            CODE    8E3AH     000EH     UNIT         ?PR?VTBCINIT?TBCFUNC
            CODE    8E48H     000DH     UNIT         ?PR?_VDELAY1MS?LCDFUNC
            CODE    8E55H     000DH     UNIT         ?PR?VADCCLOSE?ADCFUNC
            CODE    8E62H     000CH     UNIT         ?PR?_VWDTINIT?WDTFUNC
            CODE    8E6EH     000AH     UNIT         ?PR?VSECINTPROCESS?SECFUNC
            CODE    8E78H     0008H     UNIT         ?PR?_UCOTPBYTEREAD?OTPFUNC
            CODE    8E80H     0007H     UNIT         ?PR?VRNGCLOSE?RNGFUNC
            CODE    8E87H     0006H     UNIT         ?CO?EWATCHAPP



OVERLAY MAP OF MODULE:   .\ObjFile\Z8D16R-2 (?C_STARTUP)


SEGMENT                                          BIT_GROUP          DATA_GROUP          XDATA_GROUP
  +--> CALLED SEGMENT                         START    LENGTH     START    LENGTH     START    LENGTH
-----------------------------------------------------------------------------------------------------
?C_C51STARTUP                                 -----    -----      -----    -----      -----    -----
  +--> ?PR?MAIN?MAIN
  +--> ?C_INITSEG

?PR?MAIN?MAIN                                 -----    -----      -----    -----      0000H    0001H
  +--> ?PR?VSYSINIT?MAIN
  +--> ?CO?MAIN
  +--> ?PR?PRINTF?PRINTF
  +--> ?PR?VKEBOARDINIT?IOMFRAME
  +--> ?PR?UCGETKEYVALUE?IOMFRAME
  +--> ?PR?VTOKENAPP?TOKENAPP
  +--> ?PR?VCMDHANDLE?CMDPROC

?PR?VSYSINIT?MAIN                             -----    -----      -----    -----      -----    -----
  +--> ?PR?VUARTINIT?UARTFUNC
  +--> ?PR?_VIOM_GPIOCONFIG?IOMFUNC
  +--> ?PR?_VLCDINIT?LCDFUNC
  +--> ?PR?VLCD_FLAG_CLEAR?LCDFUNC
  +--> ?PR?VLCD_STRING_CLEAR?LCDFUNC
  +--> ?PR?_VLCD_FLAG_DISPLAY?LCDFUNC
  +--> ?CO?MAIN
  +--> ?PR?_VLCD_STRING_DISPLAY?LCDFUNC

?PR?_VLCDINIT?LCDFUNC                         -----    -----      -----    -----      -----    -----
  +--> ?PR?_VDELAY1MS?LCDFUNC
BL51 BANKED LINKER/LOCATER V6.22                                                      02/03/2015  17:48:48  PAGE 6



?PR?VLCD_FLAG_CLEAR?LCDFUNC                   -----    -----      -----    -----      -----    -----
  +--> ?PR?_VLCD_FLAG_DISPLAY?LCDFUNC

?PR?_VLCD_FLAG_DISPLAY?LCDFUNC                -----    -----      -----    -----      000EH    0001H
  +--> ?CO?LCDFUNC

?PR?VLCD_STRING_CLEAR?LCDFUNC                 -----    -----      -----    -----      000EH    0003H

?PR?_VLCD_STRING_DISPLAY?LCDFUNC              -----    -----      -----    -----      000EH    0007H
  +--> ?CO?LCDFUNC
  +--> ?PR?_VLCD_BCD_DISPLAY?LCDFUNC

?PR?_VLCD_BCD_DISPLAY?LCDFUNC                 -----    -----      -----    -----      0015H    0001H
  +--> ?CO?LCDFUNC

?PR?PRINTF?PRINTF                             002BH.1  0001H.1    000DH    0005H      003DH    0030H
  +--> ?PR?_PUTCHAR?PUTCHAR

?PR?_PUTCHAR?PUTCHAR                          -----    -----      -----    -----      -----    -----
  +--> ?PR?_VUARTPUTBYTE?UARTFUNC

?PR?UCGETKEYVALUE?IOMFRAME                    -----    -----      -----    -----      000EH    0001H
  +--> ?PR?_VTIMER1START?TIMERFUNC
  +--> ?CO?IOMFRAME
  +--> ?PR?VKEBOARDINIT?IOMFRAME

?PR?_VTIMER1START?TIMERFUNC                   -----    -----      -----    -----      006DH    0005H
  +--> ?PR?_VTIMERCLKSEL?TIMERFUNC

?PR?_VTIMERCLKSEL?TIMERFUNC                   -----    -----      -----    -----      0072H    0002H

?PR?VTOKENAPP?TOKENAPP                        -----    -----      -----    -----      -----    -----
  +--> ?PR?VUARTINIT?UARTFUNC
  +--> ?PR?_VIOM_GPIOCONFIG?IOMFUNC
  +--> ?PR?_VLCDINIT?LCDFUNC
  +--> ?PR?VLCD_FLAG_CLEAR?LCDFUNC
  +--> ?PR?VLCD_STRING_CLEAR?LCDFUNC
  +--> ?PR?_VLCD_FLAG_DISPLAY?LCDFUNC
  +--> ?CO?TOKENAPP
  +--> ?PR?_VLCD_STRING_DISPLAY?LCDFUNC
  +--> ?PR?VTOKEN_SEEDIMPORT?TOKENAPP
  +--> ?PR?VTOKEN_INPUTPIN?TOKENAPP
  +--> ?PR?VTOKEN_SETPIN?TOKENAPP
  +--> ?PR?VTOKEN_RUNMODE?TOKENAPP
  +--> ?PR?VTOKEN_UNLOCKPIN?TOKENAPP
  +--> ?PR?VTOKEN_ACTIVE?TOKENAPP
  +--> ?PR?VTOKEN_INVALID?TOKENAPP
  +--> ?PR?VUTC_TO_GTM8?EWATCHAPP

?PR?VTOKEN_SEEDIMPORT?TOKENAPP                -----    -----      -----    -----      -----    -----
  +--> ?CO?TOKENAPP
  +--> ?PR?_VLCD_STRING_DISPLAY?LCDFUNC
  +--> ?PR?UCGETKEYVALUE?IOMFRAME
  +--> ?PR?VLCD_STRING_CLEAR?LCDFUNC
  +--> ?PR?VTBCINIT?TBCFUNC
  +--> ?PR?_VUARTRECVDATA?UARTFUNC
BL51 BANKED LINKER/LOCATER V6.22                                                      02/03/2015  17:48:48  PAGE 7


  +--> ?PR?VFLAG1S_DISPCLR?TOKENAPP

?PR?VFLAG1S_DISPCLR?TOKENAPP                  -----    -----      -----    -----      -----    -----
  +--> ?PR?_VLCD_FLAG_DISPLAY_FORISR?LCDFUNC

?PR?_VLCD_FLAG_DISPLAY_FORISR?LCDFUNC         -----    -----      -----    -----      000EH    0001H
  +--> ?CO?LCDFUNC

?PR?VTOKEN_INPUTPIN?TOKENAPP                  -----    -----      -----    -----      0001H    0004H
  +--> ?PR?VLCD_FLAG_CLEAR?LCDFUNC
  +--> ?PR?VLCD_STRING_CLEAR?LCDFUNC
  +--> ?PR?_VLCD_FLAG_DISPLAY?LCDFUNC
  +--> ?PR?UCGETKEYVALUE?IOMFRAME
  +--> ?PR?_VLCD_STRING_DISPLAY?LCDFUNC
  +--> ?PR?_VLCD_BCD_CLEAR?LCDFUNC
  +--> ?CO?TOKENAPP
  +--> ?PR?VFLAG1S_DISPCLR?TOKENAPP

?PR?_VLCD_BCD_CLEAR?LCDFUNC                   -----    -----      -----    -----      000EH    0002H

?PR?VTOKEN_SETPIN?TOKENAPP                    -----    -----      -----    -----      0001H    000DH
  +--> ?PR?VLCD_FLAG_CLEAR?LCDFUNC
  +--> ?PR?VLCD_STRING_CLEAR?LCDFUNC
  +--> ?PR?_VLCD_FLAG_DISPLAY?LCDFUNC
  +--> ?PR?_VLCD_BCD_DISPLAY?LCDFUNC
  +--> ?PR?UCGETKEYVALUE?IOMFRAME
  +--> ?PR?_VLCD_STRING_DISPLAY?LCDFUNC
  +--> ?PR?_VLCD_BCD_CLEAR?LCDFUNC
  +--> ?CO?TOKENAPP
  +--> ?PR?_VDELAY1MS?LCDFUNC
  +--> ?PR?VFLAG1S_DISPCLR?TOKENAPP

?PR?VTOKEN_RUNMODE?TOKENAPP                   -----    -----      -----    -----      0001H    0005H
  +--> ?PR?VLCD_FLAG_CLEAR?LCDFUNC
  +--> ?PR?VLCD_STRING_CLEAR?LCDFUNC
  +--> ?PR?_VLCD_FLAG_DISPLAY?LCDFUNC
  +--> ?PR?UCGETKEYVALUE?IOMFRAME
  +--> ?PR?_VLCD_STRING_DISPLAY?LCDFUNC
  +--> ?PR?_VLCD_BCD_CLEAR?LCDFUNC
  +--> ?PR?_MESSAGEEXPAND?TOKENAPP
  +--> ?PR?_DYNPASSWORD_SM3?TOKENAPP
  +--> ?PR?VFLAG1S_DISPCLR?TOKENAPP

?PR?_MESSAGEEXPAND?TOKENAPP                   -----    -----      -----    -----      0006H    0003H

?PR?_DYNPASSWORD_SM3?TOKENAPP                 -----    -----      -----    -----      0006H    0005H
  +--> ?PR?VSM3HASH?SM3FUNC
  +--> ?CO?TOKENAPP
  +--> ?PR?PRINTF?PRINTF

?PR?VTOKEN_UNLOCKPIN?TOKENAPP                 -----    -----      -----    -----      0001H    0004H
  +--> ?PR?VLCD_FLAG_CLEAR?LCDFUNC
  +--> ?PR?VLCD_STRING_CLEAR?LCDFUNC
  +--> ?PR?_VLCD_FLAG_DISPLAY?LCDFUNC
  +--> ?PR?UCGETKEYVALUE?IOMFRAME
  +--> ?PR?_VLCD_STRING_DISPLAY?LCDFUNC
  +--> ?PR?_VLCD_BCD_CLEAR?LCDFUNC
BL51 BANKED LINKER/LOCATER V6.22                                                      02/03/2015  17:48:48  PAGE 8


  +--> ?PR?_STRNCMP?STRNCMP
  +--> ?CO?TOKENAPP
  +--> ?PR?VFLAG1S_DISPCLR?TOKENAPP

?PR?_STRNCMP?STRNCMP                          -----    -----      -----    -----      0005H    0008H

?PR?VTOKEN_ACTIVE?TOKENAPP                    -----    -----      -----    -----      0001H    000BH
  +--> ?CO?TOKENAPP
  +--> ?PR?VLCD_FLAG_CLEAR?LCDFUNC
  +--> ?PR?VLCD_STRING_CLEAR?LCDFUNC
  +--> ?PR?_VLCD_FLAG_DISPLAY?LCDFUNC
  +--> ?PR?UCGETKEYVALUE?IOMFRAME
  +--> ?PR?_VLCD_STRING_DISPLAY?LCDFUNC
  +--> ?PR?_VLCD_BCD_CLEAR?LCDFUNC
  +--> ?PR?VFLAG1S_DISPCLR?TOKENAPP

?PR?VTOKEN_INVALID?TOKENAPP                   -----    -----      -----    -----      -----    -----
  +--> ?PR?VLCD_FLAG_CLEAR?LCDFUNC
  +--> ?PR?VLCD_STRING_CLEAR?LCDFUNC
  +--> ?PR?_VLCD_FLAG_DISPLAY?LCDFUNC
  +--> ?CO?TOKENAPP
  +--> ?PR?_VLCD_STRING_DISPLAY?LCDFUNC

?PR?VUTC_TO_GTM8?EWATCHAPP                    -----    -----      -----    -----      -----    -----
  +--> ?PR?VLCD_CLEAR_ALL?LCDFUNC
  +--> ?PR?VTIMER_DISP?EWATCHAPP

?PR?VLCD_CLEAR_ALL?LCDFUNC                    -----    -----      -----    -----      0005H    0003H

?PR?VTIMER_DISP?EWATCHAPP                     -----    -----      -----    -----      -----    -----
  +--> ?CO?EWATCHAPP
  +--> ?PR?PRINTF?PRINTF
  +--> ?PR?_VLCD_STRING_DISPLAY?LCDFUNC

?PR?VCMDHANDLE?CMDPROC                        -----    -----      -----    -----      0001H    0003H
  +--> ?CO?CMDPROC
  +--> ?PR?PRINTF?PRINTF
  +--> ?PR?_VUARTRECVDATA?UARTFUNC

?CO?CMDPROC                                   -----    -----      -----    -----      -----    -----
  +--> ?PR?VSCUVERIFY?SCUFRAME
  +--> ?PR?VTBCVERIFY?TBCFRAME
  +--> ?PR?VLCDVERIFY?LCDFRAME
  +--> ?PR?VWDTVERIFY?WDTFRAME
  +--> ?PR?VRNGVERIFY?RNGFRAME
  +--> ?PR?VADCVERIFY?ADCFRAME
  +--> ?PR?VTIMERVERIFY?TIMERFRAME
  +--> ?PR?VIOMVERIFY?IOMFRAME
  +--> ?PR?VOTPVERIFY?OTPFRAME
  +--> ?PR?VBITRAMAREATEST?SCUFRAME
  +--> ?PR?VCMDERR?CMDPROC

?PR?VSCUVERIFY?SCUFRAME                       -----    -----      -----    -----      -----    -----
  +--> ?CO?SCUFRAME
  +--> ?PR?PRINTF?PRINTF
  +--> ?PR?_VDELAY?DEBUG
  +--> ?PR?VTBCINIT?TBCFUNC
BL51 BANKED LINKER/LOCATER V6.22                                                      02/03/2015  17:48:48  PAGE 9



?PR?VTBCVERIFY?TBCFRAME                       -----    -----      -----    -----      0004H    0004H
  +--> ?CO?TBCFRAME
  +--> ?PR?PRINTF?PRINTF
  +--> ?PR?_VDELAY?DEBUG
  +--> ?PR?VTBCINIT?TBCFUNC
  +--> ?PR?_VTBC_ADJ?TBCFUNC
  +--> ?PR?_UCSYSCLKCHANGE?DEBUG
  +--> ?PR?_VTIMER2START?TIMERFUNC

?PR?_VTIMER2START?TIMERFUNC                   -----    -----      -----    -----      000DH    0005H
  +--> ?PR?_VTIMERCLKSEL?TIMERFUNC

?PR?VLCDVERIFY?LCDFRAME                       -----    -----      -----    -----      0004H    0001H
  +--> ?CO?LCDFRAME
  +--> ?PR?PRINTF?PRINTF
  +--> ?PR?_VLCDINIT?LCDFUNC
  +--> ?PR?VLCD_CLEAR_ALL?LCDFUNC
  +--> ?PR?_VLCD_STRING_DISPLAY?LCDFUNC
  +--> ?PR?_VDELAY?DEBUG

?PR?VWDTVERIFY?WDTFRAME                       -----    -----      -----    -----      -----    -----
  +--> ?CO?WDTFRAME
  +--> ?PR?PRINTF?PRINTF
  +--> ?PR?_VWDTINIT?WDTFUNC
  +--> ?PR?VCLRWDTCOUNTER?WDTFUNC

?PR?VRNGVERIFY?RNGFRAME                       -----    -----      -----    -----      0004H    0003H
  +--> ?PR?_VRNGSTARTINIT?RNGFUNC
  +--> ?PR?_VRNGDATA?RNGFUNC
  +--> ?PR?VRNGCLOSE?RNGFUNC
  +--> ?CO?RNGFRAME
  +--> ?PR?PRINTF?PRINTF
  +--> ?PR?_VDELAY?DEBUG

?PR?_VRNGDATA?RNGFUNC                         -----    -----      -----    -----      0007H    0003H

?PR?VADCVERIFY?ADCFRAME                       -----    -----      -----    -----      0004H    0009H
  +--> ?CO?ADCFRAME
  +--> ?PR?PRINTF?PRINTF
  +--> ?PR?_VADCINIT?ADCFUNC
  +--> ?PR?UIADC_GETDATA?ADCFUNC
  +--> ?PR?VADCCLOSE?ADCFUNC

?PR?_VADCINIT?ADCFUNC                         -----    -----      -----    -----      -----    -----
  +--> ?PR?_VDELAY200US?ADCFUNC

?PR?UIADC_GETDATA?ADCFUNC                     -----    -----      -----    -----      -----    -----
  +--> ?PR?_VDELAY200US?ADCFUNC

?PR?VTIMERVERIFY?TIMERFRAME                   -----    -----      -----    -----      -----    -----
  +--> ?CO?TIMERFRAME
  +--> ?PR?PRINTF?PRINTF
  +--> ?PR?_VDELAY?DEBUG
  +--> ?PR?_VTIMER1START?TIMERFUNC
  +--> ?PR?_VTIMER2START?TIMERFUNC

BL51 BANKED LINKER/LOCATER V6.22                                                      02/03/2015  17:48:48  PAGE 10


?PR?VIOMVERIFY?IOMFRAME                       -----    -----      -----    -----      0004H    0001H
  +--> ?CO?IOMFRAME
  +--> ?PR?PRINTF?PRINTF
  +--> ?PR?VKEBOARDINIT?IOMFRAME
  +--> ?PR?UCGETKEYVALUE?IOMFRAME
  +--> ?PR?_VIOM_GPIOCONFIG?IOMFUNC
  +--> ?PR?_VIOM_SETGPIOVAL?IOMFUNC
  +--> ?PR?_VDELAY?DEBUG

?PR?VOTPVERIFY?OTPFRAME                       -----    -----      -----    -----      0004H    0009H
  +--> ?CO?OTPFRAME
  +--> ?PR?PRINTF?PRINTF
  +--> ?PR?_UCOTPBYTEREAD?OTPFUNC
  +--> ?PR?_VTIMER2START?TIMERFUNC
  +--> ?PR?_VOTPREAD?OTPFUNC
  +--> ?PR?_UCSYSCLKCHANGE?DEBUG
  +--> ?PR?_U16CRCCOMPUTE?CRC

?PR?_VOTPREAD?OTPFUNC                         -----    -----      -----    -----      000DH    0007H

?PR?_U16CRCCOMPUTE?CRC                        -----    -----      -----    -----      000DH    0006H

?PR?VBITRAMAREATEST?SCUFRAME                  -----    -----      -----    -----      0004H    0006H
  +--> ?CO?SCUFRAME
  +--> ?PR?PRINTF?PRINTF
  +--> ?PR?_VTIMER2START?TIMERFUNC

?PR?VCMDERR?CMDPROC                           -----    -----      -----    -----      -----    -----
  +--> ?PR?PRINTF?PRINTF

*** NEW ROOT ***************************************************

?PR?VEX0_ISR?ISRFRAME                         -----    -----      -----    -----      -----    -----
  +--> ?PR?_HARDAPIASM
  +--> ?PR?VCLRWDTCOUNTER?WDTFUNC
  +--> ?CO?ISRFRAME
  +--> ?PR?PRINTF?PRINTF

*** NEW ROOT ***************************************************

?PR?VTF0_ISR?ISRFRAME                         -----    -----      -----    -----      -----    -----
  +--> ?PR?_HARDAPIASM

*** NEW ROOT ***************************************************

?PR?VEX1_ISR?ISRFRAME                         -----    -----      -----    -----      -----    -----
  +--> ?PR?_HARDAPIASM
  +--> ?PR?_VTIMER1START?TIMERFUNC

*** NEW ROOT ***************************************************

?PR?VTF1_ISR?ISRFRAME                         -----    -----      -----    -----      -----    -----
  +--> ?PR?_HARDAPIASM

*** NEW ROOT ***************************************************

?PR?VSI_ISR?ISRFRAME                          -----    -----      -----    -----      -----    -----
BL51 BANKED LINKER/LOCATER V6.22                                                      02/03/2015  17:48:48  PAGE 11


  +--> ?PR?_HARDAPIASM



SYMBOL TABLE OF MODULE:  .\ObjFile\Z8D16R-2 (?C_STARTUP)

  VALUE           TYPE          NAME
  ----------------------------------

  -------         MODULE        ?C_STARTUP
  C:7997H         SEGMENT       ?C_C51STARTUP
  I:0078H         SEGMENT       ?STACK
  C:0000H         PUBLIC        ?C_STARTUP
  D:00E0H         SYMBOL        ACC
  D:00F0H         SYMBOL        B
  D:0083H         SYMBOL        DPH
  D:0082H         SYMBOL        DPL
  D:0086H         SYMBOL        DPS
  N:0000H         SYMBOL        IBPSTACK
  N:0100H         SYMBOL        IBPSTACKTOP
  N:0100H         SYMBOL        IDATALEN
  C:79AAH         SYMBOL        IDATALOOP
  D:00A8H         SYMBOL        IE
  C:79C2H         SYMBOL        NOTFIRSTPOWERON
  N:0000H         SYMBOL        PBPSTACK
  N:0000H         SYMBOL        PBPSTACKTOP
  N:0000H         SYMBOL        PDATALEN
  N:0000H         SYMBOL        PDATASTART
  N:0000H         SYMBOL        PPAGE
  N:0000H         SYMBOL        PPAGEENABLE
  D:00A0H         SYMBOL        PPAGE_SFR
  D:009CH         SYMBOL        SCUCTRL
  D:0081H         SYMBOL        SP
  C:7997H         SYMBOL        STARTUP1
  N:0000H         SYMBOL        USER_APP_OFF
  N:0000H         SYMBOL        XBPSTACK
  N:0000H         SYMBOL        XBPSTACKTOP
  N:0400H         SYMBOL        XDATALEN
  C:79B5H         SYMBOL        XDATALOOP
  N:0000H         SYMBOL        XDATASTART
  C:0000H         LINE#         100
  C:7997H         LINE#         109
  C:799AH         LINE#         110
  C:799BH         LINE#         111
  C:799DH         LINE#         113
  C:799FH         LINE#         114
  C:79A0H         LINE#         119
  C:79A2H         LINE#         120
  C:79A4H         LINE#         125
  C:79A7H         LINE#         128
  C:79A9H         LINE#         129
  C:79AAH         LINE#         131
  C:79ABH         LINE#         132
  C:79ADH         LINE#         136
  C:79B0H         LINE#         137
  C:79B2H         LINE#         141
  C:79B4H         LINE#         143
BL51 BANKED LINKER/LOCATER V6.22                                                      02/03/2015  17:48:48  PAGE 12


  C:79B5H         LINE#         144
  C:79B6H         LINE#         145
  C:79B7H         LINE#         146
  C:79B9H         LINE#         147
  C:79BBH         LINE#         150
  C:79BEH         LINE#         151
  C:79C0H         LINE#         152
  C:79C2H         LINE#         154
  C:79C5H         LINE#         156
  -------         ENDMOD        ?C_STARTUP

  -------         MODULE        MAIN
  C:0000H         SYMBOL        _ICE_DUMMY_
  D:00F9H         PUBLIC        SCULCDSWEN
  C:8573H         PUBLIC        Main
  D:0092H         PUBLIC        SCUPM
  D:0090H         PUBLIC        SCUOSCCTRL
  D:0095H         PUBLIC        SCUWT
  C:7C45H         PUBLIC        vPowerOnCheck
  D:0087H         PUBLIC        PCON
  D:00B3H         PUBLIC        TM0CON
  D:0091H         PUBLIC        SCUMCG
  C:8640H         PUBLIC        vSysInit
  I:0012H         PUBLIC        _FIRST_POWERON_FLAG_
  D:0093H         PUBLIC        SCUPMP
  -------         PROC          VPOWERONCHECK
  C:7C45H         LINE#         17
  C:7C45H         LINE#         18
  C:7C45H         LINE#         19
  C:7C4DH         LINE#         20
  C:7C4DH         LINE#         21
  C:7C5EH         LINE#         23
  C:7C64H         LINE#         24
  C:7C69H         LINE#         25
  C:7C69H         LINE#         26
  C:7C6CH         LINE#         27
  C:7C6FH         LINE#         28
  C:7C75H         LINE#         29
  C:7C7EH         LINE#         30
  C:7C7EH         LINE#         32
  C:7C84H         LINE#         33
  C:7C89H         LINE#         34
  C:7C89H         LINE#         35
  C:7C8CH         LINE#         36
  C:7C8FH         LINE#         37
  C:7C95H         LINE#         38
  C:7C9EH         LINE#         39
  C:7C9EH         LINE#         41
  C:7CA4H         LINE#         42
  C:7CB8H         LINE#         43
  C:7CB8H         LINE#         44
  C:7CBBH         LINE#         45
  C:7CBEH         LINE#         46
  C:7CC1H         LINE#         47
  C:7CC2H         LINE#         49
  C:7CC2H         LINE#         50
  C:7CC5H         LINE#         51
BL51 BANKED LINKER/LOCATER V6.22                                                      02/03/2015  17:48:48  PAGE 13


  C:7CC8H         LINE#         52
  C:7CC8H         LINE#         53
  C:7CC8H         LINE#         54
  C:7CC8H         LINE#         55
  C:7CCAH         LINE#         57
  C:7CCAH         LINE#         58
  C:7CD1H         LINE#         59
  C:7CDAH         LINE#         60
  C:7CDAH         LINE#         61
  -------         ENDPROC       VPOWERONCHECK
  -------         PROC          VSYSINIT
  C:8640H         LINE#         62
  C:8640H         LINE#         63
  C:8640H         LINE#         64
  C:8656H         LINE#         65
  C:8659H         LINE#         70
  C:8660H         LINE#         71
  C:8667H         LINE#         73
  C:8670H         LINE#         75
  C:8675H         LINE#         77
  C:8678H         LINE#         78
  C:867BH         LINE#         79
  C:8682H         LINE#         80
  C:8689H         LINE#         82
  C:8694H         LINE#         86
  C:869AH         LINE#         88
  C:869DH         LINE#         101
  -------         ENDPROC       VSYSINIT
  -------         PROC          MAIN
  -------         DO            
  X:0000H         SYMBOL        Key
  -------         ENDDO         
  C:8573H         LINE#         103
  C:8573H         LINE#         104
  C:8573H         LINE#         105
  C:8578H         LINE#         106
  C:857BH         LINE#         107
  C:859EH         LINE#         109
  C:85BCH         LINE#         112
  C:85BFH         LINE#         114
  C:85BFH         LINE#         115
  C:85BFH         LINE#         116
  C:85C7H         LINE#         118
  C:85CAH         LINE#         119
  C:85CAH         LINE#         120
  C:85CDH         LINE#         121
  C:85CFH         LINE#         122
  C:85D6H         LINE#         123
  C:85D6H         LINE#         124
  C:85D9H         LINE#         125
  C:85D9H         LINE#         128
  -------         ENDPROC       MAIN
  -------         ENDMOD        MAIN

  -------         MODULE        HARDAPIASM
  C:8C7CH         SEGMENT       ?PR?_HARDAPIASM
  C:8C8EH         PUBLIC        VLOADCURRENT
BL51 BANKED LINKER/LOCATER V6.22                                                      02/03/2015  17:48:48  PAGE 14


  C:8C7CH         PUBLIC        VSAVECURRENT
  D:0085H         SYMBOL        DPH2
  D:0084H         SYMBOL        DPL2
  D:0086H         SYMBOL        DPS
  C:8C7CH         LINE#         19
  C:8C7EH         LINE#         20
  C:8C80H         LINE#         22
  C:8C82H         LINE#         23
  C:8C84H         LINE#         24
  C:8C86H         LINE#         25
  C:8C89H         LINE#         27
  C:8C8BH         LINE#         28
  C:8C8DH         LINE#         30
  C:8C8EH         LINE#         34
  C:8C90H         LINE#         35
  C:8C92H         LINE#         37
  C:8C94H         LINE#         38
  C:8C96H         LINE#         39
  C:8C98H         LINE#         41
  C:8C9AH         LINE#         42
  C:8C9CH         LINE#         44
  -------         ENDMOD        HARDAPIASM

  -------         MODULE        IOMFUNC
  C:0000H         SYMBOL        _ICE_DUMMY_
  D:00C7H         PUBLIC        IOMP0DOUT
  D:00CFH         PUBLIC        IOMP1DOUT
  D:00C6H         PUBLIC        IOMP0DIN
  D:00CEH         PUBLIC        IOMP1DIN
  D:0091H         PUBLIC        SCUMCG
  D:00C1H         PUBLIC        IOMP0DIR
  D:00C9H         PUBLIC        IOMP1DIR
  C:8A33H         PUBLIC        _uIom_GetGpioVal
  C:85DBH         PUBLIC        _vIom_SetGpioVal
  C:7E04H         PUBLIC        _vIom_GpioConfig
  D:00C0H         PUBLIC        IOMCR
  -------         PROC          _VIOM_GPIOCONFIG
  D:0007H         SYMBOL        GPn
  D:0005H         SYMBOL        InOut
  C:7E04H         LINE#         33
  C:7E04H         LINE#         34
  C:7E04H         LINE#         35
  C:7E07H         LINE#         36
  C:7E12H         LINE#         37
  C:7E12H         LINE#         38
  C:7E12H         LINE#         39
  C:7E12H         LINE#         40
  C:7E15H         LINE#         41
  C:7E17H         LINE#         42
  C:7E17H         LINE#         43
  C:7E1AH         LINE#         44
  C:7E1AH         LINE#         45
  C:7E1AH         LINE#         46
  C:7E1AH         LINE#         47
  C:7E1AH         LINE#         48
  C:7E1AH         LINE#         49
  C:7E1AH         LINE#         50
BL51 BANKED LINKER/LOCATER V6.22                                                      02/03/2015  17:48:48  PAGE 15


  C:7E1AH         LINE#         51
  C:7E1AH         LINE#         52
  C:7E1AH         LINE#         53
  C:7E1AH         LINE#         54
  C:7E1AH         LINE#         55
  C:7E1AH         LINE#         56
  C:7E1AH         LINE#         58
  C:7E1AH         LINE#         59
  C:7E1DH         LINE#         60
  C:7E1DH         LINE#         61
  C:7E23H         LINE#         62
  C:7E23H         LINE#         63
  C:7E30H         LINE#         64
  C:7E31H         LINE#         65
  C:7E45H         LINE#         66
  C:7E45H         LINE#         67
  C:7E56H         LINE#         68
  C:7E56H         LINE#         69
  C:7E57H         LINE#         71
  C:7E57H         LINE#         72
  C:7E5DH         LINE#         73
  C:7E5DH         LINE#         74
  C:7E6BH         LINE#         75
  C:7E6CH         LINE#         76
  C:7E80H         LINE#         77
  C:7E80H         LINE#         78
  C:7E92H         LINE#         79
  C:7E92H         LINE#         80
  C:7E92H         LINE#         81
  -------         ENDPROC       _VIOM_GPIOCONFIG
  -------         PROC          _UIOM_GETGPIOVAL
  D:0007H         SYMBOL        GPn
  C:8A33H         LINE#         92
  C:8A33H         LINE#         93
  C:8A33H         LINE#         94
  C:8A36H         LINE#         95
  C:8A3CH         LINE#         96
  C:8A3CH         LINE#         97
  C:8A4BH         LINE#         98
  C:8A4BH         LINE#         99
  C:8A51H         LINE#         100
  C:8A51H         LINE#         101
  C:8A64H         LINE#         102
  C:8A64H         LINE#         104
  C:8A64H         LINE#         105
  C:8A66H         LINE#         106
  C:8A66H         LINE#         107
  -------         ENDPROC       _UIOM_GETGPIOVAL
  -------         PROC          _VIOM_SETGPIOVAL
  D:0007H         SYMBOL        GPn
  D:0005H         SYMBOL        Val
  C:85DBH         LINE#         118
  C:85DBH         LINE#         119
  C:85DBH         LINE#         120
  C:85DEH         LINE#         121
  C:85E4H         LINE#         122
  C:85E4H         LINE#         123
BL51 BANKED LINKER/LOCATER V6.22                                                      02/03/2015  17:48:48  PAGE 16


  C:85E7H         LINE#         124
  C:85E7H         LINE#         125
  C:85F4H         LINE#         126
  C:85F5H         LINE#         128
  C:85F5H         LINE#         129
  C:8603H         LINE#         130
  C:8603H         LINE#         131
  C:8604H         LINE#         132
  C:8618H         LINE#         133
  C:8618H         LINE#         134
  C:861BH         LINE#         135
  C:861BH         LINE#         136
  C:862CH         LINE#         137
  C:862DH         LINE#         139
  C:862DH         LINE#         140
  C:863FH         LINE#         141
  C:863FH         LINE#         142
  C:863FH         LINE#         143
  -------         ENDPROC       _VIOM_SETGPIOVAL
  -------         ENDMOD        IOMFUNC

  -------         MODULE        TBCFUNC
  C:0000H         SYMBOL        _ICE_DUMMY_
  C:8A67H         PUBLIC        _vTBC_ADJ
  C:88B8H         PUBLIC        _fCalFreqDrift
  B:00A8H.7       PUBLIC        EA
  D:00DEH         PUBLIC        TBCDR0
  D:00DDH         PUBLIC        TBCDR1
  D:00DCH         PUBLIC        TBCDR2
  D:00DBH         PUBLIC        TBCDR3
  C:8E3AH         PUBLIC        vTbcInit
  C:8759H         PUBLIC        ulGetTbcCountVlaue
  D:0091H         PUBLIC        SCUMCG
  B:00A8H.1       PUBLIC        ET0
  D:00DAH         PUBLIC        TBCSTART
  D:00D9H         PUBLIC        TBCADJH
  D:00D8H         PUBLIC        TBCADJL
  -------         PROC          VTBCINIT
  C:8E3AH         LINE#         34
  C:8E3AH         LINE#         35
  C:8E3AH         LINE#         36
  C:8E3DH         LINE#         37
  C:8E40H         LINE#         42
  C:8E43H         LINE#         44
  C:8E45H         LINE#         45
  C:8E47H         LINE#         48
  -------         ENDPROC       VTBCINIT
  -------         PROC          ULGETTBCCOUNTVLAUE
  C:8759H         LINE#         58
  C:8759H         LINE#         59
  C:8759H         LINE#         61
  C:87B3H         LINE#         62
  -------         ENDPROC       ULGETTBCCOUNTVLAUE
  -------         PROC          _VTBC_ADJ
  D:0004H         SYMBOL        ppm
  -------         DO            
  D:0006H         SYMBOL        AdjValue
BL51 BANKED LINKER/LOCATER V6.22                                                      02/03/2015  17:48:48  PAGE 17


  -------         ENDDO         
  C:8A67H         LINE#         72
  C:8A6BH         LINE#         73
  C:8A6BH         LINE#         75
  C:8A72H         LINE#         77
  C:8A76H         LINE#         78
  C:8A76H         LINE#         79
  C:8A7AH         LINE#         80
  C:8A80H         LINE#         81
  C:8A89H         LINE#         82
  C:8A8AH         LINE#         84
  C:8A8AH         LINE#         91
  C:8A8EH         LINE#         92
  C:8A96H         LINE#         93
  C:8A96H         LINE#         94
  -------         ENDPROC       _VTBC_ADJ
  -------         PROC          _FCALFREQDRIFT
  X:0100H         SYMBOL        Temp
  C:88B8H         LINE#         106
  C:88BEH         LINE#         107
  C:88BEH         LINE#         109
  C:890BH         LINE#         110
  -------         ENDPROC       _FCALFREQDRIFT
  -------         ENDMOD        TBCFUNC

  -------         MODULE        OTPFUNC
  C:0000H         SYMBOL        _ICE_DUMMY_
  C:8E78H         PUBLIC        _ucOtpByteRead
  C:880EH         PUBLIC        _vOtpRead
  C:890CH         PUBLIC        _vOtpRead_ChipSn
  -------         PROC          _UCOTPBYTEREAD
  D:0006H         SYMBOL        Addr
  -------         DO            
  D:0007H         SYMBOL        DataValue
  D:0082H         SYMBOL        pAddr
  -------         ENDDO         
  C:8E78H         LINE#         31
  C:8E78H         LINE#         32
  C:8E78H         LINE#         35
  C:8E7CH         LINE#         36
  C:8E7FH         LINE#         37
  C:8E7FH         LINE#         38
  -------         ENDPROC       _UCOTPBYTEREAD
  -------         PROC          _VOTPREAD
  D:0006H         SYMBOL        Addr
  X:000DH         SYMBOL        Len
  X:000FH         SYMBOL        DataBuf
  -------         DO            
  D:0006H         SYMBOL        i
  X:0012H         SYMBOL        pAddr
  -------         ENDDO         
  C:880EH         LINE#         51
  C:881FH         LINE#         52
  C:881FH         LINE#         55
  C:8825H         LINE#         56
  C:8835H         LINE#         57
  C:8835H         LINE#         58
BL51 BANKED LINKER/LOCATER V6.22                                                      02/03/2015  17:48:48  PAGE 18


  C:885BH         LINE#         59
  C:8862H         LINE#         60
  -------         ENDPROC       _VOTPREAD
  -------         PROC          _VOTPREAD_CHIPSN
  X:00FBH         SYMBOL        DataBuf
  -------         DO            
  D:0006H         SYMBOL        i
  X:00FEH         SYMBOL        pAddr
  -------         ENDDO         
  C:890CH         LINE#         74
  C:8917H         LINE#         75
  C:8917H         LINE#         78
  C:891FH         LINE#         79
  C:8922H         LINE#         80
  C:8922H         LINE#         81
  C:8948H         LINE#         82
  C:8953H         LINE#         83
  -------         ENDPROC       _VOTPREAD_CHIPSN
  -------         ENDMOD        OTPFUNC

  -------         MODULE        LCDFUNC
  C:0000H         SYMBOL        _ICE_DUMMY_
  C:833EH         PUBLIC        Num_Assic
  D:0090H         PUBLIC        SCUOSCCTRL
  C:8B27H         PUBLIC        vLcd_Set_All
  C:7CDBH         PUBLIC        _vLcd_String_Display
  C:8D3CH         PUBLIC        _vLcdInit
  C:809BH         PUBLIC        _vLcd_Flag_Display
  C:87B4H         PUBLIC        _vLcd_Bcd_Display
  C:8B82H         PUBLIC        vLcd_String_Clear
  C:82E8H         PUBLIC        Num
  C:8E1CH         PUBLIC        vLcd_Flag_Clear
  C:8C9DH         PUBLIC        _vLcd_Point_Display
  C:8A97H         PUBLIC        _vLcd_Bcd_Clear
  D:0091H         PUBLIC        SCUMCG
  C:8B55H         PUBLIC        vLcd_Clear_All
  C:8C30H         PUBLIC        _vLcd_Bcd_Shift
  C:8112H         PUBLIC        _vLcd_Flag_Display_ForIsr
  C:8E48H         PUBLIC        _vDelay1ms
  C:831EH         PUBLIC        Flag
  -------         PROC          _VDELAY1MS
  D:0007H         SYMBOL        Count
  C:8E48H         LINE#         41
  C:8E48H         LINE#         42
  C:8E48H         LINE#         43
  C:8E4EH         LINE#         44
  C:8E4EH         LINE#         45
  C:8E4FH         LINE#         46
  C:8E50H         LINE#         47
  C:8E51H         LINE#         48
  C:8E52H         LINE#         49
  C:8E54H         LINE#         51
  -------         ENDPROC       _VDELAY1MS
  -------         PROC          _VLCDINIT
  D:0007H         SYMBOL        BIAS
  D:0005H         SYMBOL        DUTY
  D:0003H         SYMBOL        FRM
BL51 BANKED LINKER/LOCATER V6.22                                                      02/03/2015  17:48:48  PAGE 19


  C:8D3CH         LINE#         53
  C:8D3CH         LINE#         54
  C:8D3CH         LINE#         55
  C:8D3FH         LINE#         57
  C:8D46H         LINE#         58
  C:8D49H         LINE#         59
  C:8D4CH         LINE#         60
  C:8D4FH         LINE#         62
  C:8D53H         LINE#         65
  -------         ENDPROC       _VLCDINIT
  -------         PROC          VLCD_SET_ALL
  -------         DO            
  D:0007H         SYMBOL        i
  X:0110H         SYMBOL        pLcdDispReg
  -------         ENDDO         
  C:8B27H         LINE#         102
  C:8B27H         LINE#         103
  C:8B27H         LINE#         104
  C:8B29H         LINE#         105
  C:8B37H         LINE#         106
  C:8B3DH         LINE#         107
  C:8B3DH         LINE#         108
  C:8B52H         LINE#         110
  C:8B54H         LINE#         111
  -------         ENDPROC       VLCD_SET_ALL
  -------         PROC          VLCD_CLEAR_ALL
  -------         DO            
  D:0007H         SYMBOL        i
  X:0005H         SYMBOL        pLcdDispReg
  -------         ENDDO         
  C:8B55H         LINE#         133
  C:8B55H         LINE#         134
  C:8B55H         LINE#         135
  C:8B57H         LINE#         136
  C:8B65H         LINE#         137
  C:8B6BH         LINE#         138
  C:8B6BH         LINE#         139
  C:8B7FH         LINE#         140
  C:8B81H         LINE#         141
  -------         ENDPROC       VLCD_CLEAR_ALL
  -------         PROC          VLCD_STRING_CLEAR
  -------         DO            
  D:0007H         SYMBOL        i
  X:000EH         SYMBOL        pLcdDispReg
  -------         ENDDO         
  C:8B82H         LINE#         143
  C:8B82H         LINE#         144
  C:8B82H         LINE#         145
  C:8B84H         LINE#         146
  C:8B92H         LINE#         147
  C:8B98H         LINE#         148
  C:8B98H         LINE#         149
  C:8BACH         LINE#         150
  C:8BAEH         LINE#         151
  -------         ENDPROC       VLCD_STRING_CLEAR
  -------         PROC          _VLCD_BCD_SHIFT
  D:0007H         SYMBOL        index
BL51 BANKED LINKER/LOCATER V6.22                                                      02/03/2015  17:48:48  PAGE 20


  -------         DO            
  D:0004H         SYMBOL        pLcdDispReg
  -------         ENDDO         
  C:8C30H         LINE#         184
  C:8C30H         LINE#         185
  C:8C30H         LINE#         187
  C:8C34H         LINE#         188
  C:8C3AH         LINE#         189
  C:8C3AH         LINE#         190
  C:8C56H         LINE#         191
  C:8C56H         LINE#         192
  -------         ENDPROC       _VLCD_BCD_SHIFT
  -------         PROC          _VLCD_BCD_CLEAR
  D:0005H         SYMBOL        index
  -------         DO            
  X:000EH         SYMBOL        pLcdDispReg
  -------         ENDDO         
  C:8A97H         LINE#         214
  C:8A99H         LINE#         215
  C:8A99H         LINE#         217
  C:8AA3H         LINE#         218
  C:8AA9H         LINE#         219
  C:8AA9H         LINE#         220
  C:8AC1H         LINE#         221
  C:8AC6H         LINE#         222
  C:8AC6H         LINE#         223
  -------         ENDPROC       _VLCD_BCD_CLEAR
  -------         PROC          _VLCD_BCD_DISPLAY
  D:0001H         SYMBOL        index
  X:0015H         SYMBOL        BCD
  -------         DO            
  D:0004H         SYMBOL        pLcdDispReg
  -------         ENDDO         
  C:87B4H         LINE#         249
  C:87BBH         LINE#         250
  C:87BBH         LINE#         252
  C:87BFH         LINE#         253
  C:87C5H         LINE#         254
  C:87C5H         LINE#         255
  C:87E8H         LINE#         256
  C:880DH         LINE#         258
  C:880DH         LINE#         259
  -------         ENDPROC       _VLCD_BCD_DISPLAY
  -------         PROC          _VLCD_POINT_DISPLAY
  D:0007H         SYMBOL        index
  -------         DO            
  D:0004H         SYMBOL        pLcdDispReg
  -------         ENDDO         
  C:8C9DH         LINE#         260
  C:8C9DH         LINE#         261
  C:8C9DH         LINE#         263
  C:8CA1H         LINE#         264
  C:8CA7H         LINE#         265
  C:8CA7H         LINE#         266
  C:8CBDH         LINE#         268
  C:8CBDH         LINE#         269
  -------         ENDPROC       _VLCD_POINT_DISPLAY
BL51 BANKED LINKER/LOCATER V6.22                                                      02/03/2015  17:48:48  PAGE 21


  -------         PROC          _VLCD_STRING_DISPLAY
  X:000EH         SYMBOL        cString
  X:0011H         SYMBOL        cLen
  -------         DO            
  X:0012H         SYMBOL        i
  X:0013H         SYMBOL        j
  X:0014H         SYMBOL        k
  -------         ENDDO         
  C:7CDBH         LINE#         323
  C:7CE9H         LINE#         324
  C:7CE9H         LINE#         325
  C:7CEEH         LINE#         327
  C:7CFCH         LINE#         329
  C:7D0CH         LINE#         330
  C:7D0CH         LINE#         331
  C:7D19H         LINE#         332
  C:7D19H         LINE#         333
  C:7D3AH         LINE#         334
  C:7D3AH         LINE#         335
  C:7D4AH         LINE#         337
  C:7D4AH         LINE#         338
  C:7D4AH         LINE#         339
  C:7D52H         LINE#         340
  C:7D5AH         LINE#         342
  C:7D70H         LINE#         343
  -------         ENDPROC       _VLCD_STRING_DISPLAY
  -------         PROC          _VLCD_FLAG_DISPLAY
  X:000EH         SYMBOL        index
  D:0005H         SYMBOL        bOpen
  -------         DO            
  D:0002H         SYMBOL        pLcdDispReg
  -------         ENDDO         
  C:809BH         LINE#         356
  C:80A0H         LINE#         357
  C:80A0H         LINE#         359
  C:80A4H         LINE#         361
  C:80A9H         LINE#         362
  C:80A9H         LINE#         363
  C:80ACH         LINE#         364
  C:80ACH         LINE#         365
  C:80DAH         LINE#         366
  C:80DCH         LINE#         368
  C:80DCH         LINE#         369
  C:8111H         LINE#         370
  C:8111H         LINE#         371
  C:8111H         LINE#         372
  -------         ENDPROC       _VLCD_FLAG_DISPLAY
  -------         PROC          _VLCD_FLAG_DISPLAY_FORISR
  X:000EH         SYMBOL        index
  D:0005H         SYMBOL        bOpen
  -------         DO            
  D:0002H         SYMBOL        pLcdDispReg
  -------         ENDDO         
  C:8112H         LINE#         373
  C:8117H         LINE#         374
  C:8117H         LINE#         376
  C:811BH         LINE#         378
BL51 BANKED LINKER/LOCATER V6.22                                                      02/03/2015  17:48:48  PAGE 22


  C:8120H         LINE#         379
  C:8120H         LINE#         380
  C:8123H         LINE#         381
  C:8123H         LINE#         382
  C:8151H         LINE#         383
  C:8153H         LINE#         385
  C:8153H         LINE#         386
  C:8188H         LINE#         387
  C:8188H         LINE#         388
  C:8188H         LINE#         389
  -------         ENDPROC       _VLCD_FLAG_DISPLAY_FORISR
  -------         PROC          VLCD_FLAG_CLEAR
  -------         DO            
  D:0004H         SYMBOL        i
  -------         ENDDO         
  C:8E1CH         LINE#         435
  C:8E1CH         LINE#         436
  C:8E1CH         LINE#         437
  C:8E1EH         LINE#         438
  C:8E1EH         LINE#         439
  C:8E25H         LINE#         440
  C:8E2AH         LINE#         441
  -------         ENDPROC       VLCD_FLAG_CLEAR
  -------         ENDMOD        LCDFUNC

  -------         MODULE        WDTFUNC
  C:0000H         SYMBOL        _ICE_DUMMY_
  C:8E2BH         PUBLIC        vClrWdtCounter
  C:8E62H         PUBLIC        _vWdtInit
  D:0091H         PUBLIC        SCUMCG
  D:00E5H         PUBLIC        WDTMOD
  D:00E4H         PUBLIC        WDTCON
  -------         PROC          _VWDTINIT
  D:0007H         SYMBOL        InitTimer
  C:8E62H         LINE#         32
  C:8E62H         LINE#         33
  C:8E62H         LINE#         34
  C:8E65H         LINE#         35
  C:8E68H         LINE#         36
  C:8E6BH         LINE#         37
  C:8E6DH         LINE#         38
  -------         ENDPROC       _VWDTINIT
  -------         PROC          VCLRWDTCOUNTER
  C:8E2BH         LINE#         49
  C:8E2BH         LINE#         50
  C:8E2BH         LINE#         51
  C:8E2BH         LINE#         52
  C:8E2EH         LINE#         53
  C:8E33H         LINE#         55
  C:8E36H         LINE#         56
  C:8E39H         LINE#         57
  -------         ENDPROC       VCLRWDTCOUNTER
  -------         ENDMOD        WDTFUNC

  -------         MODULE        RNGFUNC
  C:0000H         SYMBOL        _ICE_DUMMY_
  D:00EFH         PUBLIC        RNGDATA
BL51 BANKED LINKER/LOCATER V6.22                                                      02/03/2015  17:48:48  PAGE 23


  D:0090H         PUBLIC        SCUOSCCTRL
  D:00EDH         PUBLIC        RNGMODE
  D:009DH         PUBLIC        SCURNGC
  C:8E80H         PUBLIC        vRngClose
  C:8991H         PUBLIC        _vRngData
  C:8DF9H         PUBLIC        ucGetRngByte
  D:0091H         PUBLIC        SCUMCG
  C:8CBEH         PUBLIC        _vRngStartInit
  D:00EEH         PUBLIC        RNGINT
  D:00ECH         PUBLIC        RNGSTART
  -------         PROC          _VRNGSTARTINIT
  D:0007H         SYMBOL        IPMODE
  D:0005H         SYMBOL        IPCLK
  C:8CBEH         LINE#         32
  C:8CBEH         LINE#         33
  C:8CBEH         LINE#         34
  C:8CC1H         LINE#         35
  C:8CC8H         LINE#         37
  C:8CCBH         LINE#         38
  C:8CCEH         LINE#         40
  C:8CD1H         LINE#         42
  C:8CD4H         LINE#         43
  C:8CD9H         LINE#         45
  C:8CDBH         LINE#         46
  C:8CDEH         LINE#         48
  -------         ENDPROC       _VRNGSTARTINIT
  -------         PROC          UCGETRNGBYTE
  C:8DF9H         LINE#         58
  C:8DF9H         LINE#         59
  C:8DF9H         LINE#         60
  C:8DFCH         LINE#         61
  C:8E01H         LINE#         62
  C:8E06H         LINE#         63
  C:8E06H         LINE#         64
  C:8E09H         LINE#         65
  C:8E09H         LINE#         66
  C:8E0BH         LINE#         67
  -------         ENDPROC       UCGETRNGBYTE
  -------         PROC          _VRNGDATA
  X:0007H         SYMBOL        OutData
  D:0004H         SYMBOL        Len
  C:8991H         LINE#         78
  C:899CH         LINE#         79
  C:899CH         LINE#         82
  C:89A6H         LINE#         83
  C:89A6H         LINE#         84
  C:89A9H         LINE#         85
  C:89AEH         LINE#         86
  C:89B1H         LINE#         87
  C:89C6H         LINE#         88
  C:89C8H         LINE#         90
  -------         ENDPROC       _VRNGDATA
  -------         PROC          VRNGCLOSE
  C:8E80H         LINE#         100
  C:8E80H         LINE#         101
  C:8E80H         LINE#         103
  C:8E83H         LINE#         104
BL51 BANKED LINKER/LOCATER V6.22                                                      02/03/2015  17:48:48  PAGE 24


  C:8E86H         LINE#         105
  -------         ENDPROC       VRNGCLOSE
  -------         ENDMOD        RNGFUNC

  -------         MODULE        ADCFUNC
  C:0000H         SYMBOL        _ICE_DUMMY_
  C:8D8BH         PUBLIC        _vAdcInit
  D:0091H         PUBLIC        SCUMCG
  C:8D7EH         SYMBOL        _vDelay200Us
  C:8AC7H         PUBLIC        uiAdc_GetData
  C:8E55H         PUBLIC        vAdcClose
  -------         PROC          L?0010
  -------         ENDPROC       L?0010
  -------         PROC          _VDELAY200US
  D:0007H         SYMBOL        Tcount
  C:8D7EH         LINE#         33
  C:8D7EH         LINE#         34
  C:8D7EH         LINE#         35
  C:8D7EH         LINE#         36
  C:8D7FH         LINE#         37
  C:8D80H         LINE#         38
  C:8D81H         LINE#         39
  C:8D82H         LINE#         40
  C:8D83H         LINE#         41
  C:8D84H         LINE#         42
  C:8D8AH         LINE#         43
  -------         ENDPROC       _VDELAY200US
  -------         PROC          _VADCINIT
  D:0007H         SYMBOL        CH
  C:8D8BH         LINE#         44
  C:8D8BH         LINE#         45
  C:8D8BH         LINE#         47
  C:8D8EH         LINE#         49
  C:8D95H         LINE#         51
  C:8D98H         LINE#         52
  C:8D9BH         LINE#         54
  C:8D9FH         LINE#         56
  -------         ENDPROC       _VADCINIT
  -------         PROC          UIADC_GETDATA
  C:8AC7H         LINE#         79
  C:8AC7H         LINE#         80
  C:8AC7H         LINE#         81
  C:8ACEH         LINE#         84
  C:8ACEH         LINE#         85
  C:8ACEH         LINE#         86
  C:8AD1H         LINE#         87
  C:8AD1H         LINE#         88
  C:8AD1H         LINE#         89
  C:8AD4H         LINE#         91
  C:8ADBH         LINE#         92
  C:8AE1H         LINE#         93
  C:8AE8H         LINE#         94
  C:8AF6H         LINE#         95
  -------         ENDPROC       UIADC_GETDATA
  -------         PROC          VADCCLOSE
  C:8E55H         LINE#         105
  C:8E55H         LINE#         106
BL51 BANKED LINKER/LOCATER V6.22                                                      02/03/2015  17:48:48  PAGE 25


  C:8E55H         LINE#         107
  C:8E5CH         LINE#         108
  C:8E61H         LINE#         110
  -------         ENDPROC       VADCCLOSE
  -------         ENDMOD        ADCFUNC

  -------         MODULE        SM3FUNC
  C:0000H         SYMBOL        _ICE_DUMMY_
  D:00F4H         PUBLIC        SM3CON
  D:00F5H         PUBLIC        SM3INT
  D:0091H         PUBLIC        SCUMCG
  C:6EF7H         PUBLIC        vSm3Hash
  -------         PROC          VSM3HASH
  C:6EF7H         LINE#         19
  C:6EF7H         LINE#         20
  C:6EF7H         LINE#         21
  C:6EFAH         LINE#         24
  C:6F00H         LINE#         25
  C:6F04H         LINE#         26
  C:6F08H         LINE#         27
  C:6F0CH         LINE#         28
  C:6F10H         LINE#         29
  C:6F14H         LINE#         30
  C:6F18H         LINE#         31
  C:6F1CH         LINE#         33
  C:6F20H         LINE#         34
  C:6F24H         LINE#         35
  C:6F28H         LINE#         36
  C:6F2CH         LINE#         37
  C:6F30H         LINE#         38
  C:6F34H         LINE#         39
  C:6F38H         LINE#         40
  C:6F3BH         LINE#         42
  C:6F3FH         LINE#         43
  C:6F43H         LINE#         44
  C:6F47H         LINE#         45
  C:6F4BH         LINE#         46
  C:6F4FH         LINE#         47
  C:6F53H         LINE#         48
  C:6F57H         LINE#         49
  C:6F5BH         LINE#         51
  C:6F5FH         LINE#         52
  C:6F63H         LINE#         53
  C:6F67H         LINE#         54
  C:6F6BH         LINE#         55
  C:6F6FH         LINE#         56
  C:6F73H         LINE#         57
  C:6F77H         LINE#         58
  C:6F7BH         LINE#         61
  C:6F81H         LINE#         62
  C:6F85H         LINE#         63
  C:6F89H         LINE#         64
  C:6F8DH         LINE#         65
  C:6F91H         LINE#         66
  C:6F95H         LINE#         67
  C:6F99H         LINE#         68
  C:6F9DH         LINE#         72
BL51 BANKED LINKER/LOCATER V6.22                                                      02/03/2015  17:48:48  PAGE 26


  C:6FA0H         LINE#         73
  C:6FA8H         LINE#         74
  C:6FA9H         LINE#         75
  C:6FAAH         LINE#         76
  C:6FABH         LINE#         79
  C:6FB1H         LINE#         80
  C:6FB5H         LINE#         81
  C:6FB9H         LINE#         82
  C:6FBDH         LINE#         83
  C:6FC1H         LINE#         84
  C:6FC5H         LINE#         85
  C:6FC9H         LINE#         86
  C:6FCDH         LINE#         88
  C:6FD1H         LINE#         89
  C:6FD5H         LINE#         90
  C:6FD9H         LINE#         91
  C:6FDDH         LINE#         92
  C:6FE1H         LINE#         93
  C:6FE5H         LINE#         94
  C:6FE9H         LINE#         95
  C:6FECH         LINE#         97
  C:6FF0H         LINE#         98
  C:6FF4H         LINE#         99
  C:6FF8H         LINE#         100
  C:6FFCH         LINE#         101
  C:7000H         LINE#         102
  C:7004H         LINE#         103
  C:7008H         LINE#         104
  C:700CH         LINE#         106
  C:7010H         LINE#         107
  C:7014H         LINE#         108
  C:7018H         LINE#         109
  C:701CH         LINE#         110
  C:7020H         LINE#         111
  C:7024H         LINE#         112
  C:7028H         LINE#         113
  C:702CH         LINE#         115
  C:702FH         LINE#         116
  C:7037H         LINE#         117
  C:7038H         LINE#         118
  C:7039H         LINE#         119
  C:703AH         LINE#         122
  -------         ENDPROC       VSM3HASH
  -------         ENDMOD        SM3FUNC

  -------         MODULE        SECFUNC
  C:0000H         SYMBOL        _ICE_DUMMY_
  C:8CDFH         PUBLIC        _vSec_LightDetectEn
  C:7FA2H         PUBLIC        vSec_TmpDetect
  D:0090H         PUBLIC        SCUOSCCTRL
  C:8CFFH         PUBLIC        vSec_FreqExcepDetectEn
  C:8E6EH         PUBLIC        vSecIntProcess
  D:0099H         PUBLIC        SCUIE1
  D:009BH         PUBLIC        SCUIS1
  D:0091H         PUBLIC        SCUMCG
  -------         PROC          VSEC_FREQEXCEPDETECTEN
  C:8CFFH         LINE#         33
BL51 BANKED LINKER/LOCATER V6.22                                                      02/03/2015  17:48:48  PAGE 27


  C:8CFFH         LINE#         34
  C:8CFFH         LINE#         35
  C:8D02H         LINE#         36
  C:8D05H         LINE#         37
  C:8D0CH         LINE#         39
  C:8D0FH         LINE#         40
  C:8D16H         LINE#         42
  C:8D1DH         LINE#         43
  -------         ENDPROC       VSEC_FREQEXCEPDETECTEN
  -------         PROC          _VSEC_LIGHTDETECTEN
  D:0007H         SYMBOL        LDVAL
  C:8CDFH         LINE#         53
  C:8CDFH         LINE#         54
  C:8CDFH         LINE#         56
  C:8CE2H         LINE#         58
  C:8CE9H         LINE#         60
  C:8CF0H         LINE#         62
  C:8CF7H         LINE#         64
  C:8CFEH         LINE#         65
  -------         ENDPROC       _VSEC_LIGHTDETECTEN
  -------         PROC          VSEC_TMPDETECT
  -------         DO            
  X:00EFH         SYMBOL        TmpY
  D:0006H         SYMBOL        AdcValue
  X:00F1H         SYMBOL        Tmp
  -------         ENDDO         
  C:7FA2H         LINE#         75
  C:7FA2H         LINE#         76
  C:7FA2H         LINE#         79
  C:7FA7H         LINE#         81
  C:7FAEH         LINE#         83
  C:7FC1H         LINE#         84
  C:7FC4H         LINE#         85
  C:7FC7H         LINE#         87
  C:8007H         LINE#         89
  C:800AH         LINE#         90
  C:8011H         LINE#         91
  C:801FH         LINE#         92
  -------         ENDPROC       VSEC_TMPDETECT
  -------         PROC          VSECINTPROCESS
  C:8E6EH         LINE#         93
  C:8E6EH         LINE#         94
  C:8E6EH         LINE#         95
  C:8E74H         LINE#         96
  C:8E77H         LINE#         97
  -------         ENDPROC       VSECINTPROCESS
  -------         ENDMOD        SECFUNC

  -------         MODULE        SCUFUNC
  C:0000H         SYMBOL        _ICE_DUMMY_
  -------         ENDMOD        SCUFUNC

  -------         MODULE        UARTFUNC
  C:0000H         SYMBOL        _ICE_DUMMY_
  D:00D4H         PUBLIC        UARTBUF
  C:86FCH         PUBLIC        _vUartSendData
  D:00D5H         PUBLIC        UARTCON
BL51 BANKED LINKER/LOCATER V6.22                                                      02/03/2015  17:48:48  PAGE 28


  C:8BAFH         PUBLIC        _vUartRecvData
  C:8E0CH         PUBLIC        vUartInit
  C:8DBDH         PUBLIC        ucUartGetByte
  D:0091H         PUBLIC        SCUMCG
  C:8DD1H         PUBLIC        _vUartPutByte
  D:00C0H         PUBLIC        IOMCR
  D:00D6H         PUBLIC        UARTSTAT
  -------         PROC          VUARTINIT
  C:8E0CH         LINE#         36
  C:8E0CH         LINE#         37
  C:8E0CH         LINE#         38
  C:8E0FH         LINE#         39
  C:8E12H         LINE#         40
  C:8E15H         LINE#         41
  C:8E18H         LINE#         42
  C:8E1BH         LINE#         56
  -------         ENDPROC       VUARTINIT
  -------         PROC          UCUARTGETBYTE
  C:8DBDH         LINE#         67
  C:8DBDH         LINE#         68
  C:8DBDH         LINE#         69
  C:8DC0H         LINE#         70
  C:8DC3H         LINE#         71
  C:8DC8H         LINE#         72
  C:8DCBH         LINE#         73
  C:8DCEH         LINE#         74
  C:8DD0H         LINE#         75
  -------         ENDPROC       UCUARTGETBYTE
  -------         PROC          _VUARTPUTBYTE
  D:0007H         SYMBOL        Byte
  C:8DD1H         LINE#         86
  C:8DD1H         LINE#         87
  C:8DD1H         LINE#         93
  C:8DD4H         LINE#         95
  C:8DD7H         LINE#         96
  C:8DD9H         LINE#         97
  C:8DDCH         LINE#         98
  C:8DE1H         LINE#         99
  C:8DE4H         LINE#         109
  -------         ENDPROC       _VUARTPUTBYTE
  -------         PROC          _VUARTSENDDATA
  X:0113H         SYMBOL        OutData
  D:0004H         SYMBOL        Len
  -------         DO            
  D:0006H         SYMBOL        TmpLen
  -------         ENDDO         
  C:86FCH         LINE#         121
  C:8707H         LINE#         122
  C:8707H         LINE#         124
  C:870FH         LINE#         125
  C:8712H         LINE#         126
  C:8727H         LINE#         127
  C:872AH         LINE#         128
  C:8734H         LINE#         129
  C:8734H         LINE#         130
  C:8739H         LINE#         131
  C:874EH         LINE#         132
BL51 BANKED LINKER/LOCATER V6.22                                                      02/03/2015  17:48:48  PAGE 29


  C:8750H         LINE#         133
  C:8755H         LINE#         134
  C:8758H         LINE#         135
  -------         ENDPROC       _VUARTSENDDATA
  -------         PROC          _VUARTRECVDATA
  D:0006H         SYMBOL        InData
  D:0004H         SYMBOL        Len
  C:8BAFH         LINE#         147
  C:8BAFH         LINE#         148
  C:8BAFH         LINE#         149
  C:8BB2H         LINE#         150
  C:8BB5H         LINE#         151
  C:8BBFH         LINE#         152
  C:8BBFH         LINE#         153
  C:8BC4H         LINE#         154
  C:8BD3H         LINE#         155
  C:8BD6H         LINE#         156
  C:8BD8H         LINE#         157
  C:8BDBH         LINE#         158
  -------         ENDPROC       _VUARTRECVDATA
  -------         ENDMOD        UARTFUNC

  -------         MODULE        TIMERFUNC
  C:0000H         SYMBOL        _ICE_DUMMY_
  B:00A8H.7       PUBLIC        EA
  D:0090H         PUBLIC        SCUOSCCTRL
  D:0098H         PUBLIC        SCUIE0
  D:0099H         PUBLIC        SCUIE1
  D:00B0H         PUBLIC        TM0CDATA
  D:00B1H         PUBLIC        TM1CDATA
  D:00A0H         PUBLIC        TM2CDATA
  D:00B3H         PUBLIC        TM0CON
  D:00A1H         PUBLIC        TM3CDATA
  D:00B4H         PUBLIC        TM1CON
  D:00B2H         PUBLIC        TM1MOD
  D:00A3H         PUBLIC        TM2CON
  D:00A2H         PUBLIC        TM2MOD
  D:00A4H         PUBLIC        TM3CON
  D:0096H         PUBLIC        SCUWE0
  D:0097H         PUBLIC        SCUWE1
  C:8863H         PUBLIC        _vTimerClkSel
  C:8434H         PUBLIC        _vTimer1Start
  C:8359H         PUBLIC        _vTimer2Start
  D:0091H         PUBLIC        SCUMCG
  B:00A8H.2       PUBLIC        EX1
  D:00F8H         PUBLIC        SCUTMRCG
  -------         PROC          _VTIMERCLKSEL
  X:0072H         SYMBOL        TimerNum
  X:0073H         SYMBOL        TimerClk
  C:8863H         LINE#         32
  C:886BH         LINE#         33
  C:886BH         LINE#         34
  C:888BH         LINE#         35
  C:888BH         LINE#         36
  C:888BH         LINE#         37
  C:888BH         LINE#         38
  C:888BH         LINE#         39
BL51 BANKED LINKER/LOCATER V6.22                                                      02/03/2015  17:48:48  PAGE 30


  C:888BH         LINE#         40
  C:888EH         LINE#         41
  C:8890H         LINE#         42
  C:8890H         LINE#         43
  C:8890H         LINE#         44
  C:8890H         LINE#         45
  C:8890H         LINE#         46
  C:8893H         LINE#         47
  C:8893H         LINE#         48
  C:8893H         LINE#         49
  C:8893H         LINE#         51
  C:8893H         LINE#         52
  C:889CH         LINE#         53
  C:889CH         LINE#         54
  C:889FH         LINE#         55
  C:889FH         LINE#         56
  C:88A1H         LINE#         57
  C:88AEH         LINE#         58
  C:88AEH         LINE#         59
  C:88B1H         LINE#         60
  C:88B7H         LINE#         61
  C:88B7H         LINE#         63
  -------         ENDPROC       _VTIMERCLKSEL
  -------         PROC          _VTIMER1START
  D:0006H         SYMBOL        TimerNum
  D:0004H         SYMBOL        Mode
  D:0002H         SYMBOL        InitValue
  X:0071H         SYMBOL        TimerClk
  C:8434H         LINE#         65
  C:8438H         LINE#         66
  C:8438H         LINE#         67
  C:843BH         LINE#         68
  C:8445H         LINE#         69
  C:8450H         LINE#         70
  C:8450H         LINE#         72
  C:8450H         LINE#         73
  C:8453H         LINE#         74
  C:8456H         LINE#         75
  C:8456H         LINE#         76
  C:8456H         LINE#         78
  C:8456H         LINE#         79
  C:8456H         LINE#         80
  C:8456H         LINE#         82
  C:8456H         LINE#         83
  C:8458H         LINE#         84
  C:845DH         LINE#         85
  C:845DH         LINE#         86
  C:845DH         LINE#         88
  C:845DH         LINE#         89
  C:845DH         LINE#         90
  C:845DH         LINE#         92
  C:845DH         LINE#         93
  C:845DH         LINE#         94
  C:845FH         LINE#         95
  C:845FH         LINE#         96
  C:8462H         LINE#         97
  C:8465H         LINE#         98
BL51 BANKED LINKER/LOCATER V6.22                                                      02/03/2015  17:48:48  PAGE 31


  C:8465H         LINE#         99
  C:8467H         LINE#         101
  C:846AH         LINE#         102
  C:846DH         LINE#         103
  C:8470H         LINE#         105
  C:8473H         LINE#         106
  C:8475H         LINE#         107
  C:847AH         LINE#         108
  C:847AH         LINE#         109
  C:847CH         LINE#         112
  C:847FH         LINE#         114
  C:8482H         LINE#         115
  C:8482H         LINE#         117
  C:8482H         LINE#         118
  C:8482H         LINE#         120
  C:8484H         LINE#         121
  C:8484H         LINE#         122
  C:8487H         LINE#         124
  C:8489H         LINE#         125
  C:848CH         LINE#         127
  C:848FH         LINE#         128
  C:8492H         LINE#         130
  C:8495H         LINE#         132
  C:8498H         LINE#         134
  C:849BH         LINE#         135
  C:849BH         LINE#         136
  C:849BH         LINE#         137
  C:849BH         LINE#         138
  C:849BH         LINE#         139
  C:849DH         LINE#         140
  C:849FH         LINE#         141
  -------         ENDPROC       _VTIMER1START
  -------         PROC          _VTIMER2START
  D:0006H         SYMBOL        TimerNum
  D:0004H         SYMBOL        Mode
  D:0002H         SYMBOL        InitValue
  X:0011H         SYMBOL        TimerClk
  C:8359H         LINE#         155
  C:835DH         LINE#         156
  C:835DH         LINE#         157
  C:8360H         LINE#         158
  C:836AH         LINE#         159
  C:8375H         LINE#         160
  C:8375H         LINE#         161
  C:8375H         LINE#         162
  C:8378H         LINE#         163
  C:837CH         LINE#         164
  C:837CH         LINE#         165
  C:837CH         LINE#         167
  C:837CH         LINE#         168
  C:837CH         LINE#         169
  C:837CH         LINE#         171
  C:837CH         LINE#         172
  C:837EH         LINE#         173
  C:8383H         LINE#         174
  C:8383H         LINE#         176
  C:8383H         LINE#         178
BL51 BANKED LINKER/LOCATER V6.22                                                      02/03/2015  17:48:48  PAGE 32


  C:8383H         LINE#         179
  C:8383H         LINE#         180
  C:8383H         LINE#         182
  C:8383H         LINE#         183
  C:8383H         LINE#         184
  C:8385H         LINE#         185
  C:8385H         LINE#         186
  C:8388H         LINE#         187
  C:838CH         LINE#         188
  C:838CH         LINE#         189
  C:838EH         LINE#         191
  C:8391H         LINE#         192
  C:8394H         LINE#         193
  C:8397H         LINE#         195
  C:839AH         LINE#         196
  C:839CH         LINE#         197
  C:83A1H         LINE#         198
  C:83A1H         LINE#         199
  C:83A3H         LINE#         201
  C:83A6H         LINE#         202
  C:83A9H         LINE#         203
  C:83A9H         LINE#         205
  C:83A9H         LINE#         206
  C:83A9H         LINE#         207
  C:83ABH         LINE#         208
  C:83ABH         LINE#         209
  C:83AEH         LINE#         211
  C:83B0H         LINE#         212
  C:83B3H         LINE#         214
  C:83B6H         LINE#         215
  C:83B9H         LINE#         217
  C:83BCH         LINE#         219
  C:83BFH         LINE#         221
  C:83C2H         LINE#         222
  C:83C2H         LINE#         223
  C:83C2H         LINE#         224
  C:83C2H         LINE#         225
  C:83C2H         LINE#         226
  C:83C4H         LINE#         228
  C:83C6H         LINE#         229
  -------         ENDPROC       _VTIMER2START
  -------         ENDMOD        TIMERFUNC

  -------         MODULE        ISRFRAME
  C:0000H         SYMBOL        _ICE_DUMMY_
  C:8200H         PUBLIC        vTF0_ISR
  C:8189H         PUBLIC        vTF1_ISR
  C:8275H         PUBLIC        vEX0_ISR
  C:7B9DH         PUBLIC        vEX1_ISR
  B:00A8H.4       PUBLIC        ES
  D:00D4H         PUBLIC        UARTBUF
  D:00C7H         PUBLIC        IOMP0DOUT
  D:00B4H         PUBLIC        TM1CON
  D:009AH         PUBLIC        SCUIS0
  D:009BH         PUBLIC        SCUIS1
  D:00B5H         PUBLIC        TM1INTSTS
  D:00A5H         PUBLIC        TM2INTSTS
BL51 BANKED LINKER/LOCATER V6.22                                                      02/03/2015  17:48:48  PAGE 33


  D:00DFH         PUBLIC        TBCINTSTS
  B:00A8H.1       PUBLIC        ET0
  B:00A8H.3       PUBLIC        ET1
  B:00A8H.0       PUBLIC        EX0
  B:00A8H.2       PUBLIC        EX1
  D:00BCH         PUBLIC        IOMP1ISR
  D:00CCH         PUBLIC        IOMP1INTS1
  D:00CDH         PUBLIC        IOMP1INTS2
  C:7D71H         PUBLIC        vSI_ISR
  X:0118H         PUBLIC        iFlag
  D:00D6H         PUBLIC        UARTSTAT
  -------         PROC          VEX0_ISR
  C:8275H         LINE#         16
  C:8292H         LINE#         18
  C:8295H         LINE#         19
  C:8297H         LINE#         22
  C:829CH         LINE#         23
  C:829CH         LINE#         24
  C:829FH         LINE#         25
  C:82A5H         LINE#         26
  C:82A8H         LINE#         28
  C:82B7H         LINE#         29
  C:82B7H         LINE#         32
  C:82BCH         LINE#         33
  C:82BCH         LINE#         34
  C:82BFH         LINE#         35
  C:82C8H         LINE#         36
  C:82C8H         LINE#         40
  C:82CAH         LINE#         41
  C:82CDH         LINE#         42
  -------         ENDPROC       VEX0_ISR
  -------         PROC          VTF0_ISR
  C:8200H         LINE#         45
  C:821DH         LINE#         47
  C:8220H         LINE#         48
  C:8222H         LINE#         51
  C:8227H         LINE#         52
  C:8227H         LINE#         54
  C:822DH         LINE#         55
  C:824CH         LINE#         57
  C:824FH         LINE#         58
  C:8255H         LINE#         59
  C:8255H         LINE#         61
  C:8257H         LINE#         62
  C:825AH         LINE#         63
  -------         ENDPROC       VTF0_ISR
  -------         PROC          VEX1_ISR
  C:7B9DH         LINE#         65
  C:7BBAH         LINE#         67
  C:7BBDH         LINE#         68
  C:7BBFH         LINE#         71
  C:7BC4H         LINE#         72
  C:7BC4H         LINE#         73
[...]
  C:7914H         LINE#         50
  C:7915H         LINE#         51
  C:7916H         LINE#         53
  C:7917H         LINE#         54
  C:7918H         LINE#         55
  C:7919H         LINE#         56
  C:791AH         LINE#         57
BL51 BANKED LINKER/LOCATER V6.22                                                      02/03/2015  17:48:48  PAGE 90


  C:791BH         LINE#         58
  C:791CH         LINE#         59
  C:791DH         LINE#         60
  C:791EH         LINE#         61
  C:791FH         LINE#         62
  C:7920H         LINE#         64
  C:7921H         LINE#         65
  C:7922H         LINE#         66
  C:7923H         LINE#         67
  C:7924H         LINE#         68
  C:7925H         LINE#         69
  C:7926H         LINE#         70
  C:7927H         LINE#         71
  C:7928H         LINE#         72
  C:7929H         LINE#         73
  C:792AH         LINE#         75
  C:792BH         LINE#         76
  C:792CH         LINE#         77
  C:792DH         LINE#         78
  C:792EH         LINE#         79
  C:792FH         LINE#         80
  C:7930H         LINE#         81
  C:7931H         LINE#         82
  C:7932H         LINE#         83
  C:7933H         LINE#         84
  C:7934H         LINE#         86
  C:7935H         LINE#         87
  C:7936H         LINE#         88
  C:7937H         LINE#         89
  C:7938H         LINE#         90
  C:7939H         LINE#         91
  C:793AH         LINE#         92
  C:793BH         LINE#         93
  C:793CH         LINE#         94
  C:793DH         LINE#         95
  C:793EH         LINE#         97
  C:793FH         LINE#         98
  C:7940H         LINE#         99
  C:7941H         LINE#         100
  C:7942H         LINE#         101
  C:7943H         LINE#         102
  C:7944H         LINE#         103
  C:7945H         LINE#         104
  C:7946H         LINE#         105
  C:7947H         LINE#         106
  C:7948H         LINE#         108
  C:7949H         LINE#         109
  C:794AH         LINE#         110
  C:794BH         LINE#         111
  C:794CH         LINE#         112
  C:794DH         LINE#         113
  C:794EH         LINE#         114
  C:794FH         LINE#         115
  C:7950H         LINE#         116
  C:7951H         LINE#         117
  C:7952H         LINE#         119
  C:7953H         LINE#         120
BL51 BANKED LINKER/LOCATER V6.22                                                      02/03/2015  17:48:48  PAGE 91


  C:7954H         LINE#         121
  C:7955H         LINE#         122
  C:7956H         LINE#         123
  C:7957H         LINE#         124
  C:7958H         LINE#         125
  C:7959H         LINE#         126
  C:795AH         LINE#         127
  C:795BH         LINE#         128
  C:795CH         LINE#         130
  C:795DH         LINE#         131
  C:795EH         LINE#         132
  C:795FH         LINE#         133
  C:7960H         LINE#         134
  C:7961H         LINE#         135
  C:7962H         LINE#         136
  C:7963H         LINE#         137
  C:7964H         LINE#         138
  C:7965H         LINE#         139
  C:7966H         LINE#         141
  C:7967H         LINE#         142
  C:7968H         LINE#         143
  C:7969H         LINE#         144
  C:796AH         LINE#         145
  C:796BH         LINE#         146
  C:796CH         LINE#         147
  C:796DH         LINE#         148
  C:796EH         LINE#         149
  C:796FH         LINE#         150
  C:7970H         LINE#         152
  C:7971H         LINE#         153
  C:7972H         LINE#         154
  C:7973H         LINE#         155
  C:7974H         LINE#         156
  C:7975H         LINE#         157
  C:7976H         LINE#         158
  C:7977H         LINE#         159
  C:7978H         LINE#         160
  C:7979H         LINE#         161
  C:797AH         LINE#         163
  C:797BH         LINE#         164
  C:797CH         LINE#         165
  C:797DH         LINE#         166
  C:797EH         LINE#         167
  C:797FH         LINE#         168
  C:7980H         LINE#         169
  C:7981H         LINE#         170
  C:7982H         LINE#         171
  C:7983H         LINE#         172
  C:7984H         LINE#         174
  C:7985H         LINE#         175
  C:7986H         LINE#         176
  C:7987H         LINE#         177
  C:7988H         LINE#         178
  C:7989H         LINE#         179
  C:798AH         LINE#         180
  C:798BH         LINE#         181
  C:798CH         LINE#         182
BL51 BANKED LINKER/LOCATER V6.22                                                      02/03/2015  17:48:48  PAGE 92


  C:798DH         LINE#         183
  C:798EH         LINE#         185
  C:7996H         LINE#         186
  -------         ENDPROC       _VDELAY
  -------         PROC          _UCSYSCLKCHANGE
  D:0007H         SYMBOL        CLK
  C:869EH         LINE#         188
  C:869EH         LINE#         189
  C:869EH         LINE#         190
  C:86AEH         LINE#         191
  C:86AEH         LINE#         192
  C:86AEH         LINE#         193
  C:86C4H         LINE#         195
  C:86C6H         LINE#         196
  C:86C6H         LINE#         197
  C:86DCH         LINE#         199
  C:86DEH         LINE#         200
  C:86DEH         LINE#         202
  C:86ECH         LINE#         203
  C:86EEH         LINE#         204
  C:86EEH         LINE#         206
  C:86F9H         LINE#         208
  C:86F9H         LINE#         209
  C:86F9H         LINE#         210
  C:86F9H         LINE#         211
  C:86F9H         LINE#         213
  C:86FBH         LINE#         214
  -------         ENDPROC       _UCSYSCLKCHANGE
  -------         ENDMOD        DEBUG

  -------         MODULE        CRC
  C:7E93H         SEGMENT       ?PR?_U16CRCCOMPUTE?CRC
  X:000DH         SEGMENT       ?XD?_U16CRCCOMPUTE?CRC
  C:8DE5H         SEGMENT       ?PR?_UCENDIANCHANGE?CRC
  C:7E93H         PUBLIC        _U16CRCCOMPUTE
  C:8DE5H         PUBLIC        _UCENDIANCHANGE
  C:7EAAH         SYMBOL        ?C0001
  C:7F12H         SYMBOL        ?C0002
  C:7F0BH         SYMBOL        ?C0003
  C:7ECCH         SYMBOL        ?C0004
  C:7EE7H         SYMBOL        ?C0007
  C:7EF4H         SYMBOL        ?C0008
  C:7F1AH         SYMBOL        ?C0009
  C:8DF8H         SYMBOL        ?C0010
  C:7F05H         SYMBOL        ?C0011
  C:7F10H         SYMBOL        ?C0012
  X:000DH         SYMBOL        ?_U16CRCCOMPUTE?BYTE
  B:00D0H.6       SYMBOL        AC
  D:00E0H         SYMBOL        ACC
  X:000DH         SYMBOL        ADDR?040
  D:00F0H         SYMBOL        B
  N:0000H         SYMBOL        CRC
  X:0011H         SYMBOL        CRC?042
  B:00D0H.7       SYMBOL        CY
  D:0083H         SYMBOL        DPH
  D:0085H         SYMBOL        DPH2
  D:0082H         SYMBOL        DPL
BL51 BANKED LINKER/LOCATER V6.22                                                      02/03/2015  17:48:48  PAGE 93


  D:0084H         SYMBOL        DPL2
  D:0086H         SYMBOL        DPS
  B:00A8H.7       SYMBOL        EA
  C:8DECH         SYMBOL        ENDIANLOOP
  B:00A8H.4       SYMBOL        ES
  B:00A8H.1       SYMBOL        ET0
  B:00A8H.3       SYMBOL        ET1
  B:00A8H.0       SYMBOL        EX0
  B:00A8H.2       SYMBOL        EX1
  B:00D0H.5       SYMBOL        F0
  D:00A8H         SYMBOL        IE
  B:0088H.1       SYMBOL        IE0
  B:0088H.3       SYMBOL        IE1
  D:00C0H         SYMBOL        IOMCR
  D:00C6H         SYMBOL        IOMP0DIN
  D:00C1H         SYMBOL        IOMP0DIR
  D:00C7H         SYMBOL        IOMP0DOUT
  D:00C4H         SYMBOL        IOMP0INTS1
  D:00C5H         SYMBOL        IOMP0INTS2
  D:00C8H         SYMBOL        IOMP0ISR
  D:00C3H         SYMBOL        IOMP0PD
  D:00C2H         SYMBOL        IOMP0PU
  D:00CEH         SYMBOL        IOMP1DIN
  D:00C9H         SYMBOL        IOMP1DIR
  D:00CFH         SYMBOL        IOMP1DOUT
  D:00CCH         SYMBOL        IOMP1INTS1
  D:00CDH         SYMBOL        IOMP1INTS2
  D:00BCH         SYMBOL        IOMP1ISR
  D:00CBH         SYMBOL        IOMP1PD
  D:00CAH         SYMBOL        IOMP1PU
  D:00B8H         SYMBOL        IP
  B:0088H.0       SYMBOL        IT0
  B:0088H.2       SYMBOL        IT1
  D:00A1H         SYMBOL        KBCCR
  D:00A2H         SYMBOL        KBCDAT1
  D:00A3H         SYMBOL        KBCDAT2
  D:00A0H         SYMBOL        KBCSTAT
  X:000FH         SYMBOL        LEN?041
  B:00D0H.2       SYMBOL        OV
  B:00D0H.0       SYMBOL        P
  D:0087H         SYMBOL        PCON
  B:00B8H.4       SYMBOL        PS
  D:00D0H         SYMBOL        PSW
  B:00B8H.1       SYMBOL        PT0
  B:00B8H.3       SYMBOL        PT1
  B:00B8H.0       SYMBOL        PX0
  B:00B8H.2       SYMBOL        PX1
  D:00EFH         SYMBOL        RNGDATA
  D:00EEH         SYMBOL        RNGINT
  D:00EDH         SYMBOL        RNGMODE
  D:00ECH         SYMBOL        RNGSTART
  B:00D0H.3       SYMBOL        RS0
  B:00D0H.4       SYMBOL        RS1
  D:009CH         SYMBOL        SCUCTRL
  D:0098H         SYMBOL        SCUIE0
  D:0099H         SYMBOL        SCUIE1
  D:009AH         SYMBOL        SCUIS0
BL51 BANKED LINKER/LOCATER V6.22                                                      02/03/2015  17:48:48  PAGE 94


  D:009BH         SYMBOL        SCUIS1
  D:00F9H         SYMBOL        SCULCDSWEN
  D:0091H         SYMBOL        SCUMCG
  D:0090H         SYMBOL        SCUOSCCTRL
  D:009EH         SYMBOL        SCUPC
  D:0092H         SYMBOL        SCUPM
  D:0093H         SYMBOL        SCUPMP
  D:00FAH         SYMBOL        SCURAMSWEN
  D:009DH         SYMBOL        SCURNGC
  D:0094H         SYMBOL        SCUSO
  D:00F8H         SYMBOL        SCUTMRCG
  D:0096H         SYMBOL        SCUWE0
  D:0097H         SYMBOL        SCUWE1
  D:0095H         SYMBOL        SCUWT
  D:00F4H         SYMBOL        SM3CON
  D:00F5H         SYMBOL        SM3INT
  D:0081H         SYMBOL        SP
  D:00D9H         SYMBOL        TBCADJH
  D:00D8H         SYMBOL        TBCADJL
  D:00DEH         SYMBOL        TBCDR0
  D:00DDH         SYMBOL        TBCDR1
  D:00DCH         SYMBOL        TBCDR2
  D:00DBH         SYMBOL        TBCDR3
  D:00DFH         SYMBOL        TBCINTSTS
  D:00DAH         SYMBOL        TBCSTART
  D:0088H         SYMBOL        TCON
  B:0088H.5       SYMBOL        TF0
  B:0088H.7       SYMBOL        TF1
  D:00B0H         SYMBOL        TM0CDATA
  D:00B3H         SYMBOL        TM0CON
  D:00B1H         SYMBOL        TM1CDATA
  D:00B4H         SYMBOL        TM1CON
  D:00B5H         SYMBOL        TM1INTSTS
  D:00B2H         SYMBOL        TM1MOD
  D:00A0H         SYMBOL        TM2CDATA
  D:00A3H         SYMBOL        TM2CON
  D:00A5H         SYMBOL        TM2INTSTS
  D:00A2H         SYMBOL        TM2MOD
  D:00A1H         SYMBOL        TM3CDATA
  D:00A4H         SYMBOL        TM3CON
  D:00D4H         SYMBOL        UARTBUF
  D:00D5H         SYMBOL        UARTCON
  D:00D6H         SYMBOL        UARTSTAT
  D:00E4H         SYMBOL        WDTCON
  D:00E6H         SYMBOL        WDTINTSTS
  D:00E5H         SYMBOL        WDTMOD
  C:7E93H         LINE#         154
  C:7E96H         LINE#         155
  C:7E97H         LINE#         156
  C:7E98H         LINE#         157
  C:7E99H         LINE#         158
  C:7E9AH         LINE#         159
  C:7E9BH         LINE#         160
  C:7E9CH         LINE#         161
  C:7E9DH         LINE#         162
  C:7E9EH         LINE#         163
  C:7E9FH         LINE#         164
BL51 BANKED LINKER/LOCATER V6.22                                                      02/03/2015  17:48:48  PAGE 95


  C:7EA0H         LINE#         165
  C:7EA1H         LINE#         166
  C:7EA2H         LINE#         167
  C:7EA3H         LINE#         168
  C:7EA4H         LINE#         169
  C:7EA5H         LINE#         170
  C:7EA6H         LINE#         171
  C:7EA7H         LINE#         179
  C:7EA8H         LINE#         180
  C:7EA9H         LINE#         181
  C:7EAAH         LINE#         183
  C:7EABH         LINE#         184
  C:7EAEH         LINE#         185
  C:7EAFH         LINE#         186
  C:7EB0H         LINE#         187
  C:7EB3H         LINE#         188
  C:7EB4H         LINE#         189
  C:7EB5H         LINE#         190
  C:7EB7H         LINE#         195
  C:7EBAH         LINE#         196
  C:7EBBH         LINE#         197
  C:7EBCH         LINE#         198
  C:7EBDH         LINE#         199
  C:7EC0H         LINE#         200
  C:7EC1H         LINE#         201
  C:7EC2H         LINE#         202
  C:7EC4H         LINE#         203
  C:7EC6H         LINE#         204
  C:7EC7H         LINE#         205
  C:7EC8H         LINE#         207
  C:7EC9H         LINE#         211
  C:7ECAH         LINE#         212
  C:7ECBH         LINE#         213
  C:7ECCH         LINE#         219
  C:7ECFH         LINE#         220
  C:7ED0H         LINE#         221
  C:7ED1H         LINE#         222
  C:7ED4H         LINE#         223
  C:7ED5H         LINE#         224
  C:7ED6H         LINE#         225
  C:7ED8H         LINE#         226
  C:7ED9H         LINE#         227
  C:7EDCH         LINE#         228
  C:7EDDH         LINE#         229
  C:7EDEH         LINE#         230
  C:7EE0H         LINE#         231
  C:7EE1H         LINE#         232
  C:7EE2H         LINE#         233
  C:7EE4H         LINE#         234
  C:7EE5H         LINE#         235
  C:7EE7H         LINE#         237
  C:7EEAH         LINE#         238
  C:7EEBH         LINE#         239
  C:7EEDH         LINE#         240
  C:7EEEH         LINE#         241
  C:7EF1H         LINE#         242
  C:7EF2H         LINE#         243
BL51 BANKED LINKER/LOCATER V6.22                                                      02/03/2015  17:48:48  PAGE 96


  C:7EF3H         LINE#         244
  C:7EF4H         LINE#         246
  C:7EF7H         LINE#         247
  C:7EF8H         LINE#         248
  C:7EF9H         LINE#         249
  C:7EFAH         LINE#         250
  C:7EFBH         LINE#         251
  C:7EFCH         LINE#         254
  C:7EFDH         LINE#         255
  C:7EFFH         LINE#         256
  C:7F00H         LINE#         259
  C:7F01H         LINE#         260
  C:7F04H         LINE#         261
  C:7F05H         LINE#         263
  C:7F06H         LINE#         264
  C:7F08H         LINE#         265
  C:7F09H         LINE#         266
  C:7F0BH         LINE#         270
  C:7F0CH         LINE#         271
  C:7F0FH         LINE#         272
  C:7F10H         LINE#         274
  C:7F12H         LINE#         279
  C:7F15H         LINE#         280
  C:7F16H         LINE#         281
  C:7F17H         LINE#         282
  C:7F18H         LINE#         283
  C:7F19H         LINE#         284
  C:7F1AH         LINE#         289
  C:8DE5H         LINE#         316
  C:8DE6H         LINE#         318
  C:8DE8H         LINE#         320
  C:8DEAH         LINE#         322
  C:8DEBH         LINE#         324
  C:8DECH         LINE#         328
  C:8DEDH         LINE#         330
  C:8DEFH         LINE#         332
  C:8DF0H         LINE#         334
  C:8DF2H         LINE#         336
  C:8DF4H         LINE#         340
  C:8DF6H         LINE#         342
  C:8DF7H         LINE#         346
  C:8DF8H         LINE#         350
  -------         ENDMOD        CRC

  -------         MODULE        ?C?FPADD
  C:333EH         PUBLIC        ?C?FPADD
  C:333AH         PUBLIC        ?C?FPSUB
  -------         ENDMOD        ?C?FPADD

  -------         MODULE        ?C?FPMUL
  C:342FH         PUBLIC        ?C?FPMUL
  -------         ENDMOD        ?C?FPMUL

  -------         MODULE        ?C?FPDIV
  C:3538H         PUBLIC        ?C?FPDIV
  -------         ENDMOD        ?C?FPDIV

BL51 BANKED LINKER/LOCATER V6.22                                                      02/03/2015  17:48:48  PAGE 97


  -------         MODULE        ?C?FCAST
  C:35DFH         PUBLIC        ?C?FCASTC
  C:35DAH         PUBLIC        ?C?FCASTI
  C:35D5H         PUBLIC        ?C?FCASTL
  -------         ENDMOD        ?C?FCAST

  -------         MODULE        PRINTF
  X:003DH         PUBLIC        ?_PRINTF?BYTE
  X:003DH         PUBLIC        ?_SPRINTF?BYTE
  C:47BCH         PUBLIC        _PRINTF
  C:47B6H         PUBLIC        _SPRINTF
  -------         ENDMOD        PRINTF

  -------         MODULE        ?C?FPROUND
  C:365DH         PUBLIC        ?C?FPROUND
  -------         ENDMOD        ?C?FPROUND

  -------         MODULE        ?C?FPCONVERT
  C:369AH         PUBLIC        ?C?FPCONVERT
  -------         ENDMOD        ?C?FPCONVERT

  -------         MODULE        ?C?FTNPWR
  C:37CFH         PUBLIC        ?C?FTNPWR
  -------         ENDMOD        ?C?FTNPWR

  -------         MODULE        ?C?COPY
  C:38DFH         PUBLIC        ?C?COPY
  -------         ENDMOD        ?C?COPY

  -------         MODULE        ?C?CLDPTR
  C:3905H         PUBLIC        ?C?CLDPTR
  -------         ENDMOD        ?C?CLDPTR

  -------         MODULE        ?C?CLDOPTR
  C:391EH         PUBLIC        ?C?CLDOPTR
  -------         ENDMOD        ?C?CLDOPTR

  -------         MODULE        ?C?CSTPTR
  C:394BH         PUBLIC        ?C?CSTPTR
  -------         ENDMOD        ?C?CSTPTR

  -------         MODULE        ?C?IILDX
  C:395DH         PUBLIC        ?C?IILDX
  -------         ENDMOD        ?C?IILDX

  -------         MODULE        ?C?ILDIX
  C:3973H         PUBLIC        ?C?ILDIX
  -------         ENDMOD        ?C?ILDIX

  -------         MODULE        ?C?ULDIV
  C:39C5H         PUBLIC        ?C?ULDIV
  -------         ENDMOD        ?C?ULDIV

  -------         MODULE        ?C?LNEG
  C:3A57H         PUBLIC        ?C?LNEG
  -------         ENDMOD        ?C?LNEG

BL51 BANKED LINKER/LOCATER V6.22                                                      02/03/2015  17:48:48  PAGE 98


  -------         MODULE        ?C?LSHL
  C:3A65H         PUBLIC        ?C?LSHL
  -------         ENDMOD        ?C?LSHL

  -------         MODULE        ?C?LLDIDATA0
  C:3A78H         PUBLIC        ?C?LLDIDATA0
  -------         ENDMOD        ?C?LLDIDATA0

  -------         MODULE        ?C?LSTIDATA
  C:3A85H         PUBLIC        ?C?LSTIDATA
  -------         ENDMOD        ?C?LSTIDATA

  -------         MODULE        ?C?LSTXDATA
  C:3A91H         PUBLIC        ?C?LSTXDATA
  -------         ENDMOD        ?C?LSTXDATA

  -------         MODULE        ?C?PLDIXDATA
  C:3A9DH         PUBLIC        ?C?PLDIXDATA
  -------         ENDMOD        ?C?PLDIXDATA

  -------         MODULE        ?C?PSTXDATA
  C:3AB4H         PUBLIC        ?C?PSTXDATA
  -------         ENDMOD        ?C?PSTXDATA

  -------         MODULE        ?C?CCASE
  C:3ABDH         PUBLIC        ?C?CCASE
  -------         ENDMOD        ?C?CCASE

  -------         MODULE        ?C?ICALL
  C:3AE3H         PUBLIC        ?C?ICALL
  C:3AE7H         PUBLIC        ?C?ICALL2
  -------         ENDMOD        ?C?ICALL

  -------         MODULE        STRNCMP
  X:0005H         PUBLIC        ?_strncmp?BYTE
  C:7F1BH         PUBLIC        _strncmp
  -------         ENDMOD        STRNCMP

  -------         MODULE        ?C?MEMCMP
  C:3C6FH         PUBLIC        ?C?MEMCMP
  -------         ENDMOD        ?C?MEMCMP

  -------         MODULE        ?C?MEMSET
  C:3C93H         PUBLIC        ?C?MEMSET
  -------         ENDMOD        ?C?MEMSET

*** WARNING L15: MULTIPLE CALL TO SEGMENT
    SEGMENT: ?PR?PRINTF?PRINTF
    CALLER1: ?C_C51STARTUP
    CALLER2: ?PR?VEX0_ISR?ISRFRAME

*** WARNING L15: MULTIPLE CALL TO SEGMENT
    SEGMENT: ?PR?_VTIMER1START?TIMERFUNC
    CALLER1: ?C_C51STARTUP
    CALLER2: ?PR?VEX1_ISR?ISRFRAME

*** WARNING L15: MULTIPLE CALL TO SEGMENT
BL51 BANKED LINKER/LOCATER V6.22                                                      02/03/2015  17:48:48  PAGE 99


    SEGMENT: ?PR?_VTIMERCLKSEL?TIMERFUNC
    CALLER1: ?C_C51STARTUP
    CALLER2: ?PR?VEX1_ISR?ISRFRAME

Program Size: data=104.2 xdata=1405 code=36476
LINK/LOCATE RUN COMPLETE.  3 WARNING(S),  0 ERROR(S)
