BL51 BANKED LINKER/LOCATER V6.22                                                        11/23/2016  11:58:16  PAGE 1


BL51 BANKED LINKER/LOCATER V6.22, INVOKED BY:
C:\KEIL\C51\BIN\BL51.EXE .\ObjFile\Z8_STARTUP.obj, .\ObjFile\Main.obj, .\ObjFile\HardApiAsm.obj, .\ObjFile\TbcFunc.obj, 
>> .\ObjFile\OtpFunc.obj, .\ObjFile\LcdFunc.obj, .\ObjFile\AdcFunc.obj, .\ObjFile\ScuFunc.obj, .\ObjFile\UartFunc.obj, .
>> \ObjFile\TimerFunc.obj, .\ObjFile\WdtFunc.obj, .\ObjFile\Hmac.obj, .\ObjFile\Sha1.obj, .\ObjFile\I2C.obj, .\ObjFile\U
>> c8118.obj, .\ObjFile\IsrFrame.obj, .\ObjFile\OtpFrame.obj, .\ObjFile\AdcFrame.obj, .\ObjFile\SM4Process.obj, .\ObjFil
>> e\UartFrame.obj, .\ObjFile\PUTCHAR.obj, .\ObjFile\Debug.obj, .\ObjFile\Crc.obj, .\SrcFile\Lib\Z8D16R_SM4_L_V1.0.LIB, 
>> .\ObjFile\BigApiAsm.obj TO .\ObjFile\Z8D16R_2 PRINT (.\LstFile\Z8D16R_2.m51) RAMSIZE (256) DISABLEWARNING (16) CODE (
>> 0X0000-0XBFFF) XDATA (0X0000-0X0BFF)


MEMORY MODEL: LARGE WITH FLOATING POINT ARITHMETIC


INPUT MODULES INCLUDED:
  .\ObjFile\Z8_STARTUP.obj (?C_STARTUP)
  .\ObjFile\Main.obj (MAIN)
  .\ObjFile\HardApiAsm.obj (HARDAPIASM)
  .\ObjFile\TbcFunc.obj (TBCFUNC)
  .\ObjFile\OtpFunc.obj (OTPFUNC)
  .\ObjFile\LcdFunc.obj (LCDFUNC)
  .\ObjFile\AdcFunc.obj (ADCFUNC)
  .\ObjFile\ScuFunc.obj (SCUFUNC)
  .\ObjFile\UartFunc.obj (UARTFUNC)
  .\ObjFile\TimerFunc.obj (TIMERFUNC)
  .\ObjFile\WdtFunc.obj (WDTFUNC)
  .\ObjFile\Hmac.obj (HMAC)
  .\ObjFile\Sha1.obj (SHA1)
  .\ObjFile\I2C.obj (I2C)
  .\ObjFile\Uc8118.obj (UC8118)
  .\ObjFile\IsrFrame.obj (ISRFRAME)
  .\ObjFile\OtpFrame.obj (OTPFRAME)
  .\ObjFile\AdcFrame.obj (ADCFRAME)
  .\ObjFile\SM4Process.obj (SM4PROCESS)
  .\ObjFile\UartFrame.obj (UARTFRAME)
  .\ObjFile\PUTCHAR.obj (PUTCHAR)
  .\ObjFile\Debug.obj (DEBUG)
  .\ObjFile\Crc.obj (CRC)
  .\SrcFile\Lib\Z8D16R_SM4_L_V1.0.LIB (SM4)
  .\ObjFile\BigApiAsm.obj (BIGAPIASM)
  C:\KEIL\C51\LIB\C51FPL.LIB (?C?FPADD)
  C:\KEIL\C51\LIB\C51FPL.LIB (?C?FPMUL)
  C:\KEIL\C51\LIB\C51FPL.LIB (?C?FPDIV)
  C:\KEIL\C51\LIB\C51FPL.LIB (?C?FPCMP)
  C:\KEIL\C51\LIB\C51FPL.LIB (?C?FPNEG)
  C:\KEIL\C51\LIB\C51FPL.LIB (?C?FCAST)
  C:\KEIL\C51\LIB\C51FPL.LIB (?C?CASTF)
  C:\KEIL\C51\LIB\C51FPL.LIB (FABS)
  C:\KEIL\C51\LIB\C51FPL.LIB (?C?FPGETOPN)
  C:\KEIL\C51\LIB\C51L.LIB (?C_INIT)
  C:\KEIL\C51\LIB\C51L.LIB (?C?COPY)
  C:\KEIL\C51\LIB\C51L.LIB (?C?CLDPTR)
  C:\KEIL\C51\LIB\C51L.LIB (?C?CLDOPTR)
  C:\KEIL\C51\LIB\C51L.LIB (?C?CSTPTR)
  C:\KEIL\C51\LIB\C51L.LIB (?C?CSTOPTR)
  C:\KEIL\C51\LIB\C51L.LIB (?C?IMUL)
  C:\KEIL\C51\LIB\C51L.LIB (?C?UIDIV)
  C:\KEIL\C51\LIB\C51L.LIB (?C?IILDX)
  C:\KEIL\C51\LIB\C51L.LIB (?C?ILDIX)
BL51 BANKED LINKER/LOCATER V6.22                                                      11/23/2016  11:58:16  PAGE 2


  C:\KEIL\C51\LIB\C51L.LIB (?C?ILDPTR)
  C:\KEIL\C51\LIB\C51L.LIB (?C?ISTPTR)
  C:\KEIL\C51\LIB\C51L.LIB (?C?LMUL)
  C:\KEIL\C51\LIB\C51L.LIB (?C?ULDIV)
  C:\KEIL\C51\LIB\C51L.LIB (?C?LNOT)
  C:\KEIL\C51\LIB\C51L.LIB (?C?LNEG)
  C:\KEIL\C51\LIB\C51L.LIB (?C?ULCMP)
  C:\KEIL\C51\LIB\C51L.LIB (?C?ULSHR)
  C:\KEIL\C51\LIB\C51L.LIB (?C?LSHL)
  C:\KEIL\C51\LIB\C51L.LIB (?C?LLDPTR)
  C:\KEIL\C51\LIB\C51L.LIB (?C?LSTPTR)
  C:\KEIL\C51\LIB\C51L.LIB (?C?LLDIDATA)
  C:\KEIL\C51\LIB\C51L.LIB (?C?LLDCODE)
  C:\KEIL\C51\LIB\C51L.LIB (?C?LLDIDATA0)
  C:\KEIL\C51\LIB\C51L.LIB (?C?LSTIDATA)
  C:\KEIL\C51\LIB\C51L.LIB (?C?LSTXDATA)
  C:\KEIL\C51\LIB\C51L.LIB (?C?LSTKIDATA)
  C:\KEIL\C51\LIB\C51L.LIB (?C?LSTKXDATA)
  C:\KEIL\C51\LIB\C51L.LIB (?C?OFFXADD)
  C:\KEIL\C51\LIB\C51L.LIB (ABS)
  C:\KEIL\C51\LIB\C51L.LIB (?C?MEMCMP)
  C:\KEIL\C51\LIB\C51L.LIB (?C?MEMSET)
  C:\KEIL\C51\LIB\C51L.LIB (?C?LLDXDATA)
  C:\KEIL\C51\LIB\C51L.LIB (?C?LLDPDATA)
  C:\KEIL\C51\LIB\C51L.LIB (?C?LSTPDATA)


LINK MAP OF MODULE:  .\ObjFile\Z8D16R_2 (?C_STARTUP)


            TYPE    BASE      LENGTH    RELOCATION   SEGMENT NAME
            -----------------------------------------------------

            * * * * * * *   D A T A   M E M O R Y   * * * * * * *
            REG     0000H     0008H     ABSOLUTE     "REG BANK 0"
                    0008H     0028H                  *** GAP ***
            IDATA   0030H     0001H     ABSOLUTE     
            IDATA   0031H     0001H     ABSOLUTE     
            IDATA   0032H     0004H     ABSOLUTE     
            IDATA   0036H     0001H     ABSOLUTE     
            IDATA   0037H     0001H     ABSOLUTE     
            IDATA   0038H     0001H     ABSOLUTE     
            IDATA   0039H     0001H     ABSOLUTE     
            IDATA   003AH     0004H     ABSOLUTE     
            IDATA   003EH     0001H     ABSOLUTE     
            IDATA   003FH     0001H     ABSOLUTE     
            IDATA   0040H     0020H     ABSOLUTE     
            IDATA   0060H     0008H     ABSOLUTE     
            IDATA   0068H     0004H     ABSOLUTE     
            IDATA   006CH     0004H     ABSOLUTE     
            IDATA   0070H     0010H     ABSOLUTE     
            IDATA   0080H     0010H     ABSOLUTE     
            IDATA   0090H     0010H     ABSOLUTE     
            IDATA   00A0H     0010H     ABSOLUTE     
            IDATA   00B0H     0001H     ABSOLUTE     
            IDATA   00B1H     0001H     ABSOLUTE     
            IDATA   00B2H     0001H     ABSOLUTE     
BL51 BANKED LINKER/LOCATER V6.22                                                      11/23/2016  11:58:16  PAGE 3


            IDATA   00B3H     0001H     ABSOLUTE     
            IDATA   00B4H     0004H     ABSOLUTE     
            IDATA   00B8H     0001H     ABSOLUTE     
            IDATA   00B9H     0001H     ABSOLUTE     
            IDATA   00BAH     0001H     ABSOLUTE     
            IDATA   00BBH     0001H     ABSOLUTE     
            IDATA   00BCH     0001H     ABSOLUTE     
            IDATA   00BDH     0001H     ABSOLUTE     
            IDATA   00BEH     0004H     ABSOLUTE     
            IDATA   00C2H     0002H     ABSOLUTE     
            IDATA   00C4H     0004H     ABSOLUTE     
            IDATA   00C8H     0002H     ABSOLUTE     
            IDATA   00CAH     0001H     ABSOLUTE     
            IDATA   00CBH     0001H     ABSOLUTE     
            IDATA   00CCH     0001H     UNIT         ?STACK

            * * * * * * *  X D A T A   M E M O R Y  * * * * * * *
            XDATA   0000H     0460H     UNIT         _XDATA_GROUP_
            XDATA   0460H     009AH     UNIT         ?XD?_OTPACTIVEVERIFY?OTPFUNC
            XDATA   04FAH     0090H     UNIT         ?XD?SM4
            XDATA   058AH     0070H     UNIT         ?XD?TBCFUNC
            XDATA   05FAH     006CH     UNIT         ?XD?UC8118
            XDATA   0666H     0058H     UNIT         ?XD?OTPFUNC
            XDATA   06BEH     0033H     UNIT         ?XD?UARTFUNC
            XDATA   06F1H     0033H     UNIT         ?XD?UARTFRAME
            XDATA   0724H     0027H     UNIT         ?XD?RECEIVEDATA_POLL?UARTFUNC
            XDATA   074BH     0016H     UNIT         ?XD?OTPFRAME
            XDATA   0761H     0010H     UNIT         ?XD?_GET2121CHK2?OTPFRAME
            XDATA   0771H     000FH     UNIT         ?XD?_CALTIME?OTPFUNC
            XDATA   0780H     000FH     UNIT         ?XD?_WRITETOROM?I2C
            XDATA   078FH     000EH     UNIT         ?XD?_XRMEMCPY?SM4PROCESS
            XDATA   079DH     000AH     UNIT         ?XD?_WRITEFOURBYTESTOROM?I2C
            XDATA   07A7H     0006H     UNIT         ?XD?_VLCD_STRING_DISPLAY2?LCDFUNC
            XDATA   07ADH     0006H     UNIT         ?XD?UCPOWERDETECT?ADCFRAME
            XDATA   07B3H     0006H     UNIT         ?XD?_U16CRCCOMPUTE?CRC
            XDATA   07B9H     0005H     UNIT         ?XD?_VTIMER1START?TIMERFUNC
            XDATA   07BEH     0003H     UNIT         ?XD?VLCD_STRING_CLEAR2?LCDFUNC
            XDATA   07C1H     0003H     UNIT         ?XD?VLCD_ALL_CLEAR2?LCDFUNC
            XDATA   07C4H     0003H     UNIT         ?XD?VLCD_ALL_DISPLAY2?LCDFUNC
            XDATA   07C7H     0002H     UNIT         ?XD?_VLCD_FLAG_DISPLAY2?LCDFUNC
            XDATA   07C9H     0002H     UNIT         ?XD?_VTIMERCLKSEL?TIMERFUNC
            XDATA   07CBH     0001H     UNIT         ?XD?_VLCD_BCD_DISPLAY2?LCDFUNC

            * * * * * * *   C O D E   M E M O R Y   * * * * * * *
            CODE    0000H     0003H     ABSOLUTE     
            CODE    0003H     0003H     ABSOLUTE     
            CODE    0006H     0004H     UNIT         ?PR?_BYTE2LONG?OTPFUNC
            CODE    000AH     0001H     UNIT         ?PR?SM4_CLOSE?SM4
            CODE    000BH     0003H     ABSOLUTE     
            CODE    000EH     0003H     UNIT         ?PR?_PUTCHAR?PUTCHAR
                    0011H     0002H                  *** GAP ***
            CODE    0013H     0003H     ABSOLUTE     
                    0016H     0005H                  *** GAP ***
            CODE    001BH     0003H     ABSOLUTE     
                    001EH     0005H                  *** GAP ***
            CODE    0023H     0003H     ABSOLUTE     
            CODE    0026H     0E72H     UNIT         ?PR?_USART_TXRSP?UARTFUNC
BL51 BANKED LINKER/LOCATER V6.22                                                      11/23/2016  11:58:16  PAGE 4


            CODE    0E98H     0AB3H     UNIT         ?PR?_VSHA1ONEBLOCK?SHA1
            CODE    194BH     0A8FH     UNIT         ?PR?__SM4_DECRYPT?SM4
            CODE    23DAH     0A62H     UNIT         ?C?LIB_CODE
            CODE    2E3CH     09C9H     UNIT         ?PR?__SM4_ENCRYPT?SM4
            CODE    3805H     0790H     UNIT         ?CO?SM4
            CODE    3F95H     0605H     UNIT         ?PR?_GETOTPTIME?UARTFUNC
            CODE    459AH     04D2H     UNIT         ?PR?VOTP_INITPROCESS?OTPFRAME
            CODE    4A6CH     03EDH     UNIT         ?PR?_EXTRACTHOTP?OTPFUNC
            CODE    4E59H     03E9H     UNIT         ?PR?_GETBASETIME?OTPFRAME
            CODE    5242H     03C6H     UNIT         ?PR?_OTPACTIVEVERIFY?OTPFUNC
            CODE    5608H     035DH     UNIT         ?PR?_COSOPERATION?OTPFUNC
            CODE    5965H     034BH     UNIT         ?PR?_VCOMPVALUE_FIND?TBCFUNC
            CODE    5CB0H     0343H     UNIT         ?PR?IC_TEMPERATURE_TEST?TBCFUNC
            CODE    5FF3H     0334H     UNIT         ?PR?VOTP_TIMETOKEN?OTPFRAME
            CODE    6327H     02B6H     UNIT         ?PR?_SM4_INIT?SM4
            CODE    65DDH     029EH     UNIT         ?PR?_SHA1_CYCLECOMPUTE2?SHA1
            CODE    687BH     029CH     UNIT         ?PR?_HMACEX?HMAC
            CODE    6B17H     024EH     UNIT         ?PR?_SHA1_CYCLECOMPUTE0?SHA1
            CODE    6D65H     023AH     UNIT         ?PR?_SM4_CRYPTO?SM4
            CODE    6F9FH     0226H     UNIT         ?PR?RECEIVEDATA_POLL?UARTFUNC
            CODE    71C5H     0215H     UNIT         ?PR?_SHA1_CYCLECOMPUTE1?SHA1
            CODE    73DAH     0215H     UNIT         ?PR?_SHA1_CYCLECOMPUTE3?SHA1
            CODE    75EFH     01F8H     UNIT         ?CO?TBCFUNC
            CODE    77E7H     01D8H     UNIT         ?PR?_REAL_TMP?TBCFUNC
            CODE    79BFH     01B9H     UNIT         ?PR?_VPAPER_STRING_DISPLAY?UC8118
            CODE    7B78H     01ACH     UNIT         ?PR?_VTEMPVALUE_FIND?TBCFUNC
            CODE    7D24H     01A0H     UNIT         ?PR?_VLCD_BCD_DISPLAY2?LCDFUNC
            CODE    7EC4H     0180H     UNIT         ?CO?HMAC
            CODE    8044H     0175H     UNIT         ?PR?_GENOTPOCRA?OTPFUNC
            CODE    81B9H     0175H     UNIT         ?PR?_SHA1DATA?SHA1
            CODE    832EH     0169H     UNIT         ?PR?_ALGSYMMMACFUN2?SM4PROCESS
            CODE    8497H     0143H     UNIT         ?CO?UC8118
            CODE    85DAH     0136H     UNIT         ?PR?_VFREQADJ?TBCFUNC
            CODE    8710H     0134H     UNIT         ?PR?_CALTIME?OTPFUNC
            CODE    8844H     0111H     UNIT         ?PR?_GET2121CHK2?OTPFRAME
            CODE    8955H     00FAH     UNIT         ?PR?_GETTIMEFACTOR?OTPFUNC
            CODE    8A4FH     00EAH     UNIT         ?PR?VSYSINIT?MAIN
            CODE    8B39H     00C1H     UNIT         ?PR?_VLCD_STRING_DISPLAY2?LCDFUNC
            CODE    8BFAH     00BDH     UNIT         ?CO?LCDFUNC
            CODE    8CB7H     00BDH     UNIT         ?PR?_READFROMROM?I2C
            CODE    8D74H     00B6H     UNIT         ?PR?_VDELAY?DEBUG
            CODE    8E2AH     00B1H     UNIT         ?C_C51STARTUP
            CODE    8EDBH     00A8H     UNIT         ?PR?_WRITETOROM?I2C
            CODE    8F83H     00A4H     UNIT         ?PR?_HEXTOSTR?OTPFRAME
            CODE    9027H     009FH     UNIT         ?PR?_MEMXOR?SM4PROCESS
            CODE    90C6H     009BH     UNIT         ?PR?_XRMEMCPY?SM4PROCESS
            CODE    9161H     009BH     UNIT         ?PR?SM4DEC_TEST?SM4PROCESS
            CODE    91FCH     0088H     UNIT         ?PR?_U16CRCCOMPUTE?CRC
            CODE    9284H     0083H     UNIT         ?PR?ULGETTBCCOUNTVLAUE?UARTFUNC
            CODE    9307H     0082H     UNIT         ?PR?VEX1_ISR?ISRFRAME
            CODE    9389H     0075H     UNIT         ?PR?_VTBC_ADJ?TBCFUNC
            CODE    93FEH     0074H     UNIT         ?PR?RECVACK?I2C
            CODE    9472H     006DH     UNIT         ?PR?_VLCD_FLAG_DISPLAY2?LCDFUNC
            CODE    94DFH     006CH     UNIT         ?PR?_VTIMER1START?TIMERFUNC
            CODE    954BH     006CH     UNIT         ?PR?_VTIMER1START1?TIMERFUNC
            CODE    95B7H     006BH     UNIT         ?PR?BASE_TIME?TBCFUNC
            CODE    9622H     0067H     UNIT         ?PR?_COMP_DIFFERENCE_10PPM?TBCFUNC
BL51 BANKED LINKER/LOCATER V6.22                                                      11/23/2016  11:58:16  PAGE 5


            CODE    9689H     0066H     UNIT         ?PR?UCPOWERDETECT?ADCFRAME
            CODE    96EFH     0064H     UNIT         ?PR?_UCSYSCLKCHANGE?DEBUG
            CODE    9753H     0061H     UNIT         ?PR?LUT_SPI_WRITE_BB_WW_VCOM?UC8118
            CODE    97B4H     0061H     UNIT         ?PR?LUT_SPI_WRITE_BB_WW_B?UC8118
            CODE    9815H     0061H     UNIT         ?PR?LUT_SPI_WRITE_BB_WW_W?UC8118
            CODE    9876H     0061H     UNIT         ?PR?LUT_SPI_WRITE_WB_BW_VCOM?UC8118
            CODE    98D7H     0061H     UNIT         ?PR?LUT_SPI_WRITE_WB_BW_B?UC8118
            CODE    9938H     0061H     UNIT         ?PR?LUT_SPI_WRITE_WB_BW_W?UC8118
            CODE    9999H     0060H     UNIT         ?PR?SHA1_TEST?SM4PROCESS
            CODE    99F9H     005EH     UNIT         ?PR?VSI_ISR?ISRFRAME
            CODE    9A57H     0058H     UNIT         ?PR?_CONVERT?SM4
            CODE    9AAFH     0056H     UNIT         ?PR?MAIN?MAIN
            CODE    9B05H     0056H     UNIT         ?PR?VTF0_ISR?ISRFRAME
            CODE    9B5BH     0055H     UNIT         ?PR?_VTIMERCLKSEL?TIMERFUNC
            CODE    9BB0H     0055H     UNIT         ?PR?_VTIMERCLKSEL1?TIMERFUNC
            CODE    9C05H     0054H     UNIT         ?PR?_SPI_DELAY?UC8118
            CODE    9C59H     0052H     UNIT         ?PR?PAPER_ALL_CLEAR?UC8118
            CODE    9CABH     0052H     UNIT         ?PR?VEX0_ISR?ISRFRAME
            CODE    9CFDH     0052H     UNIT         ?PR?VTF1_ISR?ISRFRAME
            CODE    9D4FH     004FH     UNIT         ?PR?_VPAPER_BCD_DISPLAY?UC8118
            CODE    9D9EH     004EH     UNIT         ?CO?SM4PROCESS
            CODE    9DECH     0044H     UNIT         ?PR?_VUARTSENDDATA?UARTFUNC
            CODE    9E30H     003FH     UNIT         ?PR?_WRITEBYTE?I2C
            CODE    9E6FH     003FH     UNIT         ?PR?UC8118_SETTING?UC8118
            CODE    9EAEH     003DH     UNIT         ?PR?VOTP_INVALIDPROCESS?OTPFRAME
            CODE    9EEBH     0036H     UNIT         ?PR?_WRITEFOURBYTESTOROM?I2C
            CODE    9F21H     0032H     UNIT         ?CO?UARTFUNC
            CODE    9F53H     0030H     UNIT         ?PR?UIADC_GETDATA?ADCFUNC
            CODE    9F83H     0030H     UNIT         ?PR?SPI_INIT?UC8118
            CODE    9FB3H     0030H     UNIT         ?PR?_EPD_W21_WRITE_CMD_DATA?UC8118
            CODE    9FE3H     002FH     UNIT         ?PR?_VLCD_DOT_DISPLAY?LCDFUNC
            CODE    A012H     002DH     UNIT         ?PR?VLCD_ALL_DISPLAY2?LCDFUNC
            CODE    A03FH     002CH     UNIT         ?PR?VLCD_STRING_CLEAR2?LCDFUNC
            CODE    A06BH     002CH     UNIT         ?PR?VLCD_ALL_CLEAR2?LCDFUNC
            CODE    A097H     0025H     UNIT         ?PR?_BIGAPIASM
            CODE    A0BCH     0024H     UNIT         ?PR?_SPI_WRITE?UC8118
            CODE    A0E0H     0021H     UNIT         ?PR?_HARDAPIASM
            CODE    A101H     0021H     UNIT         ?PR?_VLCDINIT?LCDFUNC
            CODE    A122H     0021H     UNIT         ?PR?EPD_W21_INIT?UC8118
            CODE    A143H     001CH     UNIT         ?PR?_SM4_VERSION?SM4
            CODE    A15FH     001BH     UNIT         ?PR?IIC_HOSTINIT?I2C
            CODE    A17AH     0019H     UNIT         ?PR?ENTERSTANDBY?MAIN
            CODE    A193H     0019H     UNIT         ?PR?_VDELAY200US?ADCFUNC
            CODE    A1ACH     0019H     UNIT         ?PR?_VADCINIT?ADCFUNC
            CODE    A1C5H     0018H     UNIT         ?PR?_MDELAY?I2C
            CODE    A1DDH     0018H     UNIT         ?PR?_DRIVER_DELAY_XMS?UC8118
            CODE    A1F5H     0018H     UNIT         ?PR?LUT_SPI_WRITE_BB_WW?UC8118
            CODE    A20DH     0018H     UNIT         ?PR?LUT_SPI_WRITE_WB_BW?UC8118
            CODE    A225H     0017H     UNIT         ?PR?_VSHA1GETDEFAULTIV?SHA1
            CODE    A23CH     0015H     UNIT         ?C_INITSEG
            CODE    A251H     0014H     UNIT         ?PR?UCUARTGETBYTE?UARTFUNC
            CODE    A265H     0014H     UNIT         ?PR?_VUARTPUTBYTE?UARTFUNC
            CODE    A279H     0014H     UNIT         ?CO?SHA1
            CODE    A28DH     0014H     UNIT         ?PR?_UCENDIANCHANGE?CRC
            CODE    A2A1H     0013H     UNIT         ?PR?VADCCLOSE?ADCFUNC
            CODE    A2B4H     0013H     UNIT         ?PR?_DECTOBCD?OTPFRAME
            CODE    A2C7H     0012H     UNIT         ?CO?OTPFRAME
BL51 BANKED LINKER/LOCATER V6.22                                                      11/23/2016  11:58:16  PAGE 6


            CODE    A2D9H     0011H     UNIT         ?PR?VSCU_WAKEUPTIMERWAKEUP_1HOUR?TBCFUNC
            CODE    A2EAH     0011H     UNIT         ?PR?VSCU_WAKEUPTIMERWAKEUP_1MIN?TBCFUNC
            CODE    A2FBH     0010H     UNIT         ?PR?VUARTINIT?UARTFUNC
            CODE    A30BH     0010H     UNIT         ?PR?POWEROFF_SLEEP?UC8118
            CODE    A31BH     000FH     UNIT         ?PR?VCLRWDTCOUNTER?WDTFUNC
            CODE    A32AH     000FH     UNIT         ?PR?DISPLAY?UC8118
            CODE    A339H     000EH     UNIT         ?PR?I2C_DELAY?I2C
            CODE    A347H     000DH     UNIT         ?PR?_VDELAY1MS?LCDFUNC
            CODE    A354H     000DH     UNIT         ?PR?_FABS?FABS
            CODE    A361H     000CH     UNIT         ?PR?_VWDTINIT?WDTFUNC
            CODE    A36DH     000CH     UNIT         ?PR?I2C_STOP?I2C
            CODE    A379H     000CH     UNIT         ?PR?_ABS?ABS
            CODE    A385H     000BH     UNIT         ?PR?VTBCINIT?TBCFUNC
            CODE    A390H     000AH     UNIT         ?PR?_LUT_SPI_WRITE?UC8118
            CODE    A39AH     0009H     UNIT         ?PR?I2C_START?I2C
            CODE    A3A3H     0009H     UNIT         ?PR?SENDNOACK?I2C
            CODE    A3ACH     0009H     UNIT         ?PR?ELCPAPER_INIT?UC8118



OVERLAY MAP OF MODULE:   .\ObjFile\Z8D16R_2 (?C_STARTUP)


SEGMENT                                            XDATA_GROUP
  +--> CALLED SEGMENT                            START    LENGTH
----------------------------------------------------------------
?C_C51STARTUP                                    -----    -----
  +--> ?PR?MAIN?MAIN
  +--> ?C_INITSEG

?PR?MAIN?MAIN                                    0000H    0001H
  +--> ?PR?VSYSINIT?MAIN
  +--> ?PR?_VWDTINIT?WDTFUNC
  +--> ?PR?VOTP_INITPROCESS?OTPFRAME
  +--> ?PR?VOTP_TIMETOKEN?OTPFRAME
  +--> ?PR?VOTP_INVALIDPROCESS?OTPFRAME

?PR?VSYSINIT?MAIN                                -----    -----
  +--> ?PR?ELCPAPER_INIT?UC8118
  +--> ?PR?PAPER_ALL_CLEAR?UC8118
  +--> ?PR?VTBCINIT?TBCFUNC
  +--> ?PR?VSCU_WAKEUPTIMERWAKEUP_1MIN?TBCFUNC
  +--> ?PR?_VFREQADJ?TBCFUNC

?PR?ELCPAPER_INIT?UC8118                         -----    -----
  +--> ?PR?SPI_INIT?UC8118
  +--> ?PR?EPD_W21_INIT?UC8118
  +--> ?PR?UC8118_SETTING?UC8118

?PR?EPD_W21_INIT?UC8118                          -----    -----
  +--> ?PR?_SPI_DELAY?UC8118

?PR?_SPI_DELAY?UC8118                            0001H    0006H

?PR?UC8118_SETTING?UC8118                        -----    -----
  +--> ?PR?_EPD_W21_WRITE_CMD_DATA?UC8118
  +--> ?PR?_DRIVER_DELAY_XMS?UC8118
BL51 BANKED LINKER/LOCATER V6.22                                                      11/23/2016  11:58:16  PAGE 7


  +--> ?PR?_LUT_SPI_WRITE?UC8118

?PR?_EPD_W21_WRITE_CMD_DATA?UC8118               -----    -----
  +--> ?PR?_SPI_WRITE?UC8118

?PR?_LUT_SPI_WRITE?UC8118                        -----    -----
  +--> ?PR?LUT_SPI_WRITE_WB_BW?UC8118
  +--> ?PR?LUT_SPI_WRITE_BB_WW?UC8118

?PR?LUT_SPI_WRITE_WB_BW?UC8118                   -----    -----
  +--> ?PR?LUT_SPI_WRITE_WB_BW_VCOM?UC8118
  +--> ?PR?_DRIVER_DELAY_XMS?UC8118
  +--> ?PR?LUT_SPI_WRITE_WB_BW_B?UC8118
  +--> ?PR?LUT_SPI_WRITE_WB_BW_W?UC8118

?PR?LUT_SPI_WRITE_WB_BW_VCOM?UC8118              0001H    0004H
  +--> ?PR?_EPD_W21_WRITE_CMD_DATA?UC8118
  +--> ?CO?UC8118
  +--> ?PR?_DRIVER_DELAY_XMS?UC8118

?PR?LUT_SPI_WRITE_WB_BW_B?UC8118                 0001H    0004H
  +--> ?PR?_EPD_W21_WRITE_CMD_DATA?UC8118
  +--> ?CO?UC8118
  +--> ?PR?_DRIVER_DELAY_XMS?UC8118

?PR?LUT_SPI_WRITE_WB_BW_W?UC8118                 0001H    0004H
  +--> ?PR?_EPD_W21_WRITE_CMD_DATA?UC8118
  +--> ?CO?UC8118
  +--> ?PR?_DRIVER_DELAY_XMS?UC8118

?PR?LUT_SPI_WRITE_BB_WW?UC8118                   -----    -----
  +--> ?PR?LUT_SPI_WRITE_BB_WW_VCOM?UC8118
  +--> ?PR?_DRIVER_DELAY_XMS?UC8118
  +--> ?PR?LUT_SPI_WRITE_BB_WW_B?UC8118
  +--> ?PR?LUT_SPI_WRITE_BB_WW_W?UC8118

?PR?LUT_SPI_WRITE_BB_WW_VCOM?UC8118              0001H    0004H
  +--> ?PR?_EPD_W21_WRITE_CMD_DATA?UC8118
  +--> ?CO?UC8118
  +--> ?PR?_DRIVER_DELAY_XMS?UC8118

?PR?LUT_SPI_WRITE_BB_WW_B?UC8118                 0001H    0004H
  +--> ?PR?_EPD_W21_WRITE_CMD_DATA?UC8118
  +--> ?CO?UC8118
  +--> ?PR?_DRIVER_DELAY_XMS?UC8118

?PR?LUT_SPI_WRITE_BB_WW_W?UC8118                 0001H    0004H
  +--> ?PR?_EPD_W21_WRITE_CMD_DATA?UC8118
  +--> ?CO?UC8118
  +--> ?PR?_DRIVER_DELAY_XMS?UC8118

?PR?PAPER_ALL_CLEAR?UC8118                       -----    -----
  +--> ?PR?_EPD_W21_WRITE_CMD_DATA?UC8118
  +--> ?PR?DISPLAY?UC8118

?PR?DISPLAY?UC8118                               -----    -----
  +--> ?PR?_EPD_W21_WRITE_CMD_DATA?UC8118
BL51 BANKED LINKER/LOCATER V6.22                                                      11/23/2016  11:58:16  PAGE 8



?PR?_VFREQADJ?TBCFUNC                            0043H    000BH
  +--> ?PR?_VADCINIT?ADCFUNC
  +--> ?PR?UIADC_GETDATA?ADCFUNC
  +--> ?PR?_REAL_TMP?TBCFUNC
  +--> ?PR?_VTEMPVALUE_FIND?TBCFUNC
  +--> ?PR?_VCOMPVALUE_FIND?TBCFUNC
  +--> ?PR?_VTBC_ADJ?TBCFUNC
  +--> ?PR?VADCCLOSE?ADCFUNC
  +--> ?PR?_COMP_DIFFERENCE_10PPM?TBCFUNC

?PR?_VADCINIT?ADCFUNC                            -----    -----
  +--> ?PR?_VDELAY200US?ADCFUNC

?PR?UIADC_GETDATA?ADCFUNC                        -----    -----
  +--> ?PR?_VDELAY200US?ADCFUNC

?PR?_REAL_TMP?TBCFUNC                            004EH    0005H
  +--> ?CO?TBCFUNC

?PR?_VTEMPVALUE_FIND?TBCFUNC                     004EH    000BH
  +--> ?CO?TBCFUNC
  +--> ?PR?_FABS?FABS

?PR?_VCOMPVALUE_FIND?TBCFUNC                     004EH    0021H
  +--> ?CO?TBCFUNC

?PR?_VTBC_ADJ?TBCFUNC                            004EH    0006H
  +--> ?PR?_ABS?ABS

?PR?_COMP_DIFFERENCE_10PPM?TBCFUNC               -----    -----
  +--> ?PR?_FABS?FABS
  +--> ?PR?VSCU_WAKEUPTIMERWAKEUP_1HOUR?TBCFUNC
  +--> ?PR?VSCU_WAKEUPTIMERWAKEUP_1MIN?TBCFUNC

?PR?VOTP_INITPROCESS?OTPFRAME                    0001H    0042H
  +--> ?CO?OTPFRAME
  +--> ?PR?_VPAPER_STRING_DISPLAY?UC8118
  +--> ?PR?SM4DEC_TEST?SM4PROCESS
  +--> ?PR?SHA1_TEST?SM4PROCESS
  +--> ?PR?_READFROMROM?I2C
  +--> ?PR?_COSOPERATION?OTPFUNC
  +--> ?PR?_GETBASETIME?OTPFRAME
  +--> ?PR?_USART_TXRSP?UARTFUNC
  +--> ?PR?ULGETTBCCOUNTVLAUE?UARTFUNC
  +--> ?PR?PAPER_ALL_CLEAR?UC8118
  +--> ?PR?IC_TEMPERATURE_TEST?TBCFUNC
  +--> ?PR?_VFREQADJ?TBCFUNC
  +--> ?PR?VSCU_WAKEUPTIMERWAKEUP_1HOUR?TBCFUNC
  +--> ?PR?VUARTINIT?UARTFUNC

?PR?_VPAPER_STRING_DISPLAY?UC8118                0043H    0006H
  +--> ?CO?UC8118
  +--> ?PR?_VPAPER_BCD_DISPLAY?UC8118
  +--> ?PR?_EPD_W21_WRITE_CMD_DATA?UC8118
  +--> ?PR?DISPLAY?UC8118

BL51 BANKED LINKER/LOCATER V6.22                                                      11/23/2016  11:58:16  PAGE 9


?PR?_VPAPER_BCD_DISPLAY?UC8118                   -----    -----
  +--> ?CO?UC8118

?PR?SM4DEC_TEST?SM4PROCESS                       0043H    0030H
  +--> ?CO?SM4PROCESS
  +--> ?PR?_SM4_INIT?SM4
  +--> ?PR?_SM4_CRYPTO?SM4

?PR?_SM4_INIT?SM4                                0098H    0009H
  +--> ?PR?_CONVERT?SM4
  +--> ?CO?SM4

?PR?_CONVERT?SM4                                 00DCH    0001H

?PR?_SM4_CRYPTO?SM4                              0098H    0034H
  +--> ?PR?__SM4_DECRYPT?SM4
  +--> ?PR?__SM4_ENCRYPT?SM4

?PR?__SM4_DECRYPT?SM4                            00CCH    0010H
  +--> ?PR?_CONVERT?SM4
  +--> ?CO?SM4

?PR?__SM4_ENCRYPT?SM4                            00CCH    0010H
  +--> ?PR?_CONVERT?SM4
  +--> ?CO?SM4

?PR?SHA1_TEST?SM4PROCESS                         0043H    0032H
  +--> ?CO?SM4PROCESS
  +--> ?PR?_SHA1DATA?SHA1

?PR?_SHA1DATA?SHA1                               02AAH    004CH
  +--> ?PR?_VSHA1GETDEFAULTIV?SHA1
  +--> ?PR?_VSHA1ONEBLOCK?SHA1

?PR?_VSHA1GETDEFAULTIV?SHA1                      -----    -----
  +--> ?CO?SHA1

?PR?_VSHA1ONEBLOCK?SHA1                          02F6H    0159H
  +--> ?PR?_SHA1_CYCLECOMPUTE0?SHA1
  +--> ?PR?_SHA1_CYCLECOMPUTE1?SHA1
  +--> ?PR?_SHA1_CYCLECOMPUTE2?SHA1
  +--> ?PR?_SHA1_CYCLECOMPUTE3?SHA1

?PR?_SHA1_CYCLECOMPUTE0?SHA1                     044FH    000AH

?PR?_SHA1_CYCLECOMPUTE1?SHA1                     044FH    000AH

?PR?_SHA1_CYCLECOMPUTE2?SHA1                     044FH    000AH

?PR?_SHA1_CYCLECOMPUTE3?SHA1                     044FH    000AH

?PR?_READFROMROM?I2C                             0043H    000CH
  +--> ?PR?_WRITEBYTE?I2C
  +--> ?PR?I2C_START?I2C
  +--> ?PR?I2C_DELAY?I2C
  +--> ?PR?SENDNOACK?I2C
  +--> ?PR?I2C_STOP?I2C
BL51 BANKED LINKER/LOCATER V6.22                                                      11/23/2016  11:58:16  PAGE 10



?PR?_WRITEBYTE?I2C                               -----    -----
  +--> ?PR?I2C_START?I2C
  +--> ?PR?I2C_DELAY?I2C
  +--> ?PR?RECVACK?I2C

?PR?I2C_START?I2C                                -----    -----
  +--> ?PR?I2C_DELAY?I2C

?PR?SENDNOACK?I2C                                -----    -----
  +--> ?PR?I2C_DELAY?I2C

?PR?I2C_STOP?I2C                                 -----    -----
  +--> ?PR?I2C_DELAY?I2C

?PR?_COSOPERATION?OTPFUNC                        0043H    0051H
  +--> ?CO?UARTFUNC
  +--> ?PR?_SM4_INIT?SM4
  +--> ?PR?_SM4_CRYPTO?SM4
  +--> ?PR?_GETTIMEFACTOR?OTPFUNC
  +--> ?PR?_GENOTPOCRA?OTPFUNC

?PR?_GETTIMEFACTOR?OTPFUNC                       0094H    0007H
  +--> ?PR?BASE_TIME?TBCFUNC

?PR?BASE_TIME?TBCFUNC                            009BH    0004H
  +--> ?PR?ULGETTBCCOUNTVLAUE?UARTFUNC

?PR?ULGETTBCCOUNTVLAUE?UARTFUNC                  009FH    0003H

?PR?_GENOTPOCRA?OTPFUNC                          0094H    002CH
  +--> ?PR?_HMACEX?HMAC
  +--> ?PR?_EXTRACTHOTP?OTPFUNC

?PR?_HMACEX?HMAC                                 00C0H    01EAH
  +--> ?CO?HMAC
  +--> ?PR?_SHA1DATA?SHA1
  +--> ?PR?_MEMXOR?SM4PROCESS

?PR?_MEMXOR?SM4PROCESS                           02AAH    000EH

?PR?_EXTRACTHOTP?OTPFUNC                         00C0H    001CH

?PR?_GETBASETIME?OTPFRAME                        0043H    0009H

?PR?_USART_TXRSP?UARTFUNC                        0043H    0046H
  +--> ?CO?UARTFUNC
  +--> ?PR?_SM4_INIT?SM4
  +--> ?PR?_SM4_CRYPTO?SM4
  +--> ?PR?_ALGSYMMMACFUN2?SM4PROCESS
  +--> ?PR?_GETOTPTIME?UARTFUNC
  +--> ?PR?_VUARTSENDDATA?UARTFUNC

?PR?_ALGSYMMMACFUN2?SM4PROCESS                   0089H    000FH
  +--> ?PR?_SM4_INIT?SM4
  +--> ?PR?_MEMXOR?SM4PROCESS
  +--> ?PR?_SM4_CRYPTO?SM4
BL51 BANKED LINKER/LOCATER V6.22                                                      11/23/2016  11:58:16  PAGE 11



?PR?_GETOTPTIME?UARTFUNC                         0089H    0009H
  +--> ?PR?BASE_TIME?TBCFUNC

?PR?_VUARTSENDDATA?UARTFUNC                      0089H    0003H

?PR?IC_TEMPERATURE_TEST?TBCFUNC                  0043H    000AH
  +--> ?PR?_VADCINIT?ADCFUNC
  +--> ?PR?UIADC_GETDATA?ADCFUNC
  +--> ?PR?VADCCLOSE?ADCFUNC

?PR?VOTP_TIMETOKEN?OTPFRAME                      0001H    0027H
  +--> ?PR?_GETOTPTIME?UARTFUNC
  +--> ?PR?_DECTOBCD?OTPFRAME
  +--> ?PR?_HEXTOSTR?OTPFRAME
  +--> ?PR?_VPAPER_STRING_DISPLAY?UC8118
  +--> ?PR?BASE_TIME?TBCFUNC
  +--> ?PR?_COSOPERATION?OTPFUNC
  +--> ?CO?OTPFRAME
  +--> ?PR?VCLRWDTCOUNTER?WDTFUNC
  +--> ?PR?PAPER_ALL_CLEAR?UC8118

?PR?_HEXTOSTR?OTPFRAME                           0028H    0007H

?PR?VOTP_INVALIDPROCESS?OTPFRAME                 -----    -----
  +--> ?CO?OTPFRAME
  +--> ?PR?_VPAPER_STRING_DISPLAY?UC8118
  +--> ?PR?VCLRWDTCOUNTER?WDTFUNC

*** NEW ROOT ***************************************************

?PR?VEX0_ISR?ISRFRAME                            -----    -----
  +--> ?PR?_HARDAPIASM

*** NEW ROOT ***************************************************

?PR?VTF0_ISR?ISRFRAME                            -----    -----
  +--> ?PR?_HARDAPIASM

*** NEW ROOT ***************************************************

?PR?VEX1_ISR?ISRFRAME                            -----    -----
  +--> ?PR?_HARDAPIASM
  +--> ?PR?_VTIMER1START1?TIMERFUNC

?PR?_VTIMER1START1?TIMERFUNC                     0459H    0005H
  +--> ?PR?_VTIMERCLKSEL1?TIMERFUNC

?PR?_VTIMERCLKSEL1?TIMERFUNC                     045EH    0002H

*** NEW ROOT ***************************************************

?PR?VTF1_ISR?ISRFRAME                            -----    -----
  +--> ?PR?_HARDAPIASM

*** NEW ROOT ***************************************************

BL51 BANKED LINKER/LOCATER V6.22                                                      11/23/2016  11:58:16  PAGE 12


?PR?VSI_ISR?ISRFRAME                             -----    -----
  +--> ?PR?_HARDAPIASM



SYMBOL TABLE OF MODULE:  .\ObjFile\Z8D16R_2 (?C_STARTUP)

  VALUE           TYPE          NAME
  ----------------------------------

  -------         MODULE        ?C_STARTUP
  C:8E2AH         SEGMENT       ?C_C51STARTUP
  I:00CCH         SEGMENT       ?STACK
  C:0000H         PUBLIC        ?C_STARTUP
  D:00E0H         SYMBOL        ACC
  D:00F0H         SYMBOL        B
  D:0083H         SYMBOL        DPH
  D:0082H         SYMBOL        DPL
  D:0086H         SYMBOL        DPS
  N:0000H         SYMBOL        IBPSTACK
  N:0100H         SYMBOL        IBPSTACKTOP
  N:0100H         SYMBOL        IDATALEN
  C:8E3DH         SYMBOL        IDATALOOP
  D:00A8H         SYMBOL        IE
  C:8E55H         SYMBOL        NOTFIRSTPOWERON
  N:0000H         SYMBOL        PBPSTACK
  N:0000H         SYMBOL        PBPSTACKTOP
  N:0000H         SYMBOL        PDATALEN
  N:0000H         SYMBOL        PDATASTART
  N:0000H         SYMBOL        PPAGE
  N:0000H         SYMBOL        PPAGEENABLE
  D:00A0H         SYMBOL        PPAGE_SFR
  D:009CH         SYMBOL        SCUCTRL
  D:0081H         SYMBOL        SP
  C:8E2AH         SYMBOL        STARTUP1
  N:0000H         SYMBOL        USER_APP_OFF
  N:0000H         SYMBOL        XBPSTACK
  N:0000H         SYMBOL        XBPSTACKTOP
  N:0C00H         SYMBOL        XDATALEN
  C:8E48H         SYMBOL        XDATALOOP
  N:0000H         SYMBOL        XDATASTART
  C:0000H         LINE#         100
  C:8E2AH         LINE#         109
  C:8E2DH         LINE#         110
  C:8E2EH         LINE#         111
  C:8E30H         LINE#         113
  C:8E32H         LINE#         114
  C:8E33H         LINE#         119
  C:8E35H         LINE#         120
  C:8E37H         LINE#         125
  C:8E3AH         LINE#         128
  C:8E3CH         LINE#         129
  C:8E3DH         LINE#         131
  C:8E3EH         LINE#         132
  C:8E40H         LINE#         136
  C:8E43H         LINE#         137
  C:8E45H         LINE#         141
BL51 BANKED LINKER/LOCATER V6.22                                                      11/23/2016  11:58:16  PAGE 13


  C:8E47H         LINE#         143
  C:8E48H         LINE#         144
  C:8E49H         LINE#         145
  C:8E4AH         LINE#         146
  C:8E4CH         LINE#         147
  C:8E4EH         LINE#         150
  C:8E51H         LINE#         151
  C:8E53H         LINE#         152
  C:8E55H         LINE#         154
  C:8E58H         LINE#         156
  -------         ENDMOD        ?C_STARTUP

  -------         MODULE        MAIN
  C:0000H         SYMBOL        _ICE_DUMMY_
  D:00F9H         PUBLIC        SCULCDSWEN
  B:00A8H.7       PUBLIC        EA
  C:9AAFH         PUBLIC        Main
  D:0092H         PUBLIC        SCUPM
  D:0090H         PUBLIC        SCUOSCCTRL
  D:0094H         PUBLIC        SCUSO
  D:0095H         PUBLIC        SCUWT
  B:00A8H.4       PUBLIC        ES
  D:0098H         PUBLIC        SCUIE0
  D:0087H         PUBLIC        PCON
  D:0096H         PUBLIC        SCUWE0
  D:009BH         PUBLIC        SCUIS1
  D:0091H         PUBLIC        SCUMCG
  C:8A4FH         PUBLIC        vSysInit
  I:00B0H         PUBLIC        _FIRST_POWERON_FLAG_
  D:0093H         PUBLIC        SCUPMP
  C:A17AH         PUBLIC        EnterStandby
  -------         PROC          ENTERSTANDBY
  C:A17AH         LINE#         36
  C:A17AH         LINE#         37
  C:A17AH         LINE#         38
  C:A183H         LINE#         39
  C:A189H         LINE#         40
  C:A18CH         LINE#         41
  C:A192H         LINE#         42
  -------         ENDPROC       ENTERSTANDBY
  -------         PROC          VSYSINIT
  C:8A4FH         LINE#         44
  C:8A4FH         LINE#         45
  C:8A4FH         LINE#         48
  C:8A6BH         LINE#         50
  C:8A6EH         LINE#         53
  C:8A71H         LINE#         54
  C:8A76H         LINE#         55
  C:8A76H         LINE#         56
  C:8A78H         LINE#         57
  C:8A81H         LINE#         58
  C:8A81H         LINE#         61
  C:8A84H         LINE#         62
  C:8A8FH         LINE#         64
  C:8A92H         LINE#         65
  C:8AAEH         LINE#         67
  C:8AB1H         LINE#         73
BL51 BANKED LINKER/LOCATER V6.22                                                      11/23/2016  11:58:16  PAGE 14


  C:8AB4H         LINE#         74
  C:8AB7H         LINE#         75
  C:8ABAH         LINE#         76
  C:8ABCH         LINE#         77
  C:8ABEH         LINE#         83
  C:8AC3H         LINE#         84
  C:8AC3H         LINE#         85
  C:8AC6H         LINE#         86
  C:8AD1H         LINE#         89
  C:8AD8H         LINE#         90
  C:8AD8H         LINE#         91
  C:8AE0H         LINE#         92
  C:8AE0H         LINE#         93
  C:8AE2H         LINE#         94
  C:8AE2H         LINE#         95
  C:8AE4H         LINE#         97
  C:8AE4H         LINE#         98
  C:8AE7H         LINE#         99
  C:8B03H         LINE#         100
  C:8B06H         LINE#         101
  C:8B06H         LINE#         102
  C:8B08H         LINE#         103
  C:8B0EH         LINE#         104
  C:8B0EH         LINE#         105
  C:8B13H         LINE#         106
  C:8B13H         LINE#         109
  C:8B2FH         LINE#         110
  C:8B38H         LINE#         111
  C:8B38H         LINE#         142
  -------         ENDPROC       VSYSINIT
  -------         PROC          MAIN
  -------         DO            
  X:0000H         SYMBOL        u1CHeckStatus
  -------         ENDDO         
  C:9AAFH         LINE#         144
  C:9AAFH         LINE#         145
  C:9AAFH         LINE#         146
  C:9AB4H         LINE#         152
  C:9AB7H         LINE#         155
  C:9ABCH         LINE#         157
  C:9AC8H         LINE#         158
  C:9AC8H         LINE#         159
  C:9ACCH         LINE#         160
  C:9ACEH         LINE#         161
  C:9AD4H         LINE#         162
  C:9AD4H         LINE#         163
  C:9AD8H         LINE#         164
  C:9AD8H         LINE#         246
  C:9AE0H         LINE#         247
  C:9AE0H         LINE#         248
  C:9AE5H         LINE#         249
  C:9AE5H         LINE#         255
  C:9AE5H         LINE#         256
  C:9AE5H         LINE#         260
  C:9AE5H         LINE#         262
  C:9AF6H         LINE#         263
  C:9AF6H         LINE#         264
BL51 BANKED LINKER/LOCATER V6.22                                                      11/23/2016  11:58:16  PAGE 15


  C:9AF6H         LINE#         265
  C:9AF6H         LINE#         266
  C:9AF6H         LINE#         267
  C:9AF6H         LINE#         268
  C:9AF6H         LINE#         274
  C:9AF6H         LINE#         276
  C:9AF9H         LINE#         277
  C:9AFBH         LINE#         278
  C:9AFBH         LINE#         279
  C:9AFEH         LINE#         280
  C:9B00H         LINE#         302
  C:9B00H         LINE#         303
  C:9B03H         LINE#         304
  -------         ENDPROC       MAIN
  -------         ENDMOD        MAIN

  -------         MODULE        HARDAPIASM
  C:A0E0H         SEGMENT       ?PR?_HARDAPIASM
  C:A0F2H         PUBLIC        VLOADCURRENT
  C:A0E0H         PUBLIC        VSAVECURRENT
  D:0085H         SYMBOL        DPH2
  D:0084H         SYMBOL        DPL2
  D:0086H         SYMBOL        DPS
  C:A0E0H         LINE#         19
  C:A0E2H         LINE#         20
  C:A0E4H         LINE#         22
  C:A0E6H         LINE#         23
  C:A0E8H         LINE#         24
  C:A0EAH         LINE#         25
  C:A0EDH         LINE#         27
  C:A0EFH         LINE#         28
  C:A0F1H         LINE#         30
  C:A0F2H         LINE#         34
  C:A0F4H         LINE#         35
  C:A0F6H         LINE#         37
  C:A0F8H         LINE#         38
  C:A0FAH         LINE#         39
  C:A0FCH         LINE#         41
  C:A0FEH         LINE#         42
  C:A100H         LINE#         44
  -------         ENDMOD        HARDAPIASM

  -------         MODULE        TBCFUNC
  C:0000H         SYMBOL        _ICE_DUMMY_
  C:9389H         PUBLIC        _vTBC_ADJ
  C:5CB0H         PUBLIC        IC_Temperature_Test
  B:00A8H.7       PUBLIC        EA
  I:00CAH         PUBLIC        Real_Temp_Value_H
  D:0090H         PUBLIC        SCUOSCCTRL
  I:00CBH         PUBLIC        Real_Temp_Value_L
  C:9622H         PUBLIC        _Comp_Difference_10PPM
  I:00B4H         PUBLIC        _LAST_COM_VALUE_
  C:85DAH         PUBLIC        _vFreqAdj
  D:0095H         PUBLIC        SCUWT
  C:77E7H         PUBLIC        _Real_Tmp
  C:A385H         PUBLIC        vTbcInit
  D:0098H         PUBLIC        SCUIE0
BL51 BANKED LINKER/LOCATER V6.22                                                      11/23/2016  11:58:16  PAGE 16


  I:00B9H         PUBLIC        WT_TenMin_Couter
  I:00B3H         PUBLIC        _TEMP_COM_FLAG_
  I:00BEH         PUBLIC        Crystal_PPM
  I:00B8H         PUBLIC        WT_TenMin_Flag
  D:0097H         PUBLIC        SCUWE1
  I:00C8H         PUBLIC        Basic_Temp_Value
  D:0091H         PUBLIC        SCUMCG
  X:058AH         PUBLIC        Temporary
  B:00A8H.1       PUBLIC        ET0
  B:00A8H.3       PUBLIC        ET1
  I:00BAH         PUBLIC        WT_Onehour_Flag
  I:00B2H         PUBLIC        _TEMP_INDEX_FLAG_
  C:76CFH         PUBLIC        g_RealValue
  I:00BCH         PUBLIC        Basic_Temp_Cmd
  I:00BBH         PUBLIC        Exral_Temp_Flag
  I:00C4H         PUBLIC        gBackupTBCInitVal
  C:765FH         PUBLIC        g_CompValue
  C:A2D9H         PUBLIC        vScu_WakeUpTimerWakeUp_1Hour
  I:00C2H         PUBLIC        Bak_PPMValue
  C:75EFH         PUBLIC        g_TempValue
  C:A2EAH         PUBLIC        vScu_WakeUpTimerWakeUp_1Min
  D:00DAH         PUBLIC        TBCSTART
  C:5965H         PUBLIC        _vCompValue_Find
  C:95B7H         PUBLIC        Base_Time
  I:00BDH         PUBLIC        CompValue_Flag
  D:00D9H         PUBLIC        TBCADJH
  C:7B78H         PUBLIC        _vTempValue_Find
  D:00D8H         PUBLIC        TBCADJL
  -------         PROC          VTBCINIT
  C:A385H         LINE#         83
  C:A385H         LINE#         84
  C:A385H         LINE#         85
  C:A388H         LINE#         90
  C:A38BH         LINE#         94
  C:A38DH         LINE#         95
  C:A38FH         LINE#         96
  -------         ENDPROC       VTBCINIT
  -------         PROC          BASE_TIME
  -------         DO            
  X:009BH         SYMBOL        base_time
  -------         ENDDO         
  C:95B7H         LINE#         98
  C:95B7H         LINE#         99
  C:95B7H         LINE#         100
  C:95B7H         LINE#         102
  C:95BAH         LINE#         104
  C:95C3H         LINE#         105
  C:95E9H         LINE#         106
  C:95E9H         LINE#         107
  C:95EAH         LINE#         108
  C:95ECH         LINE#         110
  C:95ECH         LINE#         111
  C:9613H         LINE#         112
  C:9613H         LINE#         114
  C:9621H         LINE#         115
  -------         ENDPROC       BASE_TIME
  -------         PROC          VSCU_WAKEUPTIMERWAKEUP_1HOUR
BL51 BANKED LINKER/LOCATER V6.22                                                      11/23/2016  11:58:16  PAGE 17


  C:A2D9H         LINE#         143
  C:A2D9H         LINE#         144
  C:A2D9H         LINE#         148
  C:A2DFH         LINE#         149
  C:A2E2H         LINE#         150
  C:A2E5H         LINE#         152
  C:A2E7H         LINE#         153
  C:A2E9H         LINE#         154
  -------         ENDPROC       VSCU_WAKEUPTIMERWAKEUP_1HOUR
  -------         PROC          VSCU_WAKEUPTIMERWAKEUP_1MIN
  C:A2EAH         LINE#         165
  C:A2EAH         LINE#         166
  C:A2EAH         LINE#         170
  C:A2F0H         LINE#         171
  C:A2F3H         LINE#         172
  C:A2F6H         LINE#         174
  C:A2F8H         LINE#         175
  C:A2FAH         LINE#         176
  -------         ENDPROC       VSCU_WAKEUPTIMERWAKEUP_1MIN
  -------         PROC          _VTBC_ADJ
  X:004EH         SYMBOL        ppm
  -------         DO            
  X:0052H         SYMBOL        AdjValue
  -------         ENDDO         
  C:9389H         LINE#         187
  C:938FH         LINE#         188
  C:938FH         LINE#         191
  C:93B1H         LINE#         193
  C:93D1H         LINE#         194
  C:93D1H         LINE#         195
  C:93D1H         LINE#         196
  C:93D1H         LINE#         197
  C:93D3H         LINE#         199
  C:93D3H         LINE#         200
  C:93E9H         LINE#         201
  C:93F4H         LINE#         202
  C:93FDH         LINE#         203
  C:93FDH         LINE#         204
  -------         ENDPROC       _VTBC_ADJ
  -------         PROC          _VTEMPVALUE_FIND
  X:004EH         SYMBOL        Temp
  -------         DO            
  X:0052H         SYMBOL        u1Index1
  X:0053H         SYMBOL        temp_index
  X:0054H         SYMBOL        u1Index2
  X:0055H         SYMBOL        Temp1
  D:0004H         SYMBOL        Temp2
  -------         ENDDO         
  C:7B78H         LINE#         215
  C:7B7EH         LINE#         216
  C:7B7EH         LINE#         221
  C:7B84H         LINE#         222
  C:7B88H         LINE#         223
  C:7B8DH         LINE#         227
  C:7BBFH         LINE#         229
  C:7BCEH         LINE#         230
  C:7BCEH         LINE#         231
BL51 BANKED LINKER/LOCATER V6.22                                                      11/23/2016  11:58:16  PAGE 18


  C:7BF2H         LINE#         232
  C:7BF2H         LINE#         233
  C:7BF6H         LINE#         234
  C:7BFCH         LINE#         235
  C:7BFCH         LINE#         237
  C:7BFCH         LINE#         238
  C:7C00H         LINE#         240
  C:7C40H         LINE#         241
  C:7C40H         LINE#         242
  C:7C49H         LINE#         244
  C:7C58H         LINE#         245
  C:7C58H         LINE#         246
  C:7C84H         LINE#         247
  C:7C84H         LINE#         248
  C:7CA7H         LINE#         249
  C:7CACH         LINE#         250
  C:7CACH         LINE#         251
  C:7CB4H         LINE#         254
  C:7CBBH         LINE#         255
  C:7CBBH         LINE#         256
  C:7CBBH         LINE#         257
  C:7CBDH         LINE#         258
  C:7CC1H         LINE#         259
  C:7CC1H         LINE#         260
  C:7CC1H         LINE#         261
  C:7CC3H         LINE#         263
  C:7CC3H         LINE#         264
  C:7CE6H         LINE#         265
  C:7CFFH         LINE#         267
  C:7D14H         LINE#         268
  C:7D14H         LINE#         269
  C:7D18H         LINE#         270
  C:7D1AH         LINE#         272
  C:7D1AH         LINE#         273
  C:7D1EH         LINE#         274
  C:7D1EH         LINE#         275
  C:7D1EH         LINE#         277
  C:7D23H         LINE#         278
  -------         ENDPROC       _VTEMPVALUE_FIND
  -------         PROC          _VCOMPVALUE_FIND
  X:004EH         SYMBOL        Temp
  X:0052H         SYMBOL        index
  -------         DO            
  X:0053H         SYMBOL        TbcValue
  X:0057H         SYMBOL        TemVar1
  X:005BH         SYMBOL        TemVar2
  X:005FH         SYMBOL        TemVar3
  X:0063H         SYMBOL        TemVar4
  X:0067H         SYMBOL        TemVar5
  X:006BH         SYMBOL        TemVar6
  -------         ENDDO         
  C:5965H         LINE#         294
  C:596BH         LINE#         295
  C:596BH         LINE#         300
  C:5971H         LINE#         301
  C:5971H         LINE#         302
  C:5973H         LINE#         303
BL51 BANKED LINKER/LOCATER V6.22                                                      11/23/2016  11:58:16  PAGE 19


  C:5987H         LINE#         304
  C:5987H         LINE#         306
  C:5987H         LINE#         307
  C:59A2H         LINE#         308
  C:59B9H         LINE#         310
  C:59C2H         LINE#         311
  C:59C2H         LINE#         312
  C:59CEH         LINE#         313
  C:59DAH         LINE#         315
  C:5A60H         LINE#         316
  C:5A63H         LINE#         317
  C:5A6EH         LINE#         318
  C:5A6EH         LINE#         319
  C:5A7AH         LINE#         320
  C:5A86H         LINE#         322
  C:5B0CH         LINE#         323
  C:5B0FH         LINE#         325
  C:5B0FH         LINE#         326
  C:5B2AH         LINE#         327
  C:5B41H         LINE#         330
  C:5B5CH         LINE#         331
  C:5B73H         LINE#         333
  C:5B7DH         LINE#         334
  C:5B7DH         LINE#         335
  C:5B7EH         LINE#         336
  C:5C04H         LINE#         337
  C:5C07H         LINE#         339
  C:5C07H         LINE#         340
  C:5CA1H         LINE#         341
  C:5CA1H         LINE#         342
  C:5CA1H         LINE#         343
  C:5CAFH         LINE#         344
  C:5CAFH         LINE#         345
  -------         ENDPROC       _VCOMPVALUE_FIND
  -------         PROC          _COMP_DIFFERENCE_10PPM
  D:0004H         SYMBOL        value
  C:9622H         LINE#         376
  C:9622H         LINE#         377
  C:9622H         LINE#         378
  C:9639H         LINE#         379
  C:9639H         LINE#         380
  C:9655H         LINE#         381
  C:9658H         LINE#         382
  C:965CH         LINE#         383
  C:9660H         LINE#         384
  C:9661H         LINE#         386
  C:9661H         LINE#         387
  C:967DH         LINE#         388
  C:9680H         LINE#         389
  C:9684H         LINE#         390
  C:9688H         LINE#         391
  C:9688H         LINE#         392
  -------         ENDPROC       _COMP_DIFFERENCE_10PPM
  -------         PROC          _REAL_TMP
  X:004EH         SYMBOL        Tmp
  -------         DO            
  X:0052H         SYMBOL        Index
BL51 BANKED LINKER/LOCATER V6.22                                                      11/23/2016  11:58:16  PAGE 20


  -------         ENDDO         
  C:77E7H         LINE#         404
  C:77EDH         LINE#         405
  C:77EDH         LINE#         408
  C:77F4H         LINE#         410
  C:7810H         LINE#         411
  C:7810H         LINE#         412
  C:7823H         LINE#         413
  C:7823H         LINE#         414
  C:785BH         LINE#         415
  C:785BH         LINE#         416
  C:786EH         LINE#         417
  C:786EH         LINE#         418
  C:78A6H         LINE#         419
  C:78A6H         LINE#         420
  C:78B9H         LINE#         421
  C:78B9H         LINE#         422
  C:78F1H         LINE#         423
  C:78F1H         LINE#         424
  C:7904H         LINE#         425
  C:7904H         LINE#         426
  C:793CH         LINE#         427
  C:793CH         LINE#         428
  C:794EH         LINE#         429
  C:794EH         LINE#         430
  C:7986H         LINE#         431
  C:7986H         LINE#         432
  C:7998H         LINE#         433
  C:7998H         LINE#         435
  C:7998H         LINE#         436
  C:79BEH         LINE#         437
  C:79BEH         LINE#         438
  -------         ENDPROC       _REAL_TMP
  -------         PROC          IC_TEMPERATURE_TEST
  -------         DO            
  X:0043H         SYMBOL        Tmp
  X:0047H         SYMBOL        Basic_Tmp
  D:0007H         SYMBOL        Basic_Tmp_Low
  X:004BH         SYMBOL        TmpValue
  D:0006H         SYMBOL        ADJVAL
  -------         ENDDO         
  C:5CB0H         LINE#         440
  C:5CB0H         LINE#         441
  C:5CB0H         LINE#         449
  C:5CB5H         LINE#         451
  C:5CBCH         LINE#         453
  C:5CC7H         LINE#         454
  C:5CD2H         LINE#         457
  C:5CE2H         LINE#         459
  C:5D20H         LINE#         460
  C:5D3EH         LINE#         461
  C:5D53H         LINE#         462
  C:5D79H         LINE#         464
  C:5D7EH         LINE#         465
  C:5D7EH         LINE#         466
  C:5D96H         LINE#         467
  C:5D98H         LINE#         469
BL51 BANKED LINKER/LOCATER V6.22                                                      11/23/2016  11:58:16  PAGE 21


  C:5D98H         LINE#         470
  C:5D9CH         LINE#         471
  C:5DCCH         LINE#         472
  C:5DEFH         LINE#         473
  C:5DEFH         LINE#         475
  C:5E08H         LINE#         476
  C:5E08H         LINE#         477
  C:5E0CH         LINE#         478
  C:5E0FH         LINE#         479
  C:5E42H         LINE#         480
  C:5E42H         LINE#         481
  C:5E46H         LINE#         482
  C:5E49H         LINE#         483
  C:5E7DH         LINE#         484
  C:5E7DH         LINE#         485
  C:5E81H         LINE#         486
  C:5E84H         LINE#         487
  C:5EB7H         LINE#         488
  C:5EB7H         LINE#         489
  C:5EBBH         LINE#         490
  C:5EBEH         LINE#         491
  C:5EF1H         LINE#         492
  C:5EF1H         LINE#         493
  C:5EF5H         LINE#         494
  C:5EF8H         LINE#         495
  C:5F2CH         LINE#         496
  C:5F2CH         LINE#         497
  C:5F30H         LINE#         498
  C:5F33H         LINE#         499
  C:5F67H         LINE#         500
  C:5F67H         LINE#         501
  C:5F6BH         LINE#         502
  C:5F6DH         LINE#         503
  C:5FA1H         LINE#         504
  C:5FA1H         LINE#         505
  C:5FA5H         LINE#         506
  C:5FA7H         LINE#         507
  C:5FDBH         LINE#         508
  C:5FDBH         LINE#         509
  C:5FDFH         LINE#         510
  C:5FE1H         LINE#         512
  C:5FE1H         LINE#         513
  C:5FE5H         LINE#         514
  C:5FE9H         LINE#         515
  C:5FE9H         LINE#         518
  C:5FF0H         LINE#         520
  -------         ENDPROC       IC_TEMPERATURE_TEST
  -------         PROC          _VFREQADJ
  X:0043H         SYMBOL        u1Flag
  -------         DO            
  X:0044H         SYMBOL        Tmp
  X:0048H         SYMBOL        Tbc_Value
  X:004CH         SYMBOL        TmpValue
  D:0006H         SYMBOL        ADJVAL
  D:0003H         SYMBOL        Index
  -------         ENDDO         
  C:85DAH         LINE#         542
BL51 BANKED LINKER/LOCATER V6.22                                                      11/23/2016  11:58:16  PAGE 22


  C:85DFH         LINE#         543
  C:85DFH         LINE#         550
  C:85E4H         LINE#         552
  C:85EBH         LINE#         554
  C:85F6H         LINE#         556
  C:8601H         LINE#         559
  C:8611H         LINE#         561
  C:864FH         LINE#         562
  C:866DH         LINE#         568
  C:8684H         LINE#         570
  C:8697H         LINE#         571
  C:86B3H         LINE#         573
  C:86B6H         LINE#         574
  C:86B9H         LINE#         576
  C:86C0H         LINE#         577
  C:86C0H         LINE#         578
  C:86C3H         LINE#         579
  C:86C5H         LINE#         581
  C:86C5H         LINE#         582
  C:86DCH         LINE#         583
  C:86DCH         LINE#         586
  C:86E3H         LINE#         588
  C:86E6H         LINE#         592
  C:86ECH         LINE#         593
  C:86ECH         LINE#         594
  C:86FDH         LINE#         595
  C:86FDH         LINE#         597
  -------         ENDPROC       _VFREQADJ
  -------         ENDMOD        TBCFUNC

  -------         MODULE        OTPFUNC
  C:0000H         SYMBOL        _ICE_DUMMY_
  D:0090H         PUBLIC        SCUOSCCTRL
  C:5242H         PUBLIC        _OtpActiveVerify
  C:8955H         PUBLIC        _GetTimeFactor
  C:0006H         PUBLIC        _BYTE2LONG
  C:4A6CH         PUBLIC        _ExtractHOTP
  I:0039H         PUBLIC        g_u1RandCnt
  C:872FH         PUBLIC        _CalTime
  X:0666H         PUBLIC        g_u1OtpInput
  X:06B6H         PUBLIC        g_pu1Random
  C:8044H         PUBLIC        _GenOtpOcra
  C:5608H         PUBLIC        _CosOperation
  -------         PROC          _GETTIMEFACTOR
  X:0094H         SYMBOL        pu1Time
  -------         DO            
  X:0097H         SYMBOL        u4Minite
  -------         ENDDO         
  C:8955H         LINE#         211
  C:8960H         LINE#         212
  C:8960H         LINE#         217
  C:8983H         LINE#         224
  C:8996H         LINE#         226
  C:89AAH         LINE#         227
  C:89C4H         LINE#         228
  C:89DDH         LINE#         229
  C:89EAH         LINE#         230
BL51 BANKED LINKER/LOCATER V6.22                                                      11/23/2016  11:58:16  PAGE 23


  C:8A03H         LINE#         231
  C:8A10H         LINE#         232
  C:8A29H         LINE#         233
  C:8A36H         LINE#         234
  -------         ENDPROC       _GETTIMEFACTOR
  -------         PROC          _EXTRACTHOTP
  X:00C0H         SYMBOL        pu1MAC
  X:00C3H         SYMBOL        dwMACLen
  X:00C7H         SYMBOL        pszOtp
  X:00CAH         SYMBOL        dwOTPLen
  -------         DO            
  X:00CEH         SYMBOL        i
  X:00CFH         SYMBOL        dwData
  X:00D3H         SYMBOL        index
  X:00D4H         SYMBOL        u4Mode
  X:00D8H         SYMBOL        u4Index
  -------         ENDDO         
  C:4A6CH         LINE#         391
  C:4A7BH         LINE#         392
  C:4A7BH         LINE#         402
  C:4A95H         LINE#         403
  C:4A95H         LINE#         404
  C:4A98H         LINE#         405
  C:4A98H         LINE#         406
  C:4AB2H         LINE#         407
  C:4AB2H         LINE#         408
  C:4ABCH         LINE#         409
  C:4ABCH         LINE#         410
  C:4AD6H         LINE#         411
  C:4AD6H         LINE#         412
  C:4AE0H         LINE#         413
  C:4AE0H         LINE#         417
  C:4B06H         LINE#         418
  C:4B0AH         LINE#         420
  C:4B1EH         LINE#         421
  C:4B32H         LINE#         422
  C:4B4BH         LINE#         423
  C:4B93H         LINE#         424
  C:4BACH         LINE#         425
  C:4BF4H         LINE#         426
  C:4C0DH         LINE#         427
  C:4C55H         LINE#         445
  C:4C5FH         LINE#         446
  C:4C82H         LINE#         447
  C:4C82H         LINE#         448
  C:4C9FH         LINE#         449
  C:4CA7H         LINE#         450
  C:4CD4H         LINE#         452
  C:4CF6H         LINE#         453
  C:4CF6H         LINE#         454
  C:4D0FH         LINE#         455
  C:4D17H         LINE#         456
  C:4D2EH         LINE#         457
  C:4D38H         LINE#         458
  C:4D4FH         LINE#         459
  C:4D4FH         LINE#         460
  C:4D7CH         LINE#         461
BL51 BANKED LINKER/LOCATER V6.22                                                      11/23/2016  11:58:16  PAGE 24


  C:4DABH         LINE#         462
  C:4DF1H         LINE#         463
  C:4E0EH         LINE#         464
  C:4E27H         LINE#         465
  C:4E49H         LINE#         466
  C:4E53H         LINE#         467
  C:4E56H         LINE#         469
  C:4E58H         LINE#         470
  -------         ENDPROC       _EXTRACTHOTP
  -------         PROC          _GENOTPOCRA
  X:0094H         SYMBOL        pu1Time
  X:0097H         SYMBOL        u1TimeLen
  X:0098H         SYMBOL        pu1Seed
  X:009BH         SYMBOL        u1SeedSize
  X:009CH         SYMBOL        pu1Question
  X:009FH         SYMBOL        u1QuestionLen
  X:00A0H         SYMBOL        pu1Ocra
  X:00A3H         SYMBOL        pu1OcraLen
  -------         DO            
  X:00A6H         SYMBOL        u1Tmp
  X:00A7H         SYMBOL        pu1Tmp
  X:00AAH         SYMBOL        out
  X:00BEH         SYMBOL        u2Len
  -------         ENDDO         
  C:8044H         LINE#         486
  C:8052H         LINE#         487
  C:8052H         LINE#         497
  C:8061H         LINE#         499
  C:806FH         LINE#         500
  C:8077H         LINE#         501
  C:8077H         LINE#         502
  C:807AH         LINE#         503
  C:807AH         LINE#         505
  C:8083H         LINE#         506
  C:8083H         LINE#         507
  C:80B1H         LINE#         508
  C:80B7H         LINE#         509
  C:80B7H         LINE#         511
  C:80BCH         LINE#         516
  C:80EDH         LINE#         517
  C:80F8H         LINE#         525
  C:8153H         LINE#         529
  C:8159H         LINE#         531
  C:8169H         LINE#         533
  C:81B6H         LINE#         535
  C:81B8H         LINE#         536
  -------         ENDPROC       _GENOTPOCRA
  -------         PROC          L?0071
  -------         ENDPROC       L?0071
  -------         PROC          _CALTIME
  X:0771H         SYMBOL        pu4OutTime1
  X:0774H         SYMBOL        pu4OutTime2
  X:0777H         SYMBOL        u4Time1
  X:077BH         SYMBOL        u4Time2
  X:077FH         SYMBOL        u1CalFlg
  C:872FH         LINE#         540
  C:873AH         LINE#         541
BL51 BANKED LINKER/LOCATER V6.22                                                      11/23/2016  11:58:16  PAGE 25


  C:873AH         LINE#         542
  C:8741H         LINE#         543
  C:8741H         LINE#         544
  C:875AH         LINE#         545
  C:875AH         LINE#         546
  C:877DH         LINE#         547
  C:8787H         LINE#         548
  C:878AH         LINE#         550
  C:878AH         LINE#         551
  C:87A6H         LINE#         552
  C:87A6H         LINE#         553
  C:87A8H         LINE#         555
  C:87A8H         LINE#         556
  C:87C2H         LINE#         557
  C:87C2H         LINE#         558
  C:87E1H         LINE#         559
  C:87EBH         LINE#         560
  C:87EDH         LINE#         562
  C:87EDH         LINE#         563
  C:880CH         LINE#         564
  C:880CH         LINE#         565
  C:880CH         LINE#         566
  C:8828H         LINE#         567
  -------         ENDPROC       _CALTIME
  -------         PROC          _BYTE2LONG
  D:0001H         SYMBOL        pu1Data
  -------         DO            
  D:0004H         SYMBOL        lResult
  -------         ENDDO         
  C:0006H         LINE#         570
  C:0006H         LINE#         571
  C:0006H         LINE#         574
  C:0009H         LINE#         575
  C:0009H         LINE#         576
  -------         ENDPROC       _BYTE2LONG
  -------         PROC          _OTPACTIVEVERIFY
  X:0460H         SYMBOL        pu1Time
  X:0463H         SYMBOL        u1TimeLen
  X:0464H         SYMBOL        pu1Seed
  X:0467H         SYMBOL        u1SeedSize
  X:0468H         SYMBOL        pu1Question
  X:046BH         SYMBOL        u1QuestionLen
  X:046CH         SYMBOL        pu1Ocra
  X:046FH         SYMBOL        u1OcraLen
  X:0470H         SYMBOL        u1Window
  -------         DO            
  X:0471H         SYMBOL        pu1InputOTP
  X:0479H         SYMBOL        pu1T
  X:047CH         SYMBOL        pu1Substract
  X:049CH         SYMBOL        u4Time1
  X:04A0H         SYMBOL        u4Time2
  X:04A4H         SYMBOL        u4Time1_Dec
  X:04A8H         SYMBOL        u4Time2_Dec
  X:04ACH         SYMBOL        u4Time1_Add
  X:04B0H         SYMBOL        u4Time2_Add
  X:04B4H         SYMBOL        u1Index
  D:0007H         SYMBOL        u1Tmp
BL51 BANKED LINKER/LOCATER V6.22                                                      11/23/2016  11:58:16  PAGE 26


  X:04B5H         SYMBOL        u1OtpDataLen
  X:04B6H         SYMBOL        u1NumAdd
  X:04B7H         SYMBOL        u1NumDec
  X:04B8H         SYMBOL        pu1OtpTmp
  X:04D8H         SYMBOL        out
  X:04F8H         SYMBOL        u2Len
  -------         ENDDO         
  C:5242H         LINE#         597
  C:5250H         LINE#         598
  C:5250H         LINE#         620
  C:525FH         LINE#         626
  C:5264H         LINE#         627
  C:5285H         LINE#         628
  C:529CH         LINE#         629
  C:52A7H         LINE#         630
  C:52CBH         LINE#         631
  C:52D6H         LINE#         632
  C:52F1H         LINE#         635
  C:5305H         LINE#         636
  C:531EH         LINE#         639
  C:5332H         LINE#         640
  C:5346H         LINE#         642
  C:534DH         LINE#         643
  C:534DH         LINE#         646
  C:5350H         LINE#         647
  C:5352H         LINE#         648
  C:5359H         LINE#         649
  C:5359H         LINE#         652
  C:535CH         LINE#         653
  C:535EH         LINE#         655
  C:535EH         LINE#         658
  C:5361H         LINE#         660
  C:5361H         LINE#         661
  C:5366H         LINE#         662
  C:536AH         LINE#         663
  C:5380H         LINE#         664
  C:5380H         LINE#         665
  C:5383H         LINE#         666
  C:5383H         LINE#         668
  C:5397H         LINE#         669
  C:53ABH         LINE#         670
  C:53AEH         LINE#         671
  C:53B8H         LINE#         672
  C:53B8H         LINE#         673
  C:53DDH         LINE#         674
  C:53F1H         LINE#         675
  C:5405H         LINE#         676
  C:5408H         LINE#         677
  C:540AH         LINE#         679
  C:540AH         LINE#         680
  C:542FH         LINE#         681
  C:5443H         LINE#         682
  C:5457H         LINE#         683
  C:545DH         LINE#         684
  C:545DH         LINE#         686
  C:54CBH         LINE#         687
  C:552DH         LINE#         694
BL51 BANKED LINKER/LOCATER V6.22                                                      11/23/2016  11:58:16  PAGE 27


  C:557FH         LINE#         695
  C:5592H         LINE#         698
  C:5594H         LINE#         700
  C:55CAH         LINE#         702
  C:55E3H         LINE#         703
  C:55E3H         LINE#         704
  C:55EAH         LINE#         705
  C:55EAH         LINE#         706
  C:55ECH         LINE#         707
  C:55ECH         LINE#         708
  C:55F0H         LINE#         709
  C:55F0H         LINE#         710
  C:55F6H         LINE#         711
  C:55F6H         LINE#         713
  C:55F6H         LINE#         714
  C:55FCH         LINE#         715
  C:55FCH         LINE#         716
  C:55FCH         LINE#         717
  C:5605H         LINE#         718
  C:5607H         LINE#         719
  -------         ENDPROC       _OTPACTIVEVERIFY
  -------         PROC          _COSOPERATION
  D:0007H         SYMBOL        Mode
  X:0043H         SYMBOL        pu1DataBuf
  -------         DO            
  X:0046H         SYMBOL        u1Status
  X:0047H         SYMBOL        u1Rsp
  X:0048H         SYMBOL        pu1MacKey
  X:0058H         SYMBOL        pu1Seed
  X:0078H         SYMBOL        i
  X:0079H         SYMBOL        u1OLen
  X:007AH         SYMBOL        pu1TimeFactor
  X:0082H         SYMBOL        pu1IV
  X:0092H         SYMBOL        u2Len
  -------         ENDDO         
  C:5608H         LINE#         721
  C:5613H         LINE#         722
  C:5613H         LINE#         724
  C:5613H         LINE#         741
  C:561EH         LINE#         742
  C:5634H         LINE#         743
  C:5634H         LINE#         744
  C:5634H         LINE#         745
  C:5634H         LINE#         746
  C:5645H         LINE#         747
  C:565FH         LINE#         748
  C:5688H         LINE#         750
  C:56ADH         LINE#         752
  C:56B6H         LINE#         753
  C:56E3H         LINE#         754
  C:56E8H         LINE#         755
  C:56EBH         LINE#         756
  C:56EBH         LINE#         757
  C:56EBH         LINE#         758
  C:56EBH         LINE#         760
  C:56FAH         LINE#         762
  C:5709H         LINE#         763
BL51 BANKED LINKER/LOCATER V6.22                                                      11/23/2016  11:58:16  PAGE 28


  C:5721H         LINE#         765
  C:573EH         LINE#         766
  C:5763H         LINE#         768
  C:576CH         LINE#         769
  C:5799H         LINE#         776
  C:57A2H         LINE#         777
  C:57C7H         LINE#         778
  C:57D0H         LINE#         779
  C:57FEH         LINE#         781
  C:5802H         LINE#         782
  C:5805H         LINE#         783
  C:5808H         LINE#         784
  C:5811H         LINE#         785
  C:5816H         LINE#         786
  C:5823H         LINE#         787
  C:5823H         LINE#         788
  C:5826H         LINE#         815
  C:5826H         LINE#         816
  C:5826H         LINE#         817
  C:583AH         LINE#         818
  C:5843H         LINE#         820
  C:5856H         LINE#         822
  C:587BH         LINE#         823
  C:5884H         LINE#         824
  C:58B2H         LINE#         826
  C:5905H         LINE#         828
  C:5924H         LINE#         829
  C:5933H         LINE#         830
  C:5939H         LINE#         831
  C:5939H         LINE#         833
  C:593BH         LINE#         834
  C:593DH         LINE#         840
  C:593DH         LINE#         842
  C:593DH         LINE#         843
  C:5943H         LINE#         844
  C:5943H         LINE#         845
  C:5943H         LINE#         847
  C:595FH         LINE#         848
  C:5964H         LINE#         849
  -------         ENDPROC       _COSOPERATION
  -------         ENDMOD        OTPFUNC

  -------         MODULE        LCDFUNC
  C:0000H         SYMBOL        _ICE_DUMMY_
  C:A06BH         PUBLIC        vLcd_All_Clear2
  D:0090H         PUBLIC        SCUOSCCTRL
  C:A101H         PUBLIC        _vLcdInit
  C:8CA2H         PUBLIC        Num_Assic1
  D:0091H         PUBLIC        SCUMCG
  C:9FE3H         PUBLIC        _vLcd_Dot_Display
  C:8B39H         PUBLIC        _vLcd_String_Display2
  C:9472H         PUBLIC        _vLcd_Flag_Display2
  C:8BFAH         PUBLIC        Num1
  C:A03FH         PUBLIC        vLcd_String_Clear2
  C:7D24H         PUBLIC        _vLcd_Bcd_Display2
  C:8C4EH         PUBLIC        Num2
  C:A012H         PUBLIC        vLcd_All_Display2
BL51 BANKED LINKER/LOCATER V6.22                                                      11/23/2016  11:58:16  PAGE 29


  C:A347H         PUBLIC        _vDelay1ms
  -------         PROC          _VDELAY1MS
  D:0007H         SYMBOL        Count
  C:A347H         LINE#         42
  C:A347H         LINE#         43
  C:A347H         LINE#         44
  C:A34DH         LINE#         45
  C:A34DH         LINE#         46
  C:A34EH         LINE#         47
  C:A34FH         LINE#         48
  C:A350H         LINE#         49
  C:A351H         LINE#         50
  C:A353H         LINE#         52
  -------         ENDPROC       _VDELAY1MS
  -------         PROC          _VLCDINIT
  D:0007H         SYMBOL        BIAS
  D:0005H         SYMBOL        DUTY
  D:0003H         SYMBOL        FRM
  C:A101H         LINE#         74
  C:A101H         LINE#         75
  C:A101H         LINE#         76
  C:A104H         LINE#         78
  C:A10BH         LINE#         79
  C:A10EH         LINE#         80
  C:A111H         LINE#         81
  C:A114H         LINE#         83
  C:A118H         LINE#         84
  C:A11DH         LINE#         87
  C:A121H         LINE#         90
  -------         ENDPROC       _VLCDINIT
  -------         PROC          _VLCD_BCD_DISPLAY2
  D:0001H         SYMBOL        index
  X:07CBH         SYMBOL        BCD
  -------         DO            
  D:0004H         SYMBOL        pLcdDispReg
  -------         ENDDO         
  C:7D24H         LINE#         308
  C:7D2BH         LINE#         309
  C:7D2BH         LINE#         312
  C:7D2FH         LINE#         315
  C:7D36H         LINE#         316
  C:7D36H         LINE#         317
  C:7D41H         LINE#         318
  C:7D65H         LINE#         319
  C:7D91H         LINE#         320
  C:7DBDH         LINE#         321
  C:7DD7H         LINE#         322
  C:7DF8H         LINE#         323
  C:7DF9H         LINE#         325
  C:7DF9H         LINE#         326
  C:7E05H         LINE#         327
  C:7E1EH         LINE#         328
  C:7E40H         LINE#         329
  C:7E69H         LINE#         330
  C:7E95H         LINE#         331
  C:7EC3H         LINE#         332
  C:7EC3H         LINE#         333
BL51 BANKED LINKER/LOCATER V6.22                                                      11/23/2016  11:58:16  PAGE 30


  -------         ENDPROC       _VLCD_BCD_DISPLAY2
  -------         PROC          _VLCD_STRING_DISPLAY2
  X:07A7H         SYMBOL        cString
  X:07AAH         SYMBOL        cLen
  -------         DO            
  X:07ABH         SYMBOL        i
  X:07ACH         SYMBOL        j
  -------         ENDDO         
  C:8B39H         LINE#         336
  C:8B47H         LINE#         337
  C:8B47H         LINE#         338
  C:8B47H         LINE#         342
  C:8B52H         LINE#         344
  C:8B63H         LINE#         345
  C:8B63H         LINE#         346
  C:8B79H         LINE#         347
  C:8B79H         LINE#         348
  C:8B87H         LINE#         349
  C:8B87H         LINE#         351
  C:8B96H         LINE#         352
  C:8B96H         LINE#         353
  C:8BB7H         LINE#         354
  C:8BB7H         LINE#         355
  C:8BCCH         LINE#         356
  C:8BCCH         LINE#         357
  C:8BCCH         LINE#         358
  C:8BD4H         LINE#         359
  C:8BDDH         LINE#         361
  C:8BF9H         LINE#         362
  -------         ENDPROC       _VLCD_STRING_DISPLAY2
  -------         PROC          VLCD_STRING_CLEAR2
  -------         DO            
  D:0007H         SYMBOL        i
  X:07BEH         SYMBOL        pLcdDispReg
  -------         ENDDO         
  C:A03FH         LINE#         364
  C:A03FH         LINE#         365
  C:A03FH         LINE#         366
  C:A041H         LINE#         368
  C:A04EH         LINE#         370
  C:A054H         LINE#         371
  C:A054H         LINE#         372
  C:A068H         LINE#         373
  C:A06AH         LINE#         374
  -------         ENDPROC       VLCD_STRING_CLEAR2
  -------         PROC          VLCD_ALL_CLEAR2
  -------         DO            
  D:0007H         SYMBOL        i
  X:07C1H         SYMBOL        pLcdDispReg
  -------         ENDDO         
  C:A06BH         LINE#         376
  C:A06BH         LINE#         377
  C:A06BH         LINE#         378
  C:A06DH         LINE#         380
  C:A07AH         LINE#         382
  C:A080H         LINE#         383
  C:A080H         LINE#         384
BL51 BANKED LINKER/LOCATER V6.22                                                      11/23/2016  11:58:16  PAGE 31


  C:A094H         LINE#         385
  C:A096H         LINE#         386
  -------         ENDPROC       VLCD_ALL_CLEAR2
  -------         PROC          VLCD_ALL_DISPLAY2
  -------         DO            
  D:0007H         SYMBOL        i
  X:07C4H         SYMBOL        pLcdDispReg
  -------         ENDDO         
  C:A012H         LINE#         388
  C:A012H         LINE#         389
  C:A012H         LINE#         390
  C:A014H         LINE#         392
  C:A021H         LINE#         394
  C:A027H         LINE#         395
  C:A027H         LINE#         396
  C:A03CH         LINE#         397
  C:A03EH         LINE#         398
  -------         ENDPROC       VLCD_ALL_DISPLAY2
  -------         PROC          _VLCD_FLAG_DISPLAY2
  D:0007H         SYMBOL        u1Flag
  -------         DO            
  D:0004H         SYMBOL        pLcdDispReg
  X:07C7H         SYMBOL        pLcdDispReg1
  -------         ENDDO         
  C:9472H         LINE#         400
  C:9472H         LINE#         401
  C:9472H         LINE#         404
  C:9476H         LINE#         405
  C:947FH         LINE#         407
  C:9483H         LINE#         408
  C:9483H         LINE#         409
  C:948AH         LINE#         410
  C:948BH         LINE#         411
  C:948FH         LINE#         412
  C:948FH         LINE#         413
  C:9496H         LINE#         414
  C:9497H         LINE#         415
  C:949BH         LINE#         416
  C:949BH         LINE#         417
  C:94A2H         LINE#         419
  C:94A3H         LINE#         420
  C:94A7H         LINE#         421
  C:94A7H         LINE#         422
  C:94ADH         LINE#         423
  C:94ADH         LINE#         425
  C:94AFH         LINE#         426
  C:94B3H         LINE#         427
  C:94B3H         LINE#         428
  C:94BAH         LINE#         429
  C:94C8H         LINE#         430
  C:94C9H         LINE#         432
  C:94C9H         LINE#         433
  C:94CFH         LINE#         434
  C:94DEH         LINE#         436
  C:94DEH         LINE#         437
  -------         ENDPROC       _VLCD_FLAG_DISPLAY2
  -------         PROC          _VLCD_DOT_DISPLAY
BL51 BANKED LINKER/LOCATER V6.22                                                      11/23/2016  11:58:16  PAGE 32


  D:0007H         SYMBOL        u1DotFlag
  -------         DO            
  D:0082H         SYMBOL        pLcdDispReg
  -------         ENDDO         
  C:9FE3H         LINE#         439
  C:9FE3H         LINE#         440
  C:9FE3H         LINE#         443
  C:9FE6H         LINE#         445
  C:9FEAH         LINE#         446
  C:9FEAH         LINE#         447
  C:9FEEH         LINE#         448
  C:9FF2H         LINE#         449
  C:9FF3H         LINE#         450
  C:9FF7H         LINE#         451
  C:9FF7H         LINE#         452
  C:9FFBH         LINE#         453
  C:9FFFH         LINE#         454
  C:A000H         LINE#         455
  C:A004H         LINE#         456
  C:A004H         LINE#         457
  C:A008H         LINE#         458
  C:A00CH         LINE#         459
  C:A00DH         LINE#         461
  C:A00DH         LINE#         462
  C:A011H         LINE#         463
  C:A011H         LINE#         464
  -------         ENDPROC       _VLCD_DOT_DISPLAY
  -------         ENDMOD        LCDFUNC

  -------         MODULE        ADCFUNC
  C:0000H         SYMBOL        _ICE_DUMMY_
  C:A1ACH         PUBLIC        _vAdcInit
  D:0091H         PUBLIC        SCUMCG
  C:A19FH         PUBLIC        _vDelay200Us
  C:9F53H         PUBLIC        uiAdc_GetData
  C:A2A1H         PUBLIC        vAdcClose
  -------         PROC          L?0010
  -------         ENDPROC       L?0010
  -------         PROC          _VDELAY200US
  D:0007H         SYMBOL        Tcount
  C:A19FH         LINE#         33
  C:A19FH         LINE#         34
  C:A19FH         LINE#         35
  C:A19FH         LINE#         36
  C:A1A0H         LINE#         37
  C:A1A1H         LINE#         38
  C:A1A2H         LINE#         39
  C:A1A3H         LINE#         40
  C:A1A4H         LINE#         41
  C:A1A5H         LINE#         42
  C:A1ABH         LINE#         43
  -------         ENDPROC       _VDELAY200US
  -------         PROC          _VADCINIT
  D:0007H         SYMBOL        CH
  C:A1ACH         LINE#         44
  C:A1ACH         LINE#         45
  C:A1ACH         LINE#         47
BL51 BANKED LINKER/LOCATER V6.22                                                      11/23/2016  11:58:16  PAGE 33


  C:A1AFH         LINE#         49
  C:A1B6H         LINE#         51
  C:A1B9H         LINE#         52
  C:A1BCH         LINE#         54
  C:A1C0H         LINE#         56
  -------         ENDPROC       _VADCINIT
  -------         PROC          UIADC_GETDATA
  C:9F53H         LINE#         80
  C:9F53H         LINE#         81
  C:9F53H         LINE#         82
  C:9F5AH         LINE#         85
  C:9F5AH         LINE#         86
  C:9F5AH         LINE#         87
  C:9F5DH         LINE#         88
  C:9F5DH         LINE#         89
  C:9F5DH         LINE#         90
  C:9F60H         LINE#         92
  C:9F67H         LINE#         93
  C:9F6DH         LINE#         94
  C:9F74H         LINE#         95
  C:9F82H         LINE#         96
  -------         ENDPROC       UIADC_GETDATA
  -------         PROC          VADCCLOSE
  C:A2A1H         LINE#         106
  C:A2A1H         LINE#         107
  C:A2A1H         LINE#         109
  C:A2A8H         LINE#         111
  C:A2ACH         LINE#         112
  C:A2B3H         LINE#         114
  -------         ENDPROC       VADCCLOSE
  -------         ENDMOD        ADCFUNC

  -------         MODULE        SCUFUNC
  C:0000H         SYMBOL        _ICE_DUMMY_
  -------         ENDMOD        SCUFUNC

  -------         MODULE        UARTFUNC
  C:0000H         SYMBOL        _ICE_DUMMY_
  X:06BEH         PUBLIC        ReceiveCompleteFlag
  B:00A8H.7       PUBLIC        EA
  D:0090H         PUBLIC        SCUOSCCTRL
  X:06BFH         PUBLIC        u1UsartBuffer
  D:00D4H         PUBLIC        UARTBUF
  C:9DECH         PUBLIC        _vUartSendData
  D:00D5H         PUBLIC        UARTCON
  D:00DEH         PUBLIC        TBCDR0
  D:00DDH         PUBLIC        TBCDR1
  D:00DCH         PUBLIC        TBCDR2
  D:00DBH         PUBLIC        TBCDR3
  D:0098H         PUBLIC        SCUIE0
  C:A2FBH         PUBLIC        vUartInit
  C:9284H         PUBLIC        ulGetTbcCountVlaue
  C:A251H         PUBLIC        ucUartGetByte
  D:00B3H         PUBLIC        TM0CON
  C:6F9FH         PUBLIC        ReceiveData_Poll
  D:0091H         PUBLIC        SCUMCG
  C:9F43H         PUBLIC        g_u1PriKey
BL51 BANKED LINKER/LOCATER V6.22                                                      11/23/2016  11:58:16  PAGE 34


  B:00A8H.2       PUBLIC        EX1
  C:A265H         PUBLIC        _vUartPutByte
  C:3F95H         PUBLIC        _GETOTPTime
[...]


  C:2F90H         LINE#         401
  C:2F9FH         LINE#         402
  C:2FAAH         LINE#         403
  C:2FB5H         LINE#         404
  C:2FB9H         LINE#         406
  C:2FC8H         LINE#         407
  C:2FD4H         LINE#         408
  C:2FE2H         LINE#         409
  C:2FEEH         LINE#         411
  C:2FF7H         LINE#         412
  C:300AH         LINE#         413
  C:3020H         LINE#         414
  C:3036H         LINE#         415
  C:304DH         LINE#         417
  C:3050H         LINE#         418
  C:305EH         LINE#         419
  C:306CH         LINE#         420
  C:307AH         LINE#         422
  C:3086H         LINE#         423
  C:30A2H         LINE#         424
  C:30BEH         LINE#         425
  C:30DAH         LINE#         429
  C:310DH         LINE#         430
  C:3134H         LINE#         431
  C:315EH         LINE#         432
  C:3185H         LINE#         434
  C:3191H         LINE#         435
  C:319BH         LINE#         436
  C:31A5H         LINE#         437
  C:31AFH         LINE#         439
  C:31BEH         LINE#         440
  C:31C9H         LINE#         441
  C:31D4H         LINE#         442
  C:31D8H         LINE#         444
  C:31E7H         LINE#         445
  C:31F3H         LINE#         446
  C:3201H         LINE#         447
  C:320DH         LINE#         449
  C:3216H         LINE#         450
  C:3229H         LINE#         451
  C:323FH         LINE#         452
  C:3255H         LINE#         453
  C:326CH         LINE#         455
  C:326FH         LINE#         456
  C:327DH         LINE#         457
  C:328BH         LINE#         458
  C:3299H         LINE#         460
  C:32ACH         LINE#         461
  C:32C8H         LINE#         462
  C:32E4H         LINE#         463
  C:3300H         LINE#         467
  C:3333H         LINE#         468
  C:335AH         LINE#         469
  C:3384H         LINE#         470
  C:33ABH         LINE#         472
  C:33B7H         LINE#         473
  C:33C1H         LINE#         474
BL51 BANKED LINKER/LOCATER V6.22                                                      11/23/2016  11:58:16  PAGE 92


  C:33CBH         LINE#         475
  C:33D5H         LINE#         477
  C:33E4H         LINE#         478
  C:33EFH         LINE#         479
  C:33FAH         LINE#         480
  C:33FEH         LINE#         482
  C:340DH         LINE#         483
  C:3419H         LINE#         484
  C:3427H         LINE#         485
  C:3433H         LINE#         487
  C:343CH         LINE#         488
  C:344FH         LINE#         489
  C:3465H         LINE#         490
  C:347BH         LINE#         491
  C:3492H         LINE#         493
  C:3495H         LINE#         494
  C:34A3H         LINE#         495
  C:34B1H         LINE#         496
  C:34BFH         LINE#         498
  C:34D2H         LINE#         499
  C:34EEH         LINE#         500
  C:350AH         LINE#         501
  C:3526H         LINE#         505
  C:3559H         LINE#         506
  C:3580H         LINE#         507
  C:35AAH         LINE#         508
  C:35D1H         LINE#         510
  C:35DDH         LINE#         511
  C:35E7H         LINE#         512
  C:35F1H         LINE#         513
  C:35FBH         LINE#         515
  C:360AH         LINE#         516
  C:3615H         LINE#         517
  C:3620H         LINE#         518
  C:3625H         LINE#         520
  C:362FH         LINE#         521
  C:363BH         LINE#         522
  C:3649H         LINE#         523
  C:364DH         LINE#         525
  C:3656H         LINE#         526
  C:3669H         LINE#         527
  C:367FH         LINE#         528
  C:3695H         LINE#         529
  C:36ACH         LINE#         531
  C:36AFH         LINE#         532
  C:36BDH         LINE#         533
  C:36CBH         LINE#         534
  C:36DAH         LINE#         536
  C:36EDH         LINE#         537
  C:3709H         LINE#         538
  C:3725H         LINE#         539
  C:373CH         LINE#         541
  C:3746H         LINE#         544
  C:374BH         LINE#         545
  C:374BH         LINE#         546
  C:37C0H         LINE#         547
  C:37F6H         LINE#         548
BL51 BANKED LINKER/LOCATER V6.22                                                      11/23/2016  11:58:16  PAGE 93


  C:3804H         LINE#         549
  -------         ENDPROC       __SM4_ENCRYPT
  -------         PROC          L?0052
  -------         ENDPROC       L?0052
  -------         PROC          __SM4_DECRYPT
  X:00CCH         SYMBOL        c
  X:00CFH         SYMBOL        cin
  -------         DO            
  X:00D2H         SYMBOL        i
  -------         DO            
  X:00D3H         SYMBOL        t
  X:00D7H         SYMBOL        u
  X:00DBH         SYMBOL        s
  -------         ENDDO         
  -------         ENDDO         
  C:1968H         LINE#         564
  C:1973H         LINE#         565
  C:1973H         LINE#         569
  C:19A0H         LINE#         570
  C:19BFH         LINE#         571
  C:19C5H         LINE#         574
  C:19D6H         LINE#         575
  C:19D6H         LINE#         579
  C:1A16H         LINE#         580
  C:1A3DH         LINE#         581
  C:1A64H         LINE#         582
  C:1A8BH         LINE#         584
  C:1A97H         LINE#         585
  C:1AA1H         LINE#         586
  C:1AABH         LINE#         587
  C:1AB5H         LINE#         589
  C:1AC4H         LINE#         590
  C:1ACFH         LINE#         591
  C:1ADAH         LINE#         592
  C:1ADEH         LINE#         594
  C:1AECH         LINE#         595
  C:1AF8H         LINE#         596
  C:1B06H         LINE#         597
  C:1B12H         LINE#         599
  C:1B1BH         LINE#         600
  C:1B2EH         LINE#         601
  C:1B44H         LINE#         602
  C:1B5AH         LINE#         603
  C:1B70H         LINE#         606
  C:1B7DH         LINE#         607
  C:1B8BH         LINE#         608
  C:1B99H         LINE#         609
  C:1BA7H         LINE#         611
  C:1BB3H         LINE#         612
  C:1BCFH         LINE#         613
  C:1BEBH         LINE#         614
  C:1C07H         LINE#         617
  C:1C44H         LINE#         618
  C:1C79H         LINE#         619
  C:1CAEH         LINE#         620
  C:1CE3H         LINE#         622
  C:1CEFH         LINE#         623
BL51 BANKED LINKER/LOCATER V6.22                                                      11/23/2016  11:58:16  PAGE 94


  C:1CF9H         LINE#         624
  C:1D03H         LINE#         625
  C:1D0DH         LINE#         627
  C:1D1CH         LINE#         628
  C:1D27H         LINE#         629
  C:1D32H         LINE#         630
  C:1D36H         LINE#         632
  C:1D44H         LINE#         633
  C:1D50H         LINE#         634
  C:1D5EH         LINE#         635
  C:1D6AH         LINE#         637
  C:1D73H         LINE#         638
  C:1D86H         LINE#         639
  C:1D9CH         LINE#         640
  C:1DB2H         LINE#         641
  C:1DC8H         LINE#         643
  C:1DD5H         LINE#         644
  C:1DE3H         LINE#         645
  C:1DF1H         LINE#         646
  C:1DFFH         LINE#         648
  C:1E12H         LINE#         649
  C:1E2EH         LINE#         650
  C:1E4AH         LINE#         651
  C:1E66H         LINE#         656
  C:1EA3H         LINE#         657
  C:1ED8H         LINE#         658
  C:1F0DH         LINE#         659
  C:1F42H         LINE#         661
  C:1F4EH         LINE#         662
  C:1F58H         LINE#         663
  C:1F62H         LINE#         664
  C:1F6CH         LINE#         666
  C:1F7BH         LINE#         667
  C:1F86H         LINE#         668
  C:1F91H         LINE#         669
  C:1F95H         LINE#         671
  C:1FA3H         LINE#         672
  C:1FAFH         LINE#         673
  C:1FBDH         LINE#         674
  C:1FC9H         LINE#         676
  C:1FD2H         LINE#         677
  C:1FE5H         LINE#         678
  C:1FFBH         LINE#         679
  C:2011H         LINE#         680
  C:2027H         LINE#         682
  C:2034H         LINE#         683
  C:2042H         LINE#         684
  C:2050H         LINE#         685
  C:205EH         LINE#         687
  C:2071H         LINE#         688
  C:208DH         LINE#         689
  C:20A9H         LINE#         690
  C:20C5H         LINE#         694
  C:2102H         LINE#         695
  C:2137H         LINE#         696
  C:216CH         LINE#         697
  C:21A1H         LINE#         699
BL51 BANKED LINKER/LOCATER V6.22                                                      11/23/2016  11:58:16  PAGE 95


  C:21ADH         LINE#         700
  C:21B7H         LINE#         701
  C:21C1H         LINE#         702
  C:21CBH         LINE#         704
  C:21DAH         LINE#         705
  C:21E5H         LINE#         706
  C:21F0H         LINE#         707
  C:21F5H         LINE#         709
  C:21FEH         LINE#         710
  C:220AH         LINE#         711
  C:2218H         LINE#         712
  C:221CH         LINE#         714
  C:2225H         LINE#         715
  C:2238H         LINE#         716
  C:224EH         LINE#         717
  C:2264H         LINE#         718
  C:227BH         LINE#         720
  C:2284H         LINE#         721
  C:2292H         LINE#         722
  C:22A0H         LINE#         723
  C:22AFH         LINE#         725
  C:22C2H         LINE#         726
  C:22DEH         LINE#         727
  C:22FAH         LINE#         728
  C:2311H         LINE#         730
  C:231BH         LINE#         733
  C:2320H         LINE#         734
  C:2320H         LINE#         735
  C:2395H         LINE#         736
  C:23CBH         LINE#         737
  C:23D9H         LINE#         738
  -------         ENDPROC       __SM4_DECRYPT
  -------         PROC          _SM4_CRYPTO
  X:0098H         SYMBOL        in
  D:0004H         SYMBOL        inByteLen
  X:009FH         SYMBOL        En_De
  X:00A0H         SYMBOL        mode
  X:00A1H         SYMBOL        iv
  X:00A4H         SYMBOL        out
  -------         DO            
  X:00A7H         SYMBOL        i
  X:00A8H         SYMBOL        ByteLen
  X:00ACH         SYMBOL        tmp_iv
  X:00BCH         SYMBOL        CBC_in
  -------         ENDDO         
  C:6D65H         LINE#         742
  C:6D70H         LINE#         745
  C:6D70H         LINE#         748
  C:6D76H         LINE#         754
  C:6D83H         LINE#         755
  C:6D86H         LINE#         757
  C:6D8CH         LINE#         758
  C:6D8CH         LINE#         759
  C:6DA8H         LINE#         760
  C:6DA8H         LINE#         761
  C:6DB6H         LINE#         762
  C:6DC9H         LINE#         763
BL51 BANKED LINKER/LOCATER V6.22                                                      11/23/2016  11:58:16  PAGE 96


  C:6DECH         LINE#         764
  C:6E00H         LINE#         765
  C:6E03H         LINE#         766
  C:6E03H         LINE#         769
  C:6E03H         LINE#         770
  C:6E1BH         LINE#         771
  C:6E24H         LINE#         772
  C:6E24H         LINE#         773
  C:6E40H         LINE#         774
  C:6E40H         LINE#         775
  C:6E45H         LINE#         776
  C:6E7EH         LINE#         777
  C:6E8DH         LINE#         778
  C:6EA5H         LINE#         779
  C:6EC8H         LINE#         780
  C:6EDCH         LINE#         781
  C:6EDFH         LINE#         782
  C:6EDFH         LINE#         784
  C:6EDFH         LINE#         785
  C:6EFBH         LINE#         786
  C:6EFBH         LINE#         787
  C:6F13H         LINE#         788
  C:6F19H         LINE#         789
  C:6F1EH         LINE#         790
  C:6F4FH         LINE#         791
  C:6F62H         LINE#         792
  C:6F85H         LINE#         793
  C:6F99H         LINE#         794
  C:6F9CH         LINE#         795
  C:6F9CH         LINE#         796
  C:6F9CH         LINE#         797
  C:6F9EH         LINE#         798
  -------         ENDPROC       _SM4_CRYPTO
  -------         PROC          SM4_CLOSE
  C:000AH         LINE#         800
  -------         ENDPROC       SM4_CLOSE
  -------         PROC          _SM4_VERSION
  D:0001H         SYMBOL        version
  C:A143H         LINE#         802
  C:A143H         LINE#         803
  C:A143H         LINE#         804
  C:A148H         LINE#         805
  C:A151H         LINE#         806
  C:A158H         LINE#         807
  -------         ENDPROC       _SM4_VERSION
  -------         ENDMOD        SM4

  -------         MODULE        BIGAPIASM
  C:A097H         SEGMENT       ?PR?_BIGAPIASM
  C:A0AEH         PUBLIC        _CLEAR_XDATA_BUFFER
  C:A097H         PUBLIC        _MOVE_XDATA_BUFFER
  D:0086H         SYMBOL        AUXR1
  C:A0B7H         SYMBOL        CLEAR_XDATA_BUFFER_1
  D:0083H         SYMBOL        DPH
  D:0085H         SYMBOL        DPH2
  D:0082H         SYMBOL        DPL
  D:0084H         SYMBOL        DPL2
BL51 BANKED LINKER/LOCATER V6.22                                                      11/23/2016  11:58:16  PAGE 97


  C:A0A3H         SYMBOL        MOVE_XDATA_BUFFER_1
  C:A097H         LINE#         19
  C:A099H         LINE#         20
  C:A09BH         LINE#         21
  C:A09DH         LINE#         22
  C:A09FH         LINE#         23
  C:A0A2H         LINE#         24
  C:A0A3H         LINE#         26
  C:A0A4H         LINE#         27
  C:A0A5H         LINE#         28
  C:A0A7H         LINE#         29
  C:A0A8H         LINE#         30
  C:A0A9H         LINE#         31
  C:A0ABH         LINE#         32
  C:A0ADH         LINE#         33
  C:A0AEH         LINE#         40
  C:A0B0H         LINE#         41
  C:A0B2H         LINE#         42
  C:A0B3H         LINE#         43
  C:A0B6H         LINE#         44
  C:A0B7H         LINE#         46
  C:A0B8H         LINE#         47
  C:A0B9H         LINE#         48
  C:A0BBH         LINE#         49
  -------         ENDMOD        BIGAPIASM

  -------         MODULE        ?C?FPADD
  C:23E1H         PUBLIC        ?C?FPADD
  C:23DDH         PUBLIC        ?C?FPSUB
  -------         ENDMOD        ?C?FPADD

  -------         MODULE        ?C?FPMUL
  C:24D2H         PUBLIC        ?C?FPMUL
  -------         ENDMOD        ?C?FPMUL

  -------         MODULE        ?C?FPDIV
  C:25DBH         PUBLIC        ?C?FPDIV
  -------         ENDMOD        ?C?FPDIV

  -------         MODULE        ?C?FPCMP
  C:267AH         PUBLIC        ?C?FPCMP
  C:2678H         PUBLIC        ?C?FPCMP3
  -------         ENDMOD        ?C?FPCMP

  -------         MODULE        ?C?FPNEG
  C:26E5H         PUBLIC        ?C?FPNEG
  -------         ENDMOD        ?C?FPNEG

  -------         MODULE        ?C?FCAST
  C:2700H         PUBLIC        ?C?FCASTC
  C:26FBH         PUBLIC        ?C?FCASTI
  C:26F6H         PUBLIC        ?C?FCASTL
  -------         ENDMOD        ?C?FCAST

  -------         MODULE        ?C?CASTF
  C:2734H         PUBLIC        ?C?CASTF
  -------         ENDMOD        ?C?CASTF
BL51 BANKED LINKER/LOCATER V6.22                                                      11/23/2016  11:58:16  PAGE 98



  -------         MODULE        FABS
  C:A354H         PUBLIC        _FABS
  -------         ENDMOD        FABS

  -------         MODULE        ?C?COPY
  C:2885H         PUBLIC        ?C?COPY
  -------         ENDMOD        ?C?COPY

  -------         MODULE        ?C?CLDPTR
  C:28ABH         PUBLIC        ?C?CLDPTR
  -------         ENDMOD        ?C?CLDPTR

  -------         MODULE        ?C?CLDOPTR
  C:28C4H         PUBLIC        ?C?CLDOPTR
  -------         ENDMOD        ?C?CLDOPTR

  -------         MODULE        ?C?CSTPTR
  C:28F1H         PUBLIC        ?C?CSTPTR
  -------         ENDMOD        ?C?CSTPTR

  -------         MODULE        ?C?CSTOPTR
  C:2903H         PUBLIC        ?C?CSTOPTR
  -------         ENDMOD        ?C?CSTOPTR

  -------         MODULE        ?C?IMUL
  C:2925H         PUBLIC        ?C?IMUL
  -------         ENDMOD        ?C?IMUL

  -------         MODULE        ?C?UIDIV
  C:2937H         PUBLIC        ?C?UIDIV
  -------         ENDMOD        ?C?UIDIV

  -------         MODULE        ?C?IILDX
  C:298CH         PUBLIC        ?C?IILDX
  -------         ENDMOD        ?C?IILDX

  -------         MODULE        ?C?ILDIX
  C:29A2H         PUBLIC        ?C?ILDIX
  -------         ENDMOD        ?C?ILDIX

  -------         MODULE        ?C?ILDPTR
  C:29B8H         PUBLIC        ?C?ILDPTR
  -------         ENDMOD        ?C?ILDPTR

  -------         MODULE        ?C?ISTPTR
  C:29E3H         PUBLIC        ?C?ISTPTR
  -------         ENDMOD        ?C?ISTPTR

  -------         MODULE        ?C?LMUL
  C:2A02H         PUBLIC        ?C?LMUL
  -------         ENDMOD        ?C?LMUL

  -------         MODULE        ?C?ULDIV
  C:2A8DH         PUBLIC        ?C?ULDIV
  -------         ENDMOD        ?C?ULDIV

BL51 BANKED LINKER/LOCATER V6.22                                                      11/23/2016  11:58:16  PAGE 99


  -------         MODULE        ?C?LNOT
  C:2B1FH         PUBLIC        ?C?LNOT
  -------         ENDMOD        ?C?LNOT

  -------         MODULE        ?C?LNEG
  C:2B2CH         PUBLIC        ?C?LNEG
  -------         ENDMOD        ?C?LNEG

  -------         MODULE        ?C?ULCMP
  C:2B3AH         PUBLIC        ?C?ULCMP
  -------         ENDMOD        ?C?ULCMP

  -------         MODULE        ?C?ULSHR
  C:2B4BH         PUBLIC        ?C?ULSHR
  -------         ENDMOD        ?C?ULSHR

  -------         MODULE        ?C?LSHL
  C:2B5EH         PUBLIC        ?C?LSHL
  -------         ENDMOD        ?C?LSHL

  -------         MODULE        ?C?LLDPTR
  C:2B71H         PUBLIC        ?C?LLDPTR
  -------         ENDMOD        ?C?LLDPTR

  -------         MODULE        ?C?LSTPTR
  C:2B91H         PUBLIC        ?C?LSTPTR
  -------         ENDMOD        ?C?LSTPTR

  -------         MODULE        ?C?LLDIDATA
  C:2BABH         PUBLIC        ?C?LLDIDATA
  -------         ENDMOD        ?C?LLDIDATA

  -------         MODULE        ?C?LLDCODE
  C:2BB7H         PUBLIC        ?C?LLDCODE
  -------         ENDMOD        ?C?LLDCODE

  -------         MODULE        ?C?LLDIDATA0
  C:2BC7H         PUBLIC        ?C?LLDIDATA0
  -------         ENDMOD        ?C?LLDIDATA0

  -------         MODULE        ?C?LSTIDATA
  C:2BD4H         PUBLIC        ?C?LSTIDATA
  -------         ENDMOD        ?C?LSTIDATA

  -------         MODULE        ?C?LSTXDATA
  C:2BE0H         PUBLIC        ?C?LSTXDATA
  -------         ENDMOD        ?C?LSTXDATA

  -------         MODULE        ?C?LSTKIDATA
  C:2BECH         PUBLIC        ?C?LSTKIDATA
  -------         ENDMOD        ?C?LSTKIDATA

  -------         MODULE        ?C?LSTKXDATA
  C:2C05H         PUBLIC        ?C?LSTKXDATA
  -------         ENDMOD        ?C?LSTKXDATA

  -------         MODULE        ?C?OFFXADD
BL51 BANKED LINKER/LOCATER V6.22                                                      11/23/2016  11:58:16  PAGE 100


  C:2C36H         PUBLIC        ?C?OFFXADD
  -------         ENDMOD        ?C?OFFXADD

  -------         MODULE        ABS
  C:A379H         PUBLIC        _ABS
  -------         ENDMOD        ABS

  -------         MODULE        ?C?MEMCMP
  C:2DC8H         PUBLIC        ?C?MEMCMP
  -------         ENDMOD        ?C?MEMCMP

  -------         MODULE        ?C?MEMSET
  C:2DECH         PUBLIC        ?C?MEMSET
  -------         ENDMOD        ?C?MEMSET

  -------         MODULE        ?C?LLDXDATA
  C:2E18H         PUBLIC        ?C?LLDXDATA
  -------         ENDMOD        ?C?LLDXDATA

  -------         MODULE        ?C?LLDPDATA
  C:2E24H         PUBLIC        ?C?LLDPDATA
  -------         ENDMOD        ?C?LLDPDATA

  -------         MODULE        ?C?LSTPDATA
  C:2E30H         PUBLIC        ?C?LSTPDATA
  -------         ENDMOD        ?C?LSTPDATA

Program Size: data=165.0 xdata=1996 code=41897
LINK/LOCATE RUN COMPLETE.  0 WARNING(S),  0 ERROR(S)
